Archive member included to satisfy reference by file (symbol)

c:/program files (x86)/atmel/studio/7.0/toolchain/arm/arm-gnu-toolchain/bin/../lib/gcc/arm-none-eabi/6.3.1/thumb/v7e-m\libgcc.a(_arm_addsubdf3.o)
                              src/main.o (__aeabi_dadd)
c:/program files (x86)/atmel/studio/7.0/toolchain/arm/arm-gnu-toolchain/bin/../lib/gcc/arm-none-eabi/6.3.1/thumb/v7e-m\libgcc.a(_arm_muldivdf3.o)
                              src/main.o (__aeabi_dmul)
c:/program files (x86)/atmel/studio/7.0/toolchain/arm/arm-gnu-toolchain/bin/../lib/gcc/arm-none-eabi/6.3.1/thumb/v7e-m\libgcc.a(_arm_truncdfsf2.o)
                              src/main.o (__aeabi_d2f)
c:/program files (x86)/atmel/studio/7.0/toolchain/arm/arm-gnu-toolchain/bin/../lib/gcc/arm-none-eabi/6.3.1/../../../../arm-none-eabi/lib/thumb/v7e-m\libc.a(lib_a-exit.o)
                              c:/program files (x86)/atmel/studio/7.0/toolchain/arm/arm-gnu-toolchain/bin/../lib/gcc/arm-none-eabi/6.3.1/../../../../arm-none-eabi/lib/thumb/v7e-m/crt0.o (exit)
c:/program files (x86)/atmel/studio/7.0/toolchain/arm/arm-gnu-toolchain/bin/../lib/gcc/arm-none-eabi/6.3.1/../../../../arm-none-eabi/lib/thumb/v7e-m\libc.a(lib_a-impure.o)
                              c:/program files (x86)/atmel/studio/7.0/toolchain/arm/arm-gnu-toolchain/bin/../lib/gcc/arm-none-eabi/6.3.1/../../../../arm-none-eabi/lib/thumb/v7e-m\libc.a(lib_a-exit.o) (_global_impure_ptr)
c:/program files (x86)/atmel/studio/7.0/toolchain/arm/arm-gnu-toolchain/bin/../lib/gcc/arm-none-eabi/6.3.1/../../../../arm-none-eabi/lib/thumb/v7e-m\libc.a(lib_a-init.o)
                              c:/program files (x86)/atmel/studio/7.0/toolchain/arm/arm-gnu-toolchain/bin/../lib/gcc/arm-none-eabi/6.3.1/../../../../arm-none-eabi/lib/thumb/v7e-m/crt0.o (__libc_init_array)
c:/program files (x86)/atmel/studio/7.0/toolchain/arm/arm-gnu-toolchain/bin/../lib/gcc/arm-none-eabi/6.3.1/../../../../arm-none-eabi/lib/thumb/v7e-m\libc.a(lib_a-memset.o)
                              c:/program files (x86)/atmel/studio/7.0/toolchain/arm/arm-gnu-toolchain/bin/../lib/gcc/arm-none-eabi/6.3.1/../../../../arm-none-eabi/lib/thumb/v7e-m/crt0.o (memset)
c:/program files (x86)/atmel/studio/7.0/toolchain/arm/arm-gnu-toolchain/bin/../lib/gcc/arm-none-eabi/6.3.1/../../../../arm-none-eabi/lib/thumb/v7e-m\libc.a(lib_a-sprintf.o)
                              src/main.o (sprintf)
c:/program files (x86)/atmel/studio/7.0/toolchain/arm/arm-gnu-toolchain/bin/../lib/gcc/arm-none-eabi/6.3.1/../../../../arm-none-eabi/lib/thumb/v7e-m\libc.a(lib_a-svfprintf.o)
                              c:/program files (x86)/atmel/studio/7.0/toolchain/arm/arm-gnu-toolchain/bin/../lib/gcc/arm-none-eabi/6.3.1/../../../../arm-none-eabi/lib/thumb/v7e-m\libc.a(lib_a-sprintf.o) (_svfprintf_r)
c:/program files (x86)/atmel/studio/7.0/toolchain/arm/arm-gnu-toolchain/bin/../lib/gcc/arm-none-eabi/6.3.1/../../../../arm-none-eabi/lib/thumb/v7e-m\libc.a(lib_a-__call_atexit.o)
                              c:/program files (x86)/atmel/studio/7.0/toolchain/arm/arm-gnu-toolchain/bin/../lib/gcc/arm-none-eabi/6.3.1/../../../../arm-none-eabi/lib/thumb/v7e-m\libc.a(lib_a-exit.o) (__call_exitprocs)
c:/program files (x86)/atmel/studio/7.0/toolchain/arm/arm-gnu-toolchain/bin/../lib/gcc/arm-none-eabi/6.3.1/../../../../arm-none-eabi/lib/thumb/v7e-m\libc.a(lib_a-atexit.o)
                              c:/program files (x86)/atmel/studio/7.0/toolchain/arm/arm-gnu-toolchain/bin/../lib/gcc/arm-none-eabi/6.3.1/../../../../arm-none-eabi/lib/thumb/v7e-m\libc.a(lib_a-__call_atexit.o) (atexit)
c:/program files (x86)/atmel/studio/7.0/toolchain/arm/arm-gnu-toolchain/bin/../lib/gcc/arm-none-eabi/6.3.1/../../../../arm-none-eabi/lib/thumb/v7e-m\libc.a(lib_a-dtoa.o)
                              c:/program files (x86)/atmel/studio/7.0/toolchain/arm/arm-gnu-toolchain/bin/../lib/gcc/arm-none-eabi/6.3.1/../../../../arm-none-eabi/lib/thumb/v7e-m\libc.a(lib_a-svfprintf.o) (_dtoa_r)
c:/program files (x86)/atmel/studio/7.0/toolchain/arm/arm-gnu-toolchain/bin/../lib/gcc/arm-none-eabi/6.3.1/../../../../arm-none-eabi/lib/thumb/v7e-m\libc.a(lib_a-fini.o)
                              c:/program files (x86)/atmel/studio/7.0/toolchain/arm/arm-gnu-toolchain/bin/../lib/gcc/arm-none-eabi/6.3.1/../../../../arm-none-eabi/lib/thumb/v7e-m\libc.a(lib_a-__call_atexit.o) (__libc_fini_array)
c:/program files (x86)/atmel/studio/7.0/toolchain/arm/arm-gnu-toolchain/bin/../lib/gcc/arm-none-eabi/6.3.1/../../../../arm-none-eabi/lib/thumb/v7e-m\libc.a(lib_a-localeconv.o)
                              c:/program files (x86)/atmel/studio/7.0/toolchain/arm/arm-gnu-toolchain/bin/../lib/gcc/arm-none-eabi/6.3.1/../../../../arm-none-eabi/lib/thumb/v7e-m\libc.a(lib_a-svfprintf.o) (_localeconv_r)
c:/program files (x86)/atmel/studio/7.0/toolchain/arm/arm-gnu-toolchain/bin/../lib/gcc/arm-none-eabi/6.3.1/../../../../arm-none-eabi/lib/thumb/v7e-m\libc.a(lib_a-lock.o)
[...]
Memory Configuration

Name             Origin             Length             Attributes
rom              0x00400000         0x00200000         xr
ram              0x20400000         0x00060000         xrw
*default*        0x00000000         0xffffffff

Linker script and memory map

LOAD c:/program files (x86)/atmel/studio/7.0/toolchain/arm/arm-gnu-toolchain/bin/../lib/gcc/arm-none-eabi/6.3.1/thumb/v7e-m/crti.o
LOAD c:/program files (x86)/atmel/studio/7.0/toolchain/arm/arm-gnu-toolchain/bin/../lib/gcc/arm-none-eabi/6.3.1/thumb/v7e-m/crtbegin.o
LOAD c:/program files (x86)/atmel/studio/7.0/toolchain/arm/arm-gnu-toolchain/bin/../lib/gcc/arm-none-eabi/6.3.1/../../../../arm-none-eabi/lib/thumb/v7e-m/crt0.o
LOAD src/ASF/sam/drivers/rtc/rtc.o
LOAD src/ASF/sam/drivers/rtt/rtt.o
LOAD src/main.o
LOAD src/ASF/common/services/delay/sam/cycle_counter.o
LOAD src/ASF/common/services/spi/sam_spi/spi_master.o
LOAD src/ASF/sam/components/display/ili9488/ili9488.o
LOAD src/ASF/sam/drivers/spi/spi.o
LOAD src/ASF/common/services/clock/same70/sysclk.o
LOAD src/ASF/common/utils/interrupt/interrupt_sam_nvic.o
LOAD src/ASF/sam/boards/same70_xplained/init.o
LOAD src/ASF/sam/drivers/mpu/mpu.o
LOAD src/ASF/sam/drivers/pio/pio.o
LOAD src/ASF/sam/drivers/pio/pio_handler.o
LOAD src/ASF/sam/drivers/pmc/pmc.o
LOAD src/ASF/sam/drivers/pmc/sleep.o
LOAD src/ASF/sam/utils/cmsis/same70/source/templates/gcc/startup_same70.o
LOAD src/ASF/sam/utils/cmsis/same70/source/templates/system_same70.o
LOAD src/ASF/sam/utils/syscalls/gcc/syscalls.o
START GROUP
LOAD ../src/ASF/thirdparty/CMSIS/Lib/GCC\libarm_cortexM7lfsp_math_softfp.a
LOAD c:/program files (x86)/atmel/studio/7.0/toolchain/arm/arm-gnu-toolchain/bin/../lib/gcc/arm-none-eabi/6.3.1/../../../../arm-none-eabi/lib/thumb/v7e-m\libm.a
END GROUP
START GROUP
LOAD c:/program files (x86)/atmel/studio/7.0/toolchain/arm/arm-gnu-toolchain/bin/../lib/gcc/arm-none-eabi/6.3.1/thumb/v7e-m\libgcc.a
LOAD c:/program files (x86)/atmel/studio/7.0/toolchain/arm/arm-gnu-toolchain/bin/../lib/gcc/arm-none-eabi/6.3.1/../../../../arm-none-eabi/lib/thumb/v7e-m\libc.a
END GROUP
LOAD c:/program files (x86)/atmel/studio/7.0/toolchain/arm/arm-gnu-toolchain/bin/../lib/gcc/arm-none-eabi/6.3.1/thumb/v7e-m/crtend.o
LOAD c:/program files (x86)/atmel/studio/7.0/toolchain/arm/arm-gnu-toolchain/bin/../lib/gcc/arm-none-eabi/6.3.1/thumb/v7e-m/crtn.o
                0x00002000                STACK_SIZE = DEFINED (STACK_SIZE)?STACK_SIZE:0x2000
                0x2045fffc                __ram_end__ = ((ORIGIN (ram) + LENGTH (ram)) - 0x4)
                0x00000200                HEAP_SIZE = DEFINED (HEAP_SIZE)?HEAP_SIZE:0x200

.text           0x00400000    0x34e44
                0x00400000                . = ALIGN (0x4)
                0x00400000                _sfixed = .
 *(.vectors .vectors.*)
 .vectors       0x00400000      0x168 src/ASF/sam/utils/cmsis/same70/source/templates/gcc/startup_same70.o
                0x00400000                exception_table
 *(.text .text.* .gnu.linkonce.t.*)
 .text          0x00400168       0x6c c:/program files (x86)/atmel/studio/7.0/toolchain/arm/arm-gnu-toolchain/bin/../lib/gcc/arm-none-eabi/6.3.1/thumb/v7e-m/crtbegin.o
 .text.rtc_set_hour_mode
                0x004001d4       0x36 src/ASF/sam/drivers/rtc/rtc.o
                0x004001d4                rtc_set_hour_mode
 .text.rtc_enable_interrupt
                0x0040020a       0x1c src/ASF/sam/drivers/rtc/rtc.o
                0x0040020a                rtc_enable_interrupt
 .text.rtc_get_time
                0x00400226       0xc4 src/ASF/sam/drivers/rtc/rtc.o
                0x00400226                rtc_get_time
 *fill*         0x004002ea        0x2 
 .text.rtc_set_time
                0x004002ec      0x108 src/ASF/sam/drivers/rtc/rtc.o
                0x004002ec                rtc_set_time
 .text.rtc_set_time_alarm
                0x004003f4      0x100 src/ASF/sam/drivers/rtc/rtc.o
                0x004003f4                rtc_set_time_alarm
 .text.rtc_set_date
                0x004004f4      0x140 src/ASF/sam/drivers/rtc/rtc.o
                0x004004f4                rtc_set_date
 .text.rtc_set_date_alarm
                0x00400634       0xb0 src/ASF/sam/drivers/rtc/rtc.o
                0x00400634                rtc_set_date_alarm
 .text.rtc_get_status
                0x004006e4       0x18 src/ASF/sam/drivers/rtc/rtc.o
                0x004006e4                rtc_get_status
 .text.rtc_clear_status
                0x004006fc       0x1c src/ASF/sam/drivers/rtc/rtc.o
                0x004006fc                rtc_clear_status
 .text.rtt_init
                0x00400718       0x30 src/ASF/sam/drivers/rtt/rtt.o
                0x00400718                rtt_init
 .text.rtt_sel_source
                0x00400748       0x58 src/ASF/sam/drivers/rtt/rtt.o
                0x00400748                rtt_sel_source
 .text.rtt_enable_interrupt
                0x004007a0       0x38 src/ASF/sam/drivers/rtt/rtt.o
                0x004007a0                rtt_enable_interrupt
 .text.rtt_disable_interrupt
                0x004007d8       0x40 src/ASF/sam/drivers/rtt/rtt.o
                0x004007d8                rtt_disable_interrupt
 .text.rtt_read_timer_value
                0x00400818       0x2e src/ASF/sam/drivers/rtt/rtt.o
                0x00400818                rtt_read_timer_value
 .text.rtt_get_status
                0x00400846       0x18 src/ASF/sam/drivers/rtt/rtt.o
                0x00400846                rtt_get_status
 *fill*         0x0040085e        0x2 
 .text.rtt_write_alarm_time
                0x00400860       0x5c src/ASF/sam/drivers/rtt/rtt.o
                0x00400860                rtt_write_alarm_time
 .text.NVIC_EnableIRQ
                0x004008bc       0x34 src/main.o
 .text.NVIC_DisableIRQ
                0x004008f0       0x34 src/main.o
 .text.NVIC_ClearPendingIRQ
                0x00400924       0x34 src/main.o
 .text.NVIC_SetPriority
                0x00400958       0x54 src/main.o
 .text.RTT_Handler
                0x004009ac       0x34 src/main.o
                0x004009ac                RTT_Handler
 .text.Button3_Handler
                0x004009e0       0x20 src/main.o
 .text.Button2_Handler
                0x00400a00       0x20 src/main.o
 .text.RTC_Handler
                0x00400a20       0xbc src/main.o
                0x00400a20                RTC_Handler
 .text.BUT3_init
                0x00400adc       0x6c src/main.o
                0x00400adc                BUT3_init
 .text.BUT2_init
                0x00400b48       0x6c src/main.o
                0x00400b48                BUT2_init
 .text.RTT_init
                0x00400bb4       0x98 src/main.o
 .text.RTC_init
                0x00400c4c       0x84 src/main.o
                0x00400c4c                RTC_init
 .text.configure_lcd
                0x00400cd0       0x4c src/main.o
                0x00400cd0                configure_lcd
 .text.font_draw_text
                0x00400d1c       0x88 src/main.o
                0x00400d1c                font_draw_text
 *fill*         0x00400da4        0x4 
 .text.calcula_velocidade_angular
                0x00400da8       0x68 src/main.o
                0x00400da8                calcula_velocidade_angular
 .text.main     0x00400e10      0x2a4 src/main.o
                0x00400e10                main
 .text.osc_get_rate
                0x004010b4       0x74 src/ASF/common/services/spi/sam_spi/spi_master.o
 .text.sysclk_get_main_hz
                0x00401128       0x20 src/ASF/common/services/spi/sam_spi/spi_master.o
 .text.sysclk_get_peripheral_hz
                0x00401148       0x14 src/ASF/common/services/spi/sam_spi/spi_master.o
 .text.spi_reset
                0x0040115c       0x1a src/ASF/common/services/spi/sam_spi/spi_master.o
 .text.spi_set_master_mode
                0x00401176       0x20 src/ASF/common/services/spi/sam_spi/spi_master.o
 .text.spi_set_fixed_peripheral_select
                0x00401196       0x20 src/ASF/common/services/spi/sam_spi/spi_master.o
 .text.spi_disable_peripheral_select_decode
                0x004011b6       0x20 src/ASF/common/services/spi/sam_spi/spi_master.o
 .text.spi_get_peripheral_select_decode_setting
                0x004011d6       0x26 src/ASF/common/services/spi/sam_spi/spi_master.o
 .text.spi_disable_mode_fault_detect
                0x004011fc       0x20 src/ASF/common/services/spi/sam_spi/spi_master.o
 .text.spi_disable_loopback
                0x0040121c       0x20 src/ASF/common/services/spi/sam_spi/spi_master.o
 .text.spi_put  0x0040123c       0x1e src/ASF/common/services/spi/sam_spi/spi_master.o
 .text.spi_get  0x0040125a       0x1a src/ASF/common/services/spi/sam_spi/spi_master.o
 .text.spi_is_tx_ready
                0x00401274       0x26 src/ASF/common/services/spi/sam_spi/spi_master.o
 .text.spi_is_rx_ready
                0x0040129a       0x2c src/ASF/common/services/spi/sam_spi/spi_master.o
 *fill*         0x004012c6        0x2 
 .text.spi_write_single
                0x004012c8       0x24 src/ASF/common/services/spi/sam_spi/spi_master.o
 .text.spi_read_single
                0x004012ec       0x24 src/ASF/common/services/spi/sam_spi/spi_master.o
 .text.spi_master_init
                0x00401310       0x70 src/ASF/common/services/spi/sam_spi/spi_master.o
                0x00401310                spi_master_init
 .text.spi_master_setup_device
                0x00401380       0xb4 src/ASF/common/services/spi/sam_spi/spi_master.o
                0x00401380                spi_master_setup_device
 .text.spi_select_device
                0x00401434       0x58 src/ASF/common/services/spi/sam_spi/spi_master.o
                0x00401434                spi_select_device
 .text.spi_write_packet
                0x0040148c       0x74 src/ASF/common/services/spi/sam_spi/spi_master.o
                0x0040148c                spi_write_packet
 .text.spi_read_packet
                0x00401500       0xac src/ASF/common/services/spi/sam_spi/spi_master.o
                0x00401500                spi_read_packet
 .text.spi_enable
                0x004015ac       0x1a src/ASF/sam/components/display/ili9488/ili9488.o
 .text.spi_enable_interrupt
                0x004015c6       0x1c src/ASF/sam/components/display/ili9488/ili9488.o
 *fill*         0x004015e2        0x2 
 .text.ili9488_write_ram_prepare
                0x004015e4       0x40 src/ASF/sam/components/display/ili9488/ili9488.o
 .text.ili9488_write_ram_buffer
                0x00401624       0x40 src/ASF/sam/components/display/ili9488/ili9488.o
 .text.ili9488_write_register
                0x00401664       0x78 src/ASF/sam/components/display/ili9488/ili9488.o
 .text.ili9488_read_chipid
                0x004016dc       0xcc src/ASF/sam/components/display/ili9488/ili9488.o
 .text.ili9488_delay
                0x004017a8       0x40 src/ASF/sam/components/display/ili9488/ili9488.o
                0x004017a8                ili9488_delay
 .text.ili9488_check_box_coordinates
                0x004017e8       0xa2 src/ASF/sam/components/display/ili9488/ili9488.o
 *fill*         0x0040188a        0x2 
 .text.ili9488_set_display_direction
                0x0040188c       0x34 src/ASF/sam/components/display/ili9488/ili9488.o
                0x0040188c                ili9488_set_display_direction
 .text.ili9488_set_window
                0x004018c0       0xc8 src/ASF/sam/components/display/ili9488/ili9488.o
                0x004018c0                ili9488_set_window
 .text.ili9488_init
                0x00401988      0x15c src/ASF/sam/components/display/ili9488/ili9488.o
                0x00401988                ili9488_init
 .text.ili9488_display_on
                0x00401ae4       0x18 src/ASF/sam/components/display/ili9488/ili9488.o
                0x00401ae4                ili9488_display_on
 .text.ili9488_set_foreground_color
                0x00401afc       0x54 src/ASF/sam/components/display/ili9488/ili9488.o
                0x00401afc                ili9488_set_foreground_color
 .text.ili9488_set_cursor_position
                0x00401b50       0x84 src/ASF/sam/components/display/ili9488/ili9488.o
                0x00401b50                ili9488_set_cursor_position
 .text.ili9488_draw_filled_rectangle
                0x00401bd4       0xdc src/ASF/sam/components/display/ili9488/ili9488.o
                0x00401bd4                ili9488_draw_filled_rectangle
 .text.ili9488_draw_pixmap
                0x00401cb0       0xb4 src/ASF/sam/components/display/ili9488/ili9488.o
                0x00401cb0                ili9488_draw_pixmap
 .text.spi_get_peripheral_select_mode
                0x00401d64       0x26 src/ASF/sam/drivers/spi/spi.o
 *fill*         0x00401d8a        0x2 
 .text.sysclk_enable_peripheral_clock
                0x00401d8c       0x1c src/ASF/sam/drivers/spi/spi.o
 .text.spi_enable_clock
                0x00401da8       0x3c src/ASF/sam/drivers/spi/spi.o
                0x00401da8                spi_enable_clock
 .text.spi_set_peripheral_chip_select_value
                0x00401de4       0x34 src/ASF/sam/drivers/spi/spi.o
                0x00401de4                spi_set_peripheral_chip_select_value
 .text.spi_set_delay_between_chip_select
                0x00401e18       0x30 src/ASF/sam/drivers/spi/spi.o
                0x00401e18                spi_set_delay_between_chip_select
 .text.spi_write
                0x00401e48       0x80 src/ASF/sam/drivers/spi/spi.o
                0x00401e48                spi_write
 .text.spi_set_clock_polarity
                0x00401ec8       0x50 src/ASF/sam/drivers/spi/spi.o
                0x00401ec8                spi_set_clock_polarity
 .text.spi_set_clock_phase
                0x00401f18       0x50 src/ASF/sam/drivers/spi/spi.o
                0x00401f18                spi_set_clock_phase
 .text.spi_configure_cs_behavior
                0x00401f68       0xa6 src/ASF/sam/drivers/spi/spi.o
                0x00401f68                spi_configure_cs_behavior
 .text.spi_set_bits_per_transfer
                0x0040200e       0x4a src/ASF/sam/drivers/spi/spi.o
                0x0040200e                spi_set_bits_per_transfer
 .text.spi_calc_baudrate_div
                0x00402058       0x3c src/ASF/sam/drivers/spi/spi.o
                0x00402058                spi_calc_baudrate_div
 .text.spi_set_baudrate_div
                0x00402094       0x5e src/ASF/sam/drivers/spi/spi.o
                0x00402094                spi_set_baudrate_div
 .text.spi_set_transfer_delay
                0x004020f2       0x5e src/ASF/sam/drivers/spi/spi.o
                0x004020f2                spi_set_transfer_delay
 .text.osc_enable
                0x00402150       0x88 src/ASF/common/services/clock/same70/sysclk.o
 .text.osc_is_ready
                0x004021d8       0x70 src/ASF/common/services/clock/same70/sysclk.o
 .text.osc_get_rate
                0x00402248       0x74 src/ASF/common/services/clock/same70/sysclk.o
 .text.osc_wait_ready
                0x004022bc       0x2c src/ASF/common/services/clock/same70/sysclk.o
 .text.pll_config_init
                0x004022e8       0x6c src/ASF/common/services/clock/same70/sysclk.o
 .text.pll_enable
                0x00402354       0x40 src/ASF/common/services/clock/same70/sysclk.o
 .text.pll_is_locked
                0x00402394       0x2c src/ASF/common/services/clock/same70/sysclk.o
 .text.pll_enable_source
                0x004023c0       0x38 src/ASF/common/services/clock/same70/sysclk.o
 .text.pll_wait_for_lock
                0x004023f8       0x24 src/ASF/common/services/clock/same70/sysclk.o
 .text.sysclk_get_main_hz
                0x0040241c       0x20 src/ASF/common/services/clock/same70/sysclk.o
 .text.sysclk_get_cpu_hz
                0x0040243c       0x14 src/ASF/common/services/clock/same70/sysclk.o
 .text.sysclk_init
                0x00402450       0x7c src/ASF/common/services/clock/same70/sysclk.o
                0x00402450                sysclk_init
 .text.SCB_EnableICache
                0x004024cc       0x38 src/ASF/sam/boards/same70_xplained/init.o
 .text.SCB_EnableDCache
                0x00402504       0xa4 src/ASF/sam/boards/same70_xplained/init.o
 .text.sysclk_enable_peripheral_clock
                0x004025a8       0x1c src/ASF/sam/boards/same70_xplained/init.o
 .text.ioport_init
                0x004025c4       0x2c src/ASF/sam/boards/same70_xplained/init.o
 .text.ioport_set_pin_mode
                0x004025f0      0x11c src/ASF/sam/boards/same70_xplained/init.o
 .text.ioport_set_pin_dir
                0x0040270c       0x88 src/ASF/sam/boards/same70_xplained/init.o
 .text.ioport_set_pin_level
                0x00402794       0x6c src/ASF/sam/boards/same70_xplained/init.o
 .text.ioport_set_pin_sense_mode
                0x00402800       0xd0 src/ASF/sam/boards/same70_xplained/init.o
 .text.tcm_disable
                0x004028d0       0x44 src/ASF/sam/boards/same70_xplained/init.o
 .text.board_init
                0x00402914      0x188 src/ASF/sam/boards/same70_xplained/init.o
                0x00402914                board_init
 .text.pio_pull_up
                0x00402a9c       0x2c src/ASF/sam/drivers/pio/pio.o
                0x00402a9c                pio_pull_up
 .text.pio_set  0x00402ac8       0x1c src/ASF/sam/drivers/pio/pio.o
                0x00402ac8                pio_set
 .text.pio_set_peripheral
                0x00402ae4      0x110 src/ASF/sam/drivers/pio/pio.o
                0x00402ae4                pio_set_peripheral
 .text.pio_set_input
                0x00402bf4       0x80 src/ASF/sam/drivers/pio/pio.o
                0x00402bf4                pio_set_input
 .text.pio_set_output
                0x00402c74       0x64 src/ASF/sam/drivers/pio/pio.o
                0x00402c74                pio_set_output
 .text.pio_configure
                0x00402cd8       0xcc src/ASF/sam/drivers/pio/pio.o
                0x00402cd8                pio_configure
 .text.pio_configure_interrupt
                0x00402da4       0x6c src/ASF/sam/drivers/pio/pio.o
                0x00402da4                pio_configure_interrupt
 .text.pio_enable_interrupt
                0x00402e10       0x1c src/ASF/sam/drivers/pio/pio.o
                0x00402e10                pio_enable_interrupt
 .text.pio_disable_interrupt
                0x00402e2c       0x1c src/ASF/sam/drivers/pio/pio.o
                0x00402e2c                pio_disable_interrupt
 .text.pio_get_interrupt_status
                0x00402e48       0x18 src/ASF/sam/drivers/pio/pio.o
                0x00402e48                pio_get_interrupt_status
 .text.pio_get_interrupt_mask
                0x00402e60       0x18 src/ASF/sam/drivers/pio/pio.o
                0x00402e60                pio_get_interrupt_mask
 .text.pio_set_pin_high
                0x00402e78       0x30 src/ASF/sam/drivers/pio/pio.o
                0x00402e78                pio_set_pin_high
 .text.pio_set_pin_low
                0x00402ea8       0x30 src/ASF/sam/drivers/pio/pio.o
                0x00402ea8                pio_set_pin_low
 .text.pio_configure_pin
                0x00402ed8      0x1b0 src/ASF/sam/drivers/pio/pio.o
                0x00402ed8                pio_configure_pin
 .text.pio_get_pin_group
                0x00403088       0x28 src/ASF/sam/drivers/pio/pio.o
                0x00403088                pio_get_pin_group
 .text.pio_handler_process
                0x004030b0       0xb4 src/ASF/sam/drivers/pio/pio_handler.o
                0x004030b0                pio_handler_process
 .text.pio_handler_set
                0x00403164       0xa0 src/ASF/sam/drivers/pio/pio_handler.o
                0x00403164                pio_handler_set
 .text.PIOA_Handler
                0x00403204       0x18 src/ASF/sam/drivers/pio/pio_handler.o
                0x00403204                PIOA_Handler
 .text.PIOB_Handler
                0x0040321c       0x18 src/ASF/sam/drivers/pio/pio_handler.o
                0x0040321c                PIOB_Handler
 .text.PIOC_Handler
                0x00403234       0x18 src/ASF/sam/drivers/pio/pio_handler.o
                0x00403234                PIOC_Handler
 .text.PIOD_Handler
                0x0040324c       0x18 src/ASF/sam/drivers/pio/pio_handler.o
                0x0040324c                PIOD_Handler
 .text.PIOE_Handler
                0x00403264       0x18 src/ASF/sam/drivers/pio/pio_handler.o
                0x00403264                PIOE_Handler
 .text.pmc_mck_set_division
                0x0040327c       0x7c src/ASF/sam/drivers/pmc/pmc.o
                0x0040327c                pmc_mck_set_division
 .text.pmc_switch_mck_to_pllack
                0x004032f8       0x84 src/ASF/sam/drivers/pmc/pmc.o
                0x004032f8                pmc_switch_mck_to_pllack
 .text.pmc_switch_sclk_to_32kxtal
                0x0040337c       0x38 src/ASF/sam/drivers/pmc/pmc.o
                0x0040337c                pmc_switch_sclk_to_32kxtal
 .text.pmc_osc_is_ready_32kxtal
                0x004033b4       0x34 src/ASF/sam/drivers/pmc/pmc.o
                0x004033b4                pmc_osc_is_ready_32kxtal
 .text.pmc_switch_mainck_to_fastrc
                0x004033e8       0x70 src/ASF/sam/drivers/pmc/pmc.o
                0x004033e8                pmc_switch_mainck_to_fastrc
 .text.pmc_switch_mainck_to_xtal
                0x00403458       0x78 src/ASF/sam/drivers/pmc/pmc.o
                0x00403458                pmc_switch_mainck_to_xtal
 .text.pmc_osc_is_ready_mainck
                0x004034d0       0x1c src/ASF/sam/drivers/pmc/pmc.o
                0x004034d0                pmc_osc_is_ready_mainck
 .text.pmc_disable_pllack
                0x004034ec       0x1c src/ASF/sam/drivers/pmc/pmc.o
                0x004034ec                pmc_disable_pllack
 .text.pmc_is_locked_pllack
                0x00403508       0x1c src/ASF/sam/drivers/pmc/pmc.o
                0x00403508                pmc_is_locked_pllack
 .text.pmc_is_locked_upll
                0x00403524       0x1c src/ASF/sam/drivers/pmc/pmc.o
                0x00403524                pmc_is_locked_upll
 .text.pmc_enable_periph_clk
                0x00403540       0x3c src/ASF/sam/drivers/pmc/pmc.o
                0x00403540                pmc_enable_periph_clk
 .text.cpu_irq_save
                0x0040357c       0x38 src/ASF/sam/utils/cmsis/same70/source/templates/gcc/startup_same70.o
 .text.cpu_irq_is_enabled_flags
                0x004035b4       0x20 src/ASF/sam/utils/cmsis/same70/source/templates/gcc/startup_same70.o
 .text.cpu_irq_restore
                0x004035d4       0x30 src/ASF/sam/utils/cmsis/same70/source/templates/gcc/startup_same70.o
 .text.Reset_Handler
                0x00403604       0xb0 src/ASF/sam/utils/cmsis/same70/source/templates/gcc/startup_same70.o
                0x00403604                Reset_Handler
 .text.Dummy_Handler
                0x004036b4        0x6 src/ASF/sam/utils/cmsis/same70/source/templates/gcc/startup_same70.o
                0x004036b4                DACC_Handler
                0x004036b4                DebugMon_Handler
                0x004036b4                UART3_Handler
                0x004036b4                UART2_Handler
                0x004036b4                TRNG_Handler
                0x004036b4                HardFault_Handler
                0x004036b4                TC2_Handler
                0x004036b4                SysTick_Handler
                0x004036b4                AFEC1_Handler
                0x004036b4                PendSV_Handler
                0x004036b4                NMI_Handler
                0x004036b4                TC7_Handler
                0x004036b4                QSPI_Handler
                0x004036b4                ISI_Handler
                0x004036b4                MCAN0_INT0_Handler
                0x004036b4                TC9_Handler
                0x004036b4                RSWDT_Handler
                0x004036b4                USART0_Handler
                0x004036b4                USBHS_Handler
                0x004036b4                IXC_Handler
                0x004036b4                CCF_Handler
                0x004036b4                UsageFault_Handler
                0x004036b4                TC6_Handler
                0x004036b4                WDT_Handler
                0x004036b4                MCAN1_INT1_Handler
                0x004036b4                TC4_Handler
                0x004036b4                TC1_Handler
                0x004036b4                HSMCI_Handler
                0x004036b4                UART1_Handler
                0x004036b4                TC3_Handler
                0x004036b4                Dummy_Handler
                0x004036b4                TWIHS1_Handler
                0x004036b4                XDMAC_Handler
                0x004036b4                UART4_Handler
                0x004036b4                PWM1_Handler
                0x004036b4                USART1_Handler
                0x004036b4                PWM0_Handler
                0x004036b4                AFEC0_Handler
                0x004036b4                CCW_Handler
                0x004036b4                TC11_Handler
                0x004036b4                SSC_Handler
                0x004036b4                ACC_Handler
                0x004036b4                PMC_Handler
                0x004036b4                GMAC_Handler
                0x004036b4                MCAN0_INT1_Handler
                0x004036b4                GMAC_Q5_Handler
                0x004036b4                MemManage_Handler
                0x004036b4                SUPC_Handler
                0x004036b4                SVC_Handler
                0x004036b4                TC8_Handler
                0x004036b4                MCAN1_INT0_Handler
                0x004036b4                EFC_Handler
                0x004036b4                GMAC_Q1_Handler
                0x004036b4                USART2_Handler
                0x004036b4                SDRAMC_Handler
                0x004036b4                GMAC_Q2_Handler
                0x004036b4                SPI1_Handler
                0x004036b4                TC10_Handler
                0x004036b4                GMAC_Q3_Handler
                0x004036b4                TWIHS2_Handler
                0x004036b4                I2SC0_Handler
                0x004036b4                UART0_Handler
                0x004036b4                I2SC1_Handler
                0x004036b4                GMAC_Q4_Handler
                0x004036b4                FPU_Handler
                0x004036b4                BusFault_Handler
                0x004036b4                RSTC_Handler
                0x004036b4                TC0_Handler
                0x004036b4                TC5_Handler
                0x004036b4                AES_Handler
                0x004036b4                ICM_Handler
                0x004036b4                TWIHS0_Handler
                0x004036b4                SPI0_Handler
 *fill*         0x004036ba        0x2 
 .text.SystemCoreClockUpdate
                0x004036bc      0x168 src/ASF/sam/utils/cmsis/same70/source/templates/system_same70.o
                0x004036bc                SystemCoreClockUpdate
 .text.system_init_flash
                0x00403824       0xb0 src/ASF/sam/utils/cmsis/same70/source/templates/system_same70.o
                0x00403824                system_init_flash
 .text._sbrk    0x004038d4       0x58 src/ASF/sam/utils/syscalls/gcc/syscalls.o
                0x004038d4                _sbrk
 .text          0x0040392c      0x370 c:/program files (x86)/atmel/studio/7.0/toolchain/arm/arm-gnu-toolchain/bin/../lib/gcc/arm-none-eabi/6.3.1/thumb/v7e-m\libgcc.a(_arm_addsubdf3.o)
                0x0040392c                __aeabi_drsub
                0x00403934                __aeabi_dsub
                0x00403934                __subdf3
                0x00403938                __aeabi_dadd
                0x00403938                __adddf3
                0x00403bb0                __floatunsidf
                0x00403bb0                __aeabi_ui2d
                0x00403bd0                __floatsidf
                0x00403bd0                __aeabi_i2d
                0x00403bf4                __aeabi_f2d
                0x00403bf4                __extendsfdf2
                0x00403c30                __floatundidf
                0x00403c30                __aeabi_ul2d
                0x00403c40                __floatdidf
                0x00403c40                __aeabi_l2d
 .text          0x00403c9c      0x424 c:/program files (x86)/atmel/studio/7.0/toolchain/arm/arm-gnu-toolchain/bin/../lib/gcc/arm-none-eabi/6.3.1/thumb/v7e-m\libgcc.a(_arm_muldivdf3.o)
                0x00403c9c                __aeabi_dmul
                0x00403c9c                __muldf3
                0x00403ef0                __divdf3
                0x00403ef0                __aeabi_ddiv
 .text          0x004040c0       0xa0 c:/program files (x86)/atmel/studio/7.0/toolchain/arm/arm-gnu-toolchain/bin/../lib/gcc/arm-none-eabi/6.3.1/thumb/v7e-m\libgcc.a(_arm_truncdfsf2.o)
                0x004040c0                __truncdfsf2
                0x004040c0                __aeabi_d2f
 .text.__libc_init_array
                0x00404160       0x50 c:/program files (x86)/atmel/studio/7.0/toolchain/arm/arm-gnu-toolchain/bin/../lib/gcc/arm-none-eabi/6.3.1/../../../../arm-none-eabi/lib/thumb/v7e-m\libc.a(lib_a-init.o)
                0x00404160                __libc_init_array
 .text.memset   0x004041b0       0x9c c:/program files (x86)/atmel/studio/7.0/toolchain/arm/arm-gnu-toolchain/bin/../lib/gcc/arm-none-eabi/6.3.1/../../../../arm-none-eabi/lib/thumb/v7e-m\libc.a(lib_a-memset.o)
                0x004041b0                memset
 .text.sprintf  0x0040424c       0x4c c:/program files (x86)/atmel/studio/7.0/toolchain/arm/arm-gnu-toolchain/bin/../lib/gcc/arm-none-eabi/6.3.1/../../../../arm-none-eabi/lib/thumb/v7e-m\libc.a(lib_a-sprintf.o)
                0x0040424c                sprintf
 .text._svfprintf_r
                0x00404298     0x145c c:/program files (x86)/atmel/studio/7.0/toolchain/arm/arm-gnu-toolchain/bin/../lib/gcc/arm-none-eabi/6.3.1/../../../../arm-none-eabi/lib/thumb/v7e-m\libc.a(lib_a-svfprintf.o)
                0x00404298                _svfprintf_r
 .text.startup.register_fini
                0x004056f4       0x14 c:/program files (x86)/atmel/studio/7.0/toolchain/arm/arm-gnu-toolchain/bin/../lib/gcc/arm-none-eabi/6.3.1/../../../../arm-none-eabi/lib/thumb/v7e-m\libc.a(lib_a-__call_atexit.o)
 .text.atexit   0x00405708        0xc c:/program files (x86)/atmel/studio/7.0/toolchain/arm/arm-gnu-toolchain/bin/../lib/gcc/arm-none-eabi/6.3.1/../../../../arm-none-eabi/lib/thumb/v7e-m\libc.a(lib_a-atexit.o)
                0x00405708                atexit
 .text.quorem   0x00405714      0x128 c:/program files (x86)/atmel/studio/7.0/toolchain/arm/arm-gnu-toolchain/bin/../lib/gcc/arm-none-eabi/6.3.1/../../../../arm-none-eabi/lib/thumb/v7e-m\libc.a(lib_a-dtoa.o)
 *fill*         0x0040583c        0x4 
 .text._dtoa_r  0x00405840      0xe54 c:/program files (x86)/atmel/studio/7.0/toolchain/arm/arm-gnu-toolchain/bin/../lib/gcc/arm-none-eabi/6.3.1/../../../../arm-none-eabi/lib/thumb/v7e-m\libc.a(lib_a-dtoa.o)
                0x00405840                _dtoa_r
 .text.__libc_fini_array
                0x00406694       0x34 c:/program files (x86)/atmel/studio/7.0/toolchain/arm/arm-gnu-toolchain/bin/../lib/gcc/arm-none-eabi/6.3.1/../../../../arm-none-eabi/lib/thumb/v7e-m\libc.a(lib_a-fini.o)
                0x00406694                __libc_fini_array
 .text._localeconv_r
                0x004066c8       0x1c c:/program files (x86)/atmel/studio/7.0/toolchain/arm/arm-gnu-toolchain/bin/../lib/gcc/arm-none-eabi/6.3.1/../../../../arm-none-eabi/lib/thumb/v7e-m\libc.a(lib_a-localeconv.o)
                0x004066c8                _localeconv_r
 .text.__retarget_lock_acquire_recursive
                0x004066e4        0x4 c:/program files (x86)/atmel/studio/7.0/toolchain/arm/arm-gnu-toolchain/bin/../lib/gcc/arm-none-eabi/6.3.1/../../../../arm-none-eabi/lib/thumb/v7e-m\libc.a(lib_a-lock.o)
                0x004066e4                __retarget_lock_acquire_recursive
 .text.__retarget_lock_release_recursive
                0x004066e8        0x4 c:/program files (x86)/atmel/studio/7.0/toolchain/arm/arm-gnu-toolchain/bin/../lib/gcc/arm-none-eabi/6.3.1/../../../../arm-none-eabi/lib/thumb/v7e-m\libc.a(lib_a-lock.o)
                0x004066e8                __retarget_lock_release_recursive
 .text._malloc_r
                0x004066ec      0x560 c:/program files (x86)/atmel/studio/7.0/toolchain/arm/arm-gnu-toolchain/bin/../lib/gcc/arm-none-eabi/6.3.1/../../../../arm-none-eabi/lib/thumb/v7e-m\libc.a(lib_a-mallocr.o)
                0x004066ec                _malloc_r
 *fill*         0x00406c4c        0x4 
 .text          0x00406c50       0xa0 c:/program files (x86)/atmel/studio/7.0/toolchain/arm/arm-gnu-toolchain/bin/../lib/gcc/arm-none-eabi/6.3.1/../../../../arm-none-eabi/lib/thumb/v7e-m\libc.a(lib_a-memchr.o)
                0x00406c50                memchr
 .text          0x00406cf0      0x134 c:/program files (x86)/atmel/studio/7.0/toolchain/arm/arm-gnu-toolchain/bin/../lib/gcc/arm-none-eabi/6.3.1/../../../../arm-none-eabi/lib/thumb/v7e-m\libc.a(lib_a-memcpy.o)
                0x00406cf0                memcpy
 .text.__malloc_lock
                0x00406e24        0xc c:/program files (x86)/atmel/studio/7.0/toolchain/arm/arm-gnu-toolchain/bin/../lib/gcc/arm-none-eabi/6.3.1/../../../../arm-none-eabi/lib/thumb/v7e-m\libc.a(lib_a-mlock.o)
                0x00406e24                __malloc_lock
 .text.__malloc_unlock
                0x00406e30        0xc c:/program files (x86)/atmel/studio/7.0/toolchain/arm/arm-gnu-toolchain/bin/../lib/gcc/arm-none-eabi/6.3.1/../../../../arm-none-eabi/lib/thumb/v7e-m\libc.a(lib_a-mlock.o)
                0x00406e30                __malloc_unlock
 .text._Balloc  0x00406e3c       0x4c c:/program files (x86)/atmel/studio/7.0/toolchain/arm/arm-gnu-toolchain/bin/../lib/gcc/arm-none-eabi/6.3.1/../../../../arm-none-eabi/lib/thumb/v7e-m\libc.a(lib_a-mprec.o)
                0x00406e3c                _Balloc
 .text._Bfree   0x00406e88       0x14 c:/program files (x86)/atmel/studio/7.0/toolchain/arm/arm-gnu-toolchain/bin/../lib/gcc/arm-none-eabi/6.3.1/../../../../arm-none-eabi/lib/thumb/v7e-m\libc.a(lib_a-mprec.o)
                0x00406e88                _Bfree
 .text.__multadd
                0x00406e9c       0x80 c:/program files (x86)/atmel/studio/7.0/toolchain/arm/arm-gnu-toolchain/bin/../lib/gcc/arm-none-eabi/6.3.1/../../../../arm-none-eabi/lib/thumb/v7e-m\libc.a(lib_a-mprec.o)
                0x00406e9c                __multadd
 .text.__hi0bits
                0x00406f1c       0x40 c:/program files (x86)/atmel/studio/7.0/toolchain/arm/arm-gnu-toolchain/bin/../lib/gcc/arm-none-eabi/6.3.1/../../../../arm-none-eabi/lib/thumb/v7e-m\libc.a(lib_a-mprec.o)
                0x00406f1c                __hi0bits
 .text.__lo0bits
                0x00406f5c       0x60 c:/program files (x86)/atmel/studio/7.0/toolchain/arm/arm-gnu-toolchain/bin/../lib/gcc/arm-none-eabi/6.3.1/../../../../arm-none-eabi/lib/thumb/v7e-m\libc.a(lib_a-mprec.o)
                0x00406f5c                __lo0bits
 .text.__i2b    0x00406fbc       0x14 c:/program files (x86)/atmel/studio/7.0/toolchain/arm/arm-gnu-toolchain/bin/../lib/gcc/arm-none-eabi/6.3.1/../../../../arm-none-eabi/lib/thumb/v7e-m\libc.a(lib_a-mprec.o)
                0x00406fbc                __i2b
 .text.__multiply
                0x00406fd0      0x124 c:/program files (x86)/atmel/studio/7.0/toolchain/arm/arm-gnu-toolchain/bin/../lib/gcc/arm-none-eabi/6.3.1/../../../../arm-none-eabi/lib/thumb/v7e-m\libc.a(lib_a-mprec.o)
                0x00406fd0                __multiply
 .text.__pow5mult
                0x004070f4       0xa0 c:/program files (x86)/atmel/studio/7.0/toolchain/arm/arm-gnu-toolchain/bin/../lib/gcc/arm-none-eabi/6.3.1/../../../../arm-none-eabi/lib/thumb/v7e-m\libc.a(lib_a-mprec.o)
                0x004070f4                __pow5mult
 .text.__lshift
                0x00407194       0xa4 c:/program files (x86)/atmel/studio/7.0/toolchain/arm/arm-gnu-toolchain/bin/../lib/gcc/arm-none-eabi/6.3.1/../../../../arm-none-eabi/lib/thumb/v7e-m\libc.a(lib_a-mprec.o)
                0x00407194                __lshift
 .text.__mcmp   0x00407238       0x38 c:/program files (x86)/atmel/studio/7.0/toolchain/arm/arm-gnu-toolchain/bin/../lib/gcc/arm-none-eabi/6.3.1/../../../../arm-none-eabi/lib/thumb/v7e-m\libc.a(lib_a-mprec.o)
                0x00407238                __mcmp
 .text.__mdiff  0x00407270      0x108 c:/program files (x86)/atmel/studio/7.0/toolchain/arm/arm-gnu-toolchain/bin/../lib/gcc/arm-none-eabi/6.3.1/../../../../arm-none-eabi/lib/thumb/v7e-m\libc.a(lib_a-mprec.o)
                0x00407270                __mdiff
 .text.__d2b    0x00407378       0xb8 c:/program files (x86)/atmel/studio/7.0/toolchain/arm/arm-gnu-toolchain/bin/../lib/gcc/arm-none-eabi/6.3.1/../../../../arm-none-eabi/lib/thumb/v7e-m\libc.a(lib_a-mprec.o)
                0x00407378                __d2b
 .text._sbrk_r  0x00407430       0x24 c:/program files (x86)/atmel/studio/7.0/toolchain/arm/arm-gnu-toolchain/bin/../lib/gcc/arm-none-eabi/6.3.1/../../../../arm-none-eabi/lib/thumb/v7e-m\libc.a(lib_a-sbrkr.o)
                0x00407430                _sbrk_r
 *fill*         0x00407454       0x2c 
 .text          0x00407480       0xdc c:/program files (x86)/atmel/studio/7.0/toolchain/arm/arm-gnu-toolchain/bin/../lib/gcc/arm-none-eabi/6.3.1/../../../../arm-none-eabi/lib/thumb/v7e-m\libc.a(lib_a-strlen.o)
                0x00407480                strlen
 .text.__ssprint_r
                0x0040755c       0xfc c:/program files (x86)/atmel/studio/7.0/toolchain/arm/arm-gnu-toolchain/bin/../lib/gcc/arm-none-eabi/6.3.1/../../../../arm-none-eabi/lib/thumb/v7e-m\libc.a(lib_a-svfiprintf.o)
                0x0040755c                __ssprint_r
 .text.__register_exitproc
                0x00407658       0xc4 c:/program files (x86)/atmel/studio/7.0/toolchain/arm/arm-gnu-toolchain/bin/../lib/gcc/arm-none-eabi/6.3.1/../../../../arm-none-eabi/lib/thumb/v7e-m\libc.a(lib_a-__atexit.o)
                0x00407658                __register_exitproc
 .text._calloc_r
                0x0040771c       0x60 c:/program files (x86)/atmel/studio/7.0/toolchain/arm/arm-gnu-toolchain/bin/../lib/gcc/arm-none-eabi/6.3.1/../../../../arm-none-eabi/lib/thumb/v7e-m\libc.a(lib_a-callocr.o)
                0x0040771c                _calloc_r
 .text._malloc_trim_r
                0x0040777c       0xa0 c:/program files (x86)/atmel/studio/7.0/toolchain/arm/arm-gnu-toolchain/bin/../lib/gcc/arm-none-eabi/6.3.1/../../../../arm-none-eabi/lib/thumb/v7e-m\libc.a(lib_a-freer.o)
                0x0040777c                _malloc_trim_r
 .text._free_r  0x0040781c      0x1cc c:/program files (x86)/atmel/studio/7.0/toolchain/arm/arm-gnu-toolchain/bin/../lib/gcc/arm-none-eabi/6.3.1/../../../../arm-none-eabi/lib/thumb/v7e-m\libc.a(lib_a-freer.o)
                0x0040781c                _free_r
 .text.__ascii_mbtowc
                0x004079e8       0x2c c:/program files (x86)/atmel/studio/7.0/toolchain/arm/arm-gnu-toolchain/bin/../lib/gcc/arm-none-eabi/6.3.1/../../../../arm-none-eabi/lib/thumb/v7e-m\libc.a(lib_a-mbtowc_r.o)
                0x004079e8                __ascii_mbtowc
 .text.memmove  0x00407a14       0xc8 c:/program files (x86)/atmel/studio/7.0/toolchain/arm/arm-gnu-toolchain/bin/../lib/gcc/arm-none-eabi/6.3.1/../../../../arm-none-eabi/lib/thumb/v7e-m\libc.a(lib_a-memmove.o)
                0x00407a14                memmove
 .text._realloc_r
                0x00407adc      0x34c c:/program files (x86)/atmel/studio/7.0/toolchain/arm/arm-gnu-toolchain/bin/../lib/gcc/arm-none-eabi/6.3.1/../../../../arm-none-eabi/lib/thumb/v7e-m\libc.a(lib_a-reallocr.o)
                0x00407adc                _realloc_r
 .text.__ascii_wctomb
                0x00407e28       0x1c c:/program files (x86)/atmel/studio/7.0/toolchain/arm/arm-gnu-toolchain/bin/../lib/gcc/arm-none-eabi/6.3.1/../../../../arm-none-eabi/lib/thumb/v7e-m\libc.a(lib_a-wctomb_r.o)
                0x00407e28                __ascii_wctomb
 .text          0x00407e44      0x110 c:/program files (x86)/atmel/studio/7.0/toolchain/arm/arm-gnu-toolchain/bin/../lib/gcc/arm-none-eabi/6.3.1/thumb/v7e-m\libgcc.a(_arm_cmpdf2.o)
                0x00407e44                __gtdf2
                0x00407e44                __gedf2
                0x00407e4c                __ltdf2
                0x00407e4c                __ledf2
                0x00407e54                __nedf2
                0x00407e54                __eqdf2
                0x00407e54                __cmpdf2
                0x00407ed0                __aeabi_cdrcmple
                0x00407ee0                __aeabi_cdcmpeq
                0x00407ee0                __aeabi_cdcmple
                0x00407ef0                __aeabi_dcmpeq
                0x00407f04                __aeabi_dcmplt
                0x00407f18                __aeabi_dcmple
                0x00407f2c                __aeabi_dcmpge
                0x00407f40                __aeabi_dcmpgt
 .text          0x00407f54       0x2c c:/program files (x86)/atmel/studio/7.0/toolchain/arm/arm-gnu-toolchain/bin/../lib/gcc/arm-none-eabi/6.3.1/thumb/v7e-m\libgcc.a(_arm_unorddf2.o)
                0x00407f54                __unorddf2
                0x00407f54                __aeabi_dcmpun
 .text          0x00407f80       0x50 c:/program files (x86)/atmel/studio/7.0/toolchain/arm/arm-gnu-toolchain/bin/../lib/gcc/arm-none-eabi/6.3.1/thumb/v7e-m\libgcc.a(_arm_fixdfsi.o)
                0x00407f80                __aeabi_d2iz
                0x00407f80                __fixdfsi
 .text          0x00407fd0       0x30 c:/program files (x86)/atmel/studio/7.0/toolchain/arm/arm-gnu-toolchain/bin/../lib/gcc/arm-none-eabi/6.3.1/thumb/v7e-m\libgcc.a(_aeabi_uldivmod.o)
                0x00407fd0                __aeabi_uldivmod
 .text          0x00408000      0x2dc c:/program files (x86)/atmel/studio/7.0/toolchain/arm/arm-gnu-toolchain/bin/../lib/gcc/arm-none-eabi/6.3.1/thumb/v7e-m\libgcc.a(_udivmoddi4.o)
                0x00408000                __udivmoddi4
 .text          0x004082dc        0x4 c:/program files (x86)/atmel/studio/7.0/toolchain/arm/arm-gnu-toolchain/bin/../lib/gcc/arm-none-eabi/6.3.1/thumb/v7e-m\libgcc.a(_dvmd_tls.o)
                0x004082dc                __aeabi_idiv0
                0x004082dc                __aeabi_ldiv0
 *(.glue_7t)
 .glue_7t       0x004082e0        0x0 linker stubs
 *(.glue_7)
 .glue_7        0x004082e0        0x0 linker stubs
 *(.rodata .rodata* .gnu.linkonce.r.*)
 .rodata.image_data_calibri_36_0x20
                0x004082e0      0x378 src/main.o
 .rodata.calibri_36_0x20
                0x00408658       0x10 src/main.o
 .rodata.image_data_calibri_36_0x21
                0x00408668      0x534 src/main.o
 .rodata.calibri_36_0x21
                0x00408b9c       0x10 src/main.o
 .rodata.image_data_calibri_36_0x22
                0x00408bac      0x612 src/main.o
 *fill*         0x004091be        0x2 
 .rodata.calibri_36_0x22
                0x004091c0       0x10 src/main.o
 .rodata.image_data_calibri_36_0x23
                0x004091d0      0x7ce src/main.o
 *fill*         0x0040999e        0x2 
 .rodata.calibri_36_0x23
                0x004099a0       0x10 src/main.o
 .rodata.image_data_calibri_36_0x24
                0x004099b0      0x7ce src/main.o
 *fill*         0x0040a17e        0x2 
 .rodata.calibri_36_0x24
                0x0040a180       0x10 src/main.o
 .rodata.image_data_calibri_36_0x25
                0x0040a190      0xb46 src/main.o
 *fill*         0x0040acd6        0x2 
 .rodata.calibri_36_0x25
                0x0040acd8       0x10 src/main.o
 .rodata.image_data_calibri_36_0x26
                0x0040ace8      0xad7 src/main.o
 *fill*         0x0040b7bf        0x1 
 .rodata.calibri_36_0x26
                0x0040b7c0       0x10 src/main.o
 .rodata.image_data_calibri_36_0x27
                0x0040b7d0      0x378 src/main.o
 .rodata.calibri_36_0x27
                0x0040bb48       0x10 src/main.o
 .rodata.image_data_calibri_36_0x28
                0x0040bb58      0x4c5 src/main.o
 *fill*         0x0040c01d        0x3 
 .rodata.calibri_36_0x28
                0x0040c020       0x10 src/main.o
 .rodata.image_data_calibri_36_0x29
                0x0040c030      0x4c5 src/main.o
 *fill*         0x0040c4f5        0x3 
 .rodata.calibri_36_0x29
                0x0040c4f8       0x10 src/main.o
 .rodata.image_data_calibri_36_0x2a
                0x0040c508      0x7ce src/main.o
 *fill*         0x0040ccd6        0x2 
 .rodata.calibri_36_0x2a
                0x0040ccd8       0x10 src/main.o
 .rodata.image_data_calibri_36_0x2b
                0x0040cce8      0x7ce src/main.o
 *fill*         0x0040d4b6        0x2 
 .rodata.calibri_36_0x2b
                0x0040d4b8       0x10 src/main.o
 .rodata.image_data_calibri_36_0x2c
                0x0040d4c8      0x3e7 src/main.o
 *fill*         0x0040d8af        0x1 
 .rodata.calibri_36_0x2c
                0x0040d8b0       0x10 src/main.o
 .rodata.image_data_calibri_36_0x2d
                0x0040d8c0      0x4c5 src/main.o
 *fill*         0x0040dd85        0x3 
 .rodata.calibri_36_0x2d
                0x0040dd88       0x10 src/main.o
 .rodata.image_data_calibri_36_0x2e
                0x0040dd98      0x3e7 src/main.o
 *fill*         0x0040e17f        0x1 
 .rodata.calibri_36_0x2e
                0x0040e180       0x10 src/main.o
 .rodata.image_data_calibri_36_0x2f
                0x0040e190      0x612 src/main.o
 *fill*         0x0040e7a2        0x2 
 .rodata.calibri_36_0x2f
                0x0040e7a4       0x10 src/main.o
 .rodata.image_data_calibri_36_0x30
                0x0040e7b4      0x7ce src/main.o
 *fill*         0x0040ef82        0x2 
 .rodata.calibri_36_0x30
                0x0040ef84       0x10 src/main.o
 .rodata.image_data_calibri_36_0x31
                0x0040ef94      0x7ce src/main.o
 *fill*         0x0040f762        0x2 
 .rodata.calibri_36_0x31
                0x0040f764       0x10 src/main.o
 .rodata.image_data_calibri_36_0x32
                0x0040f774      0x7ce src/main.o
 *fill*         0x0040ff42        0x2 
 .rodata.calibri_36_0x32
                0x0040ff44       0x10 src/main.o
 .rodata.image_data_calibri_36_0x33
                0x0040ff54      0x7ce src/main.o
 *fill*         0x00410722        0x2 
 .rodata.calibri_36_0x33
                0x00410724       0x10 src/main.o
 .rodata.image_data_calibri_36_0x34
                0x00410734      0x7ce src/main.o
 *fill*         0x00410f02        0x2 
 .rodata.calibri_36_0x34
                0x00410f04       0x10 src/main.o
 .rodata.image_data_calibri_36_0x35
                0x00410f14      0x7ce src/main.o
 *fill*         0x004116e2        0x2 
 .rodata.calibri_36_0x35
                0x004116e4       0x10 src/main.o
 .rodata.image_data_calibri_36_0x36
                0x004116f4      0x7ce src/main.o
 *fill*         0x00411ec2        0x2 
 .rodata.calibri_36_0x36
                0x00411ec4       0x10 src/main.o
 .rodata.image_data_calibri_36_0x37
                0x00411ed4      0x7ce src/main.o
 *fill*         0x004126a2        0x2 
 .rodata.calibri_36_0x37
                0x004126a4       0x10 src/main.o
 .rodata.image_data_calibri_36_0x38
                0x004126b4      0x7ce src/main.o
 *fill*         0x00412e82        0x2 
 .rodata.calibri_36_0x38
                0x00412e84       0x10 src/main.o
 .rodata.image_data_calibri_36_0x39
                0x00412e94      0x7ce src/main.o
 *fill*         0x00413662        0x2 
 .rodata.calibri_36_0x39
                0x00413664       0x10 src/main.o
 .rodata.image_data_calibri_36_0x3a
                0x00413674      0x456 src/main.o
 *fill*         0x00413aca        0x2 
 .rodata.calibri_36_0x3a
                0x00413acc       0x10 src/main.o
 .rodata.image_data_calibri_36_0x3b
                0x00413adc      0x456 src/main.o
 *fill*         0x00413f32        0x2 
 .rodata.calibri_36_0x3b
                0x00413f34       0x10 src/main.o
 .rodata.image_data_calibri_36_0x3c
                0x00413f44      0x7ce src/main.o
 *fill*         0x00414712        0x2 
 .rodata.calibri_36_0x3c
                0x00414714       0x10 src/main.o
 .rodata.image_data_calibri_36_0x3d
                0x00414724      0x7ce src/main.o
 *fill*         0x00414ef2        0x2 
 .rodata.calibri_36_0x3d
                0x00414ef4       0x10 src/main.o
 .rodata.image_data_calibri_36_0x3e
                0x00414f04      0x7ce src/main.o
 *fill*         0x004156d2        0x2 
 .rodata.calibri_36_0x3e
                0x004156d4       0x10 src/main.o
 .rodata.image_data_calibri_36_0x3f
                0x004156e4      0x75f src/main.o
 *fill*         0x00415e43        0x1 
 .rodata.calibri_36_0x3f
                0x00415e44       0x10 src/main.o
 .rodata.image_data_calibri_36_0x40
                0x00415e54      0xde0 src/main.o
 .rodata.calibri_36_0x40
                0x00416c34       0x10 src/main.o
 .rodata.image_data_calibri_36_0x41
                0x00416c44      0x91b src/main.o
 *fill*         0x0041755f        0x1 
 .rodata.calibri_36_0x41
                0x00417560       0x10 src/main.o
 .rodata.image_data_calibri_36_0x42
                0x00417570      0x8ac src/main.o
 .rodata.calibri_36_0x42
                0x00417e1c       0x10 src/main.o
 .rodata.image_data_calibri_36_0x43
                0x00417e2c      0x83d src/main.o
 *fill*         0x00418669        0x3 
 .rodata.calibri_36_0x43
                0x0041866c       0x10 src/main.o
 .rodata.image_data_calibri_36_0x44
                0x0041867c      0x98a src/main.o
 *fill*         0x00419006        0x2 
 .rodata.calibri_36_0x44
                0x00419008       0x10 src/main.o
 .rodata.image_data_calibri_36_0x45
                0x00419018      0x7ce src/main.o
 *fill*         0x004197e6        0x2 
 .rodata.calibri_36_0x45
                0x004197e8       0x10 src/main.o
 .rodata.image_data_calibri_36_0x46
                0x004197f8      0x75f src/main.o
 *fill*         0x00419f57        0x1 
 .rodata.calibri_36_0x46
                0x00419f58       0x10 src/main.o
 .rodata.image_data_calibri_36_0x47
                0x00419f68      0x9f9 src/main.o
 *fill*         0x0041a961        0x3 
 .rodata.calibri_36_0x47
                0x0041a964       0x10 src/main.o
 .rodata.image_data_calibri_36_0x48
                0x0041a974      0x98a src/main.o
 *fill*         0x0041b2fe        0x2 
 .rodata.calibri_36_0x48
                0x0041b300       0x10 src/main.o
 .rodata.image_data_calibri_36_0x49
                0x0041b310      0x3e7 src/main.o
 *fill*         0x0041b6f7        0x1 
 .rodata.calibri_36_0x49
                0x0041b6f8       0x10 src/main.o
 .rodata.image_data_calibri_36_0x4a
                0x0041b708      0x4c5 src/main.o
 *fill*         0x0041bbcd        0x3 
 .rodata.calibri_36_0x4a
                0x0041bbd0       0x10 src/main.o
 .rodata.image_data_calibri_36_0x4b
                0x0041bbe0      0x83d src/main.o
 *fill*         0x0041c41d        0x3 
 .rodata.calibri_36_0x4b
                0x0041c420       0x10 src/main.o
 .rodata.image_data_calibri_36_0x4c
                0x0041c430      0x681 src/main.o
 *fill*         0x0041cab1        0x3 
 .rodata.calibri_36_0x4c
                0x0041cab4       0x10 src/main.o
 .rodata.image_data_calibri_36_0x4d
                0x0041cac4      0xd71 src/main.o
 *fill*         0x0041d835        0x3 
 .rodata.calibri_36_0x4d
                0x0041d838       0x10 src/main.o
 .rodata.image_data_calibri_36_0x4e
                0x0041d848      0x9f9 src/main.o
 *fill*         0x0041e241        0x3 
 .rodata.calibri_36_0x4e
                0x0041e244       0x10 src/main.o
 .rodata.image_data_calibri_36_0x4f
                0x0041e254      0xa68 src/main.o
 .rodata.calibri_36_0x4f
                0x0041ecbc       0x10 src/main.o
 .rodata.image_data_calibri_36_0x50
                0x0041eccc      0x83d src/main.o
 *fill*         0x0041f509        0x3 
 .rodata.calibri_36_0x50
                0x0041f50c       0x10 src/main.o
 .rodata.image_data_calibri_36_0x51
                0x0041f51c      0xad7 src/main.o
 *fill*         0x0041fff3        0x1 
 .rodata.calibri_36_0x51
                0x0041fff4       0x10 src/main.o
 .rodata.image_data_calibri_36_0x52
                0x00420004      0x8ac src/main.o
 .rodata.calibri_36_0x52
                0x004208b0       0x10 src/main.o
 .rodata.image_data_calibri_36_0x53
                0x004208c0      0x75f src/main.o
 *fill*         0x0042101f        0x1 
 .rodata.calibri_36_0x53
                0x00421020       0x10 src/main.o
 .rodata.image_data_calibri_36_0x54
                0x00421030      0x7ce src/main.o
 *fill*         0x004217fe        0x2 
 .rodata.calibri_36_0x54
                0x00421800       0x10 src/main.o
 .rodata.image_data_calibri_36_0x55
                0x00421810      0x9f9 src/main.o
 *fill*         0x00422209        0x3 
 .rodata.calibri_36_0x55
                0x0042220c       0x10 src/main.o
 .rodata.image_data_calibri_36_0x56
                0x0042221c      0x8ac src/main.o
 .rodata.calibri_36_0x56
                0x00422ac8       0x10 src/main.o
 .rodata.image_data_calibri_36_0x57
                0x00422ad8      0xde0 src/main.o
 .rodata.calibri_36_0x57
                0x004238b8       0x10 src/main.o
 .rodata.image_data_calibri_36_0x58
                0x004238c8      0x83d src/main.o
 *fill*         0x00424105        0x3 
 .rodata.calibri_36_0x58
                0x00424108       0x10 src/main.o
 .rodata.image_data_calibri_36_0x59
                0x00424118      0x7ce src/main.o
 *fill*         0x004248e6        0x2 
 .rodata.calibri_36_0x59
                0x004248e8       0x10 src/main.o
 .rodata.image_data_calibri_36_0x5a
                0x004248f8      0x75f src/main.o
 *fill*         0x00425057        0x1 
 .rodata.calibri_36_0x5a
                0x00425058       0x10 src/main.o
 .rodata.image_data_calibri_36_0x5b
                0x00425068      0x4c5 src/main.o
 *fill*         0x0042552d        0x3 
 .rodata.calibri_36_0x5b
                0x00425530       0x10 src/main.o
 .rodata.image_data_calibri_36_0x5c
                0x00425540      0x612 src/main.o
 *fill*         0x00425b52        0x2 
 .rodata.calibri_36_0x5c
                0x00425b54       0x10 src/main.o
 .rodata.image_data_calibri_36_0x5d
                0x00425b64      0x4c5 src/main.o
 *fill*         0x00426029        0x3 
 .rodata.calibri_36_0x5d
                0x0042602c       0x10 src/main.o
 .rodata.image_data_calibri_36_0x5e
                0x0042603c      0x7ce src/main.o
 *fill*         0x0042680a        0x2 
 .rodata.calibri_36_0x5e
                0x0042680c       0x10 src/main.o
 .rodata.image_data_calibri_36_0x5f
                0x0042681c      0x7ce src/main.o
 *fill*         0x00426fea        0x2 
 .rodata.calibri_36_0x5f
                0x00426fec       0x10 src/main.o
 .rodata.image_data_calibri_36_0x60
                0x00426ffc      0x456 src/main.o
 *fill*         0x00427452        0x2 
 .rodata.calibri_36_0x60
                0x00427454       0x10 src/main.o
 .rodata.image_data_calibri_36_0x61
                0x00427464      0x75f src/main.o
 *fill*         0x00427bc3        0x1 
 .rodata.calibri_36_0x61
                0x00427bc4       0x10 src/main.o
 .rodata.image_data_calibri_36_0x62
                0x00427bd4      0x83d src/main.o
 *fill*         0x00428411        0x3 
 .rodata.calibri_36_0x62
                0x00428414       0x10 src/main.o
 .rodata.image_data_calibri_36_0x63
                0x00428424      0x681 src/main.o
 *fill*         0x00428aa5        0x3 
 .rodata.calibri_36_0x63
                0x00428aa8       0x10 src/main.o
 .rodata.image_data_calibri_36_0x64
                0x00428ab8      0x83d src/main.o
 *fill*         0x004292f5        0x3 
 .rodata.calibri_36_0x64
                0x004292f8       0x10 src/main.o
 .rodata.image_data_calibri_36_0x65
                0x00429308      0x7ce src/main.o
 *fill*         0x00429ad6        0x2 
 .rodata.calibri_36_0x65
                0x00429ad8       0x10 src/main.o
 .rodata.image_data_calibri_36_0x66
                0x00429ae8      0x4c5 src/main.o
 *fill*         0x00429fad        0x3 
 .rodata.calibri_36_0x66
                0x00429fb0       0x10 src/main.o
 .rodata.image_data_calibri_36_0x67
                0x00429fc0      0x75f src/main.o
 *fill*         0x0042a71f        0x1 
 .rodata.calibri_36_0x67
                0x0042a720       0x10 src/main.o
 .rodata.image_data_calibri_36_0x68
                0x0042a730      0x83d src/main.o
 *fill*         0x0042af6d        0x3 
 .rodata.calibri_36_0x68
                0x0042af70       0x10 src/main.o
 .rodata.image_data_calibri_36_0x69
                0x0042af80      0x378 src/main.o
 .rodata.calibri_36_0x69
                0x0042b2f8       0x10 src/main.o
 .rodata.image_data_calibri_36_0x6a
                0x0042b308      0x3e7 src/main.o
 *fill*         0x0042b6ef        0x1 
 .rodata.calibri_36_0x6a
                0x0042b6f0       0x10 src/main.o
 .rodata.image_data_calibri_36_0x6b
                0x0042b700      0x6f0 src/main.o
 .rodata.calibri_36_0x6b
                0x0042bdf0       0x10 src/main.o
 .rodata.image_data_calibri_36_0x6c
                0x0042be00      0x378 src/main.o
 .rodata.calibri_36_0x6c
                0x0042c178       0x10 src/main.o
 .rodata.image_data_calibri_36_0x6d
                0x0042c188      0xc93 src/main.o
 *fill*         0x0042ce1b        0x1 
 .rodata.calibri_36_0x6d
                0x0042ce1c       0x10 src/main.o
 .rodata.image_data_calibri_36_0x6e
                0x0042ce2c      0x83d src/main.o
 *fill*         0x0042d669        0x3 
 .rodata.calibri_36_0x6e
                0x0042d66c       0x10 src/main.o
 .rodata.image_data_calibri_36_0x6f
                0x0042d67c      0x83d src/main.o
 *fill*         0x0042deb9        0x3 
 .rodata.calibri_36_0x6f
                0x0042debc       0x10 src/main.o
 .rodata.image_data_calibri_36_0x70
                0x0042decc      0x83d src/main.o
 *fill*         0x0042e709        0x3 
 .rodata.calibri_36_0x70
                0x0042e70c       0x10 src/main.o
 .rodata.image_data_calibri_36_0x71
                0x0042e71c      0x83d src/main.o
 *fill*         0x0042ef59        0x3 
 .rodata.calibri_36_0x71
                0x0042ef5c       0x10 src/main.o
 .rodata.image_data_calibri_36_0x72
                0x0042ef6c      0x5a3 src/main.o
 *fill*         0x0042f50f        0x1 
 .rodata.calibri_36_0x72
                0x0042f510       0x10 src/main.o
 .rodata.image_data_calibri_36_0x73
                0x0042f520      0x612 src/main.o
 *fill*         0x0042fb32        0x2 
 .rodata.calibri_36_0x73
                0x0042fb34       0x10 src/main.o
 .rodata.image_data_calibri_36_0x74
                0x0042fb44      0x534 src/main.o
 .rodata.calibri_36_0x74
                0x00430078       0x10 src/main.o
 .rodata.image_data_calibri_36_0x75
                0x00430088      0x83d src/main.o
 *fill*         0x004308c5        0x3 
 .rodata.calibri_36_0x75
                0x004308c8       0x10 src/main.o
 .rodata.image_data_calibri_36_0x76
                0x004308d8      0x6f0 src/main.o
 .rodata.calibri_36_0x76
                0x00430fc8       0x10 src/main.o
 .rodata.image_data_calibri_36_0x77
                0x00430fd8      0xb46 src/main.o
 *fill*         0x00431b1e        0x2 
 .rodata.calibri_36_0x77
                0x00431b20       0x10 src/main.o
 .rodata.image_data_calibri_36_0x78
                0x00431b30      0x6f0 src/main.o
 .rodata.calibri_36_0x78
                0x00432220       0x10 src/main.o
 .rodata.image_data_calibri_36_0x79
                0x00432230      0x6f0 src/main.o
 .rodata.calibri_36_0x79
                0x00432920       0x10 src/main.o
 .rodata.image_data_calibri_36_0x7a
                0x00432930      0x612 src/main.o
 *fill*         0x00432f42        0x2 
 .rodata.calibri_36_0x7a
                0x00432f44       0x10 src/main.o
 .rodata.image_data_calibri_36_0x7b
                0x00432f54      0x4c5 src/main.o
 *fill*         0x00433419        0x3 
 .rodata.calibri_36_0x7b
                0x0043341c       0x10 src/main.o
 .rodata.image_data_calibri_36_0x7c
                0x0043342c      0x75f src/main.o
 *fill*         0x00433b8b        0x1 
 .rodata.calibri_36_0x7c
                0x00433b8c       0x10 src/main.o
 .rodata.image_data_calibri_36_0x7d
                0x00433b9c      0x4c5 src/main.o
 *fill*         0x00434061        0x3 
 .rodata.calibri_36_0x7d
                0x00434064       0x10 src/main.o
 .rodata.image_data_calibri_36_0x7e
                0x00434074      0x7ce src/main.o
 *fill*         0x00434842        0x2 
 .rodata.calibri_36_0x7e
                0x00434844       0x10 src/main.o
 .rodata.calibri_36_array
                0x00434854      0x2f8 src/main.o
 .rodata.calibri_36
                0x00434b4c        0xc src/main.o
                0x00434b4c                calibri_36
 .rodata        0x00434b58       0x3a src/main.o
 *fill*         0x00434b92        0x2 
 .rodata._global_impure_ptr
                0x00434b94        0x4 c:/program files (x86)/atmel/studio/7.0/toolchain/arm/arm-gnu-toolchain/bin/../lib/gcc/arm-none-eabi/6.3.1/../../../../arm-none-eabi/lib/thumb/v7e-m\libc.a(lib_a-impure.o)
                0x00434b94                _global_impure_ptr
 .rodata._svfprintf_r.str1.4
                0x00434b98       0x42 c:/program files (x86)/atmel/studio/7.0/toolchain/arm/arm-gnu-toolchain/bin/../lib/gcc/arm-none-eabi/6.3.1/../../../../arm-none-eabi/lib/thumb/v7e-m\libc.a(lib_a-svfprintf.o)
 *fill*         0x00434bda        0x2 
 .rodata.blanks.7223
                0x00434bdc       0x10 c:/program files (x86)/atmel/studio/7.0/toolchain/arm/arm-gnu-toolchain/bin/../lib/gcc/arm-none-eabi/6.3.1/../../../../arm-none-eabi/lib/thumb/v7e-m\libc.a(lib_a-svfprintf.o)
 .rodata.zeroes.7224
                0x00434bec       0x10 c:/program files (x86)/atmel/studio/7.0/toolchain/arm/arm-gnu-toolchain/bin/../lib/gcc/arm-none-eabi/6.3.1/../../../../arm-none-eabi/lib/thumb/v7e-m\libc.a(lib_a-svfprintf.o)
 .rodata._dtoa_r.str1.4
                0x00434bfc       0x10 c:/program files (x86)/atmel/studio/7.0/toolchain/arm/arm-gnu-toolchain/bin/../lib/gcc/arm-none-eabi/6.3.1/../../../../arm-none-eabi/lib/thumb/v7e-m\libc.a(lib_a-dtoa.o)
                                 0x12 (size before relaxing)
 *fill*         0x00434c0c        0x4 
 .rodata.__mprec_bigtens
                0x00434c10       0x28 c:/program files (x86)/atmel/studio/7.0/toolchain/arm/arm-gnu-toolchain/bin/../lib/gcc/arm-none-eabi/6.3.1/../../../../arm-none-eabi/lib/thumb/v7e-m\libc.a(lib_a-mprec.o)
                0x00434c10                __mprec_bigtens
 .rodata.__mprec_tens
                0x00434c38       0xc8 c:/program files (x86)/atmel/studio/7.0/toolchain/arm/arm-gnu-toolchain/bin/../lib/gcc/arm-none-eabi/6.3.1/../../../../arm-none-eabi/lib/thumb/v7e-m\libc.a(lib_a-mprec.o)
                0x00434c38                __mprec_tens
 .rodata.p05.6055
                0x00434d00        0xc c:/program files (x86)/atmel/studio/7.0/toolchain/arm/arm-gnu-toolchain/bin/../lib/gcc/arm-none-eabi/6.3.1/../../../../arm-none-eabi/lib/thumb/v7e-m\libc.a(lib_a-mprec.o)
 .rodata._setlocale_r.str1.4
                0x00434d0c        0xa c:/program files (x86)/atmel/studio/7.0/toolchain/arm/arm-gnu-toolchain/bin/../lib/gcc/arm-none-eabi/6.3.1/../../../../arm-none-eabi/lib/thumb/v7e-m\libc.a(lib_a-locale.o)
                                  0xd (size before relaxing)
 *fill*         0x00434d16        0x2 
 .rodata.str1.4
                0x00434d18        0x4 c:/program files (x86)/atmel/studio/7.0/toolchain/arm/arm-gnu-toolchain/bin/../lib/gcc/arm-none-eabi/6.3.1/../../../../arm-none-eabi/lib/thumb/v7e-m\libc.a(lib_a-locale.o)
                                  0x2 (size before relaxing)
 .rodata._ctype_
                0x00434d1c      0x101 c:/program files (x86)/atmel/studio/7.0/toolchain/arm/arm-gnu-toolchain/bin/../lib/gcc/arm-none-eabi/6.3.1/../../../../arm-none-eabi/lib/thumb/v7e-m\libc.a(lib_a-ctype_.o)
                0x00434d1c                _ctype_
 *(.ARM.extab* .gnu.linkonce.armextab.*)
                0x00434e20                . = ALIGN (0x4)
 *fill*         0x00434e1d        0x3 
 *(.init)
 .init          0x00434e20        0x4 c:/program files (x86)/atmel/studio/7.0/toolchain/arm/arm-gnu-toolchain/bin/../lib/gcc/arm-none-eabi/6.3.1/thumb/v7e-m/crti.o
                0x00434e20                _init
 .init          0x00434e24        0x8 c:/program files (x86)/atmel/studio/7.0/toolchain/arm/arm-gnu-toolchain/bin/../lib/gcc/arm-none-eabi/6.3.1/thumb/v7e-m/crtn.o
                0x00434e2c                . = ALIGN (0x4)
                0x00434e2c                __preinit_array_start = .
 *(.preinit_array)
                0x00434e2c                __preinit_array_end = .
                0x00434e2c                . = ALIGN (0x4)
                0x00434e2c                __init_array_start = .
 *(SORT(.init_array.*))
 .init_array.00000
                0x00434e2c        0x4 c:/program files (x86)/atmel/studio/7.0/toolchain/arm/arm-gnu-toolchain/bin/../lib/gcc/arm-none-eabi/6.3.1/../../../../arm-none-eabi/lib/thumb/v7e-m\libc.a(lib_a-__call_atexit.o)
 *(.init_array)
 .init_array    0x00434e30        0x4 c:/program files (x86)/atmel/studio/7.0/toolchain/arm/arm-gnu-toolchain/bin/../lib/gcc/arm-none-eabi/6.3.1/thumb/v7e-m/crtbegin.o
                0x00434e34                __init_array_end = .
                0x00434e34                . = ALIGN (0x4)
 *crtbegin.o(.ctors)
 *(EXCLUDE_FILE(*crtend.o) .ctors)
 *(SORT(.ctors.*))
 *crtend.o(.ctors)
                0x00434e34                . = ALIGN (0x4)
 *(.fini)
 .fini          0x00434e34        0x4 c:/program files (x86)/atmel/studio/7.0/toolchain/arm/arm-gnu-toolchain/bin/../lib/gcc/arm-none-eabi/6.3.1/thumb/v7e-m/crti.o
                0x00434e34                _fini
 .fini          0x00434e38        0x8 c:/program files (x86)/atmel/studio/7.0/toolchain/arm/arm-gnu-toolchain/bin/../lib/gcc/arm-none-eabi/6.3.1/thumb/v7e-m/crtn.o
                0x00434e40                . = ALIGN (0x4)
                0x00434e40                __fini_array_start = .
 *(.fini_array)
 .fini_array    0x00434e40        0x4 c:/program files (x86)/atmel/studio/7.0/toolchain/arm/arm-gnu-toolchain/bin/../lib/gcc/arm-none-eabi/6.3.1/thumb/v7e-m/crtbegin.o
 *(SORT(.fini_array.*))
                0x00434e44                __fini_array_end = .
 *crtbegin.o(.dtors)
 *(EXCLUDE_FILE(*crtend.o) .dtors)
 *(SORT(.dtors.*))
 *crtend.o(.dtors)
                0x00434e44                . = ALIGN (0x4)
                0x00434e44                _efixed = .
                [!provide]                PROVIDE (__exidx_start, .)

.vfp11_veneer   0x00434e44        0x0
 .vfp11_veneer  0x00434e44        0x0 linker stubs

.v4_bx          0x00434e44        0x0
 .v4_bx         0x00434e44        0x0 linker stubs

.iplt           0x00434e44        0x0
 .iplt          0x00434e44        0x0 c:/program files (x86)/atmel/studio/7.0/toolchain/arm/arm-gnu-toolchain/bin/../lib/gcc/arm-none-eabi/6.3.1/thumb/v7e-m/crtbegin.o

.ARM.exidx      0x00434e44        0x8
 *(.ARM.exidx* .gnu.linkonce.armexidx.*)
 .ARM.exidx     0x00434e44        0x8 c:/program files (x86)/atmel/studio/7.0/toolchain/arm/arm-gnu-toolchain/bin/../lib/gcc/arm-none-eabi/6.3.1/thumb/v7e-m\libgcc.a(_udivmoddi4.o)
                [!provide]                PROVIDE (__exidx_end, .)

.eh_frame       0x00434e4c        0x0
 .eh_frame      0x00434e4c        0x0 c:/program files (x86)/atmel/studio/7.0/toolchain/arm/arm-gnu-toolchain/bin/../lib/gcc/arm-none-eabi/6.3.1/thumb/v7e-m/crtbegin.o

.rel.dyn        0x00434e4c        0x0
 .rel.iplt      0x00434e4c        0x0 c:/program files (x86)/atmel/studio/7.0/toolchain/arm/arm-gnu-toolchain/bin/../lib/gcc/arm-none-eabi/6.3.1/thumb/v7e-m/crtbegin.o

.jcr            0x00434e4c        0x0
 .jcr           0x00434e4c        0x0 c:/program files (x86)/atmel/studio/7.0/toolchain/arm/arm-gnu-toolchain/bin/../lib/gcc/arm-none-eabi/6.3.1/thumb/v7e-m/crtbegin.o

.igot.plt       0x00434e4c        0x0
 .igot.plt      0x00434e4c        0x0 c:/program files (x86)/atmel/studio/7.0/toolchain/arm/arm-gnu-toolchain/bin/../lib/gcc/arm-none-eabi/6.3.1/thumb/v7e-m/crtbegin.o
                0x00434e4c                . = ALIGN (0x4)
                0x00434e4c                _etext = .

.relocate       0x20400000      0x9b8 load address 0x00434e4c
                0x20400000                . = ALIGN (0x4)
                0x20400000                _srelocate = .
 *(.ramfunc .ramfunc.*)
 *(.data .data.*)
 .data.raio     0x20400000        0x4 src/main.o
                0x20400000                raio
 .data.flag_rtc_alarme
                0x20400004        0x1 src/main.o
                0x20400004                flag_rtc_alarme
 .data.g_interrupt_enabled
                0x20400005        0x1 src/ASF/common/utils/interrupt/interrupt_sam_nvic.o
                0x20400005                g_interrupt_enabled
 *fill*         0x20400006        0x2 
 .data.SystemCoreClock
                0x20400008        0x4 src/ASF/sam/utils/cmsis/same70/source/templates/system_same70.o
                0x20400008                SystemCoreClock
 .data._impure_ptr
                0x2040000c        0x4 c:/program files (x86)/atmel/studio/7.0/toolchain/arm/arm-gnu-toolchain/bin/../lib/gcc/arm-none-eabi/6.3.1/../../../../arm-none-eabi/lib/thumb/v7e-m\libc.a(lib_a-impure.o)
                0x2040000c                _impure_ptr
 .data.impure_data
                0x20400010      0x428 c:/program files (x86)/atmel/studio/7.0/toolchain/arm/arm-gnu-toolchain/bin/../lib/gcc/arm-none-eabi/6.3.1/../../../../arm-none-eabi/lib/thumb/v7e-m\libc.a(lib_a-impure.o)
 .data.__atexit_recursive_mutex
                0x20400438        0x4 c:/program files (x86)/atmel/studio/7.0/toolchain/arm/arm-gnu-toolchain/bin/../lib/gcc/arm-none-eabi/6.3.1/../../../../arm-none-eabi/lib/thumb/v7e-m\libc.a(lib_a-__call_atexit.o)
                0x20400438                __atexit_recursive_mutex
 .data.__malloc_av_
                0x2040043c      0x408 c:/program files (x86)/atmel/studio/7.0/toolchain/arm/arm-gnu-toolchain/bin/../lib/gcc/arm-none-eabi/6.3.1/../../../../arm-none-eabi/lib/thumb/v7e-m\libc.a(lib_a-mallocr.o)
                0x2040043c                __malloc_av_
 .data.__malloc_sbrk_base
                0x20400844        0x4 c:/program files (x86)/atmel/studio/7.0/toolchain/arm/arm-gnu-toolchain/bin/../lib/gcc/arm-none-eabi/6.3.1/../../../../arm-none-eabi/lib/thumb/v7e-m\libc.a(lib_a-mallocr.o)
                0x20400844                __malloc_sbrk_base
 .data.__malloc_trim_threshold
                0x20400848        0x4 c:/program files (x86)/atmel/studio/7.0/toolchain/arm/arm-gnu-toolchain/bin/../lib/gcc/arm-none-eabi/6.3.1/../../../../arm-none-eabi/lib/thumb/v7e-m\libc.a(lib_a-mallocr.o)
                0x20400848                __malloc_trim_threshold
 .data.__global_locale
                0x2040084c      0x16c c:/program files (x86)/atmel/studio/7.0/toolchain/arm/arm-gnu-toolchain/bin/../lib/gcc/arm-none-eabi/6.3.1/../../../../arm-none-eabi/lib/thumb/v7e-m\libc.a(lib_a-locale.o)
                0x2040084c                __global_locale
                0x204009b8                . = ALIGN (0x4)
                0x204009b8                _erelocate = .

.bss            0x204009b8      0x4c8 load address 0x00435804
                0x204009b8                . = ALIGN (0x4)
                0x204009b8                _sbss = .
                0x204009b8                _szero = .
 *(.bss .bss.*)
 .bss           0x204009b8       0x1c c:/program files (x86)/atmel/studio/7.0/toolchain/arm/arm-gnu-toolchain/bin/../lib/gcc/arm-none-eabi/6.3.1/thumb/v7e-m/crtbegin.o
 .bss.g_wobits_in_rtt_mr
                0x204009d4        0x4 src/ASF/sam/drivers/rtt/rtt.o
 .bss.f_rtt_alarme
                0x204009d8        0x1 src/main.o
                0x204009d8                f_rtt_alarme
 .bss.but3_flag
                0x204009d9        0x1 src/main.o
                0x204009d9                but3_flag
 .bss.but2_flag
                0x204009da        0x1 src/main.o
                0x204009da                but2_flag
 *fill*         0x204009db        0x1 
 .bss.g_ul_pixel_cache
                0x204009dc      0x3c0 src/ASF/sam/components/display/ili9488/ili9488.o
 .bss.gs_interrupt_sources
                0x20400d9c       0x70 src/ASF/sam/drivers/pio/pio_handler.o
 .bss.gs_ul_nb_sources
                0x20400e0c        0x4 src/ASF/sam/drivers/pio/pio_handler.o
 .bss.heap.6420
                0x20400e10        0x4 src/ASF/sam/utils/syscalls/gcc/syscalls.o
 .bss.__malloc_current_mallinfo
                0x20400e14       0x28 c:/program files (x86)/atmel/studio/7.0/toolchain/arm/arm-gnu-toolchain/bin/../lib/gcc/arm-none-eabi/6.3.1/../../../../arm-none-eabi/lib/thumb/v7e-m\libc.a(lib_a-mallocr.o)
                0x20400e14                __malloc_current_mallinfo
 .bss.__malloc_max_sbrked_mem
                0x20400e3c        0x4 c:/program files (x86)/atmel/studio/7.0/toolchain/arm/arm-gnu-toolchain/bin/../lib/gcc/arm-none-eabi/6.3.1/../../../../arm-none-eabi/lib/thumb/v7e-m\libc.a(lib_a-mallocr.o)
                0x20400e3c                __malloc_max_sbrked_mem
 .bss.__malloc_max_total_mem
                0x20400e40        0x4 c:/program files (x86)/atmel/studio/7.0/toolchain/arm/arm-gnu-toolchain/bin/../lib/gcc/arm-none-eabi/6.3.1/../../../../arm-none-eabi/lib/thumb/v7e-m\libc.a(lib_a-mallocr.o)
                0x20400e40                __malloc_max_total_mem
 .bss.__malloc_top_pad
                0x20400e44        0x4 c:/program files (x86)/atmel/studio/7.0/toolchain/arm/arm-gnu-toolchain/bin/../lib/gcc/arm-none-eabi/6.3.1/../../../../arm-none-eabi/lib/thumb/v7e-m\libc.a(lib_a-mallocr.o)
                0x20400e44                __malloc_top_pad
 *(COMMON)
 COMMON         0x20400e48       0x10 src/main.o
                0x20400e48                g_ili9488_display_opt
 COMMON         0x20400e58       0x21 c:/program files (x86)/atmel/studio/7.0/toolchain/arm/arm-gnu-toolchain/bin/../lib/gcc/arm-none-eabi/6.3.1/../../../../arm-none-eabi/lib/thumb/v7e-m\libc.a(lib_a-lock.o)
                0x20400e58                __lock___atexit_recursive_mutex
                0x20400e5c                __lock___arc4random_mutex
                0x20400e60                __lock___env_recursive_mutex
                0x20400e64                __lock___sinit_recursive_mutex
                0x20400e68                __lock___malloc_recursive_mutex
                0x20400e6c                __lock___at_quick_exit_mutex
                0x20400e70                __lock___dd_hash_mutex
                0x20400e74                __lock___tz_mutex
                0x20400e78                __lock___sfp_recursive_mutex
 *fill*         0x20400e79        0x3 
 COMMON         0x20400e7c        0x4 c:/program files (x86)/atmel/studio/7.0/toolchain/arm/arm-gnu-toolchain/bin/../lib/gcc/arm-none-eabi/6.3.1/../../../../arm-none-eabi/lib/thumb/v7e-m\libc.a(lib_a-reent.o)
                0x20400e7c                errno
                0x20400e80                . = ALIGN (0x4)
                0x20400e80                _ebss = .
                0x20400e80                _ezero = .

.stack          0x20400e80     0x2000 load address 0x00435ccc
                0x20400e80                . = ALIGN (0x8)
                0x20400e80                _sstack = .
                0x20402e80                . = (. + STACK_SIZE)
 *fill*         0x20400e80     0x2000 
                0x20402e80                . = ALIGN (0x8)
                0x20402e80                _estack = .

.heap           0x20402e80      0x200 load address 0x00437ccc
                0x20402e80                . = ALIGN (0x8)
                0x20402e80                _sheap = .
                0x20403080                . = (. + HEAP_SIZE)
 *fill*         0x20402e80      0x200 
                0x20403080                . = ALIGN (0x8)
                0x20403080                _eheap = .
                0x20403080                . = ALIGN (0x4)
                0x20403080                _end = .
                0x2045ffff                _ram_end_ = ((ORIGIN (ram) + LENGTH (ram)) - 0x1)
OUTPUT(SAME70_FONTS.elf elf32-littlearm)

.ARM.attributes
                0x00000000       0x2e
 .ARM.attributes
                0x00000000       0x1e c:/program files (x86)/atmel/studio/7.0/toolchain/arm/arm-gnu-toolchain/bin/../lib/gcc/arm-none-eabi/6.3.1/thumb/v7e-m/crti.o
 .ARM.attributes
                0x0000001e       0x2e c:/program files (x86)/atmel/studio/7.0/toolchain/arm/arm-gnu-toolchain/bin/../lib/gcc/arm-none-eabi/6.3.1/thumb/v7e-m/crtbegin.o
 .ARM.attributes
                0x0000004c       0x37 src/ASF/sam/drivers/rtc/rtc.o
 .ARM.attributes
                0x00000083       0x37 src/ASF/sam/drivers/rtt/rtt.o
 .ARM.attributes
                0x000000ba       0x37 src/main.o
 .ARM.attributes
                0x000000f1       0x37 src/ASF/common/services/spi/sam_spi/spi_master.o
 .ARM.attributes
                0x00000128       0x37 src/ASF/sam/components/display/ili9488/ili9488.o
 .ARM.attributes
                0x0000015f       0x37 src/ASF/sam/drivers/spi/spi.o
 .ARM.attributes
                0x00000196       0x37 src/ASF/common/services/clock/same70/sysclk.o
 .ARM.attributes
                0x000001cd       0x37 src/ASF/common/utils/interrupt/interrupt_sam_nvic.o
 .ARM.attributes
                0x00000204       0x37 src/ASF/sam/boards/same70_xplained/init.o
 .ARM.attributes
                0x0000023b       0x37 src/ASF/sam/drivers/pio/pio.o
 .ARM.attributes
                0x00000272       0x37 src/ASF/sam/drivers/pio/pio_handler.o
 .ARM.attributes
                0x000002a9       0x37 src/ASF/sam/drivers/pmc/pmc.o
 .ARM.attributes
                0x000002e0       0x37 src/ASF/sam/utils/cmsis/same70/source/templates/gcc/startup_same70.o
 .ARM.attributes
                0x00000317       0x37 src/ASF/sam/utils/cmsis/same70/source/templates/system_same70.o
 .ARM.attributes
                0x0000034e       0x37 src/ASF/sam/utils/syscalls/gcc/syscalls.o
 .ARM.attributes
                0x00000385       0x1e c:/program files (x86)/atmel/studio/7.0/toolchain/arm/arm-gnu-toolchain/bin/../lib/gcc/arm-none-eabi/6.3.1/thumb/v7e-m\libgcc.a(_arm_addsubdf3.o)
 .ARM.attributes
                0x000003a3       0x1e c:/program files (x86)/atmel/studio/7.0/toolchain/arm/arm-gnu-toolchain/bin/../lib/gcc/arm-none-eabi/6.3.1/thumb/v7e-m\libgcc.a(_arm_muldivdf3.o)
 .ARM.attributes
                0x000003c1       0x1e c:/program files (x86)/atmel/studio/7.0/toolchain/arm/arm-gnu-toolchain/bin/../lib/gcc/arm-none-eabi/6.3.1/thumb/v7e-m\libgcc.a(_arm_truncdfsf2.o)
 .ARM.attributes
                0x000003df       0x2e c:/program files (x86)/atmel/studio/7.0/toolchain/arm/arm-gnu-toolchain/bin/../lib/gcc/arm-none-eabi/6.3.1/../../../../arm-none-eabi/lib/thumb/v7e-m\libc.a(lib_a-impure.o)
 .ARM.attributes
                0x0000040d       0x2e c:/program files (x86)/atmel/studio/7.0/toolchain/arm/arm-gnu-toolchain/bin/../lib/gcc/arm-none-eabi/6.3.1/../../../../arm-none-eabi/lib/thumb/v7e-m\libc.a(lib_a-init.o)
 .ARM.attributes
                0x0000043b       0x2e c:/program files (x86)/atmel/studio/7.0/toolchain/arm/arm-gnu-toolchain/bin/../lib/gcc/arm-none-eabi/6.3.1/../../../../arm-none-eabi/lib/thumb/v7e-m\libc.a(lib_a-memset.o)
 .ARM.attributes
                0x00000469       0x2e c:/program files (x86)/atmel/studio/7.0/toolchain/arm/arm-gnu-toolchain/bin/../lib/gcc/arm-none-eabi/6.3.1/../../../../arm-none-eabi/lib/thumb/v7e-m\libc.a(lib_a-sprintf.o)
 .ARM.attributes
                0x00000497       0x2e c:/program files (x86)/atmel/studio/7.0/toolchain/arm/arm-gnu-toolchain/bin/../lib/gcc/arm-none-eabi/6.3.1/../../../../arm-none-eabi/lib/thumb/v7e-m\libc.a(lib_a-svfprintf.o)
 .ARM.attributes
                0x000004c5       0x2e c:/program files (x86)/atmel/studio/7.0/toolchain/arm/arm-gnu-toolchain/bin/../lib/gcc/arm-none-eabi/6.3.1/../../../../arm-none-eabi/lib/thumb/v7e-m\libc.a(lib_a-__call_atexit.o)
 .ARM.attributes
                0x000004f3       0x2e c:/program files (x86)/atmel/studio/7.0/toolchain/arm/arm-gnu-toolchain/bin/../lib/gcc/arm-none-eabi/6.3.1/../../../../arm-none-eabi/lib/thumb/v7e-m\libc.a(lib_a-atexit.o)
 .ARM.attributes
                0x00000521       0x2e c:/program files (x86)/atmel/studio/7.0/toolchain/arm/arm-gnu-toolchain/bin/../lib/gcc/arm-none-eabi/6.3.1/../../../../arm-none-eabi/lib/thumb/v7e-m\libc.a(lib_a-dtoa.o)
 .ARM.attributes
                0x0000054f       0x2e c:/program files (x86)/atmel/studio/7.0/toolchain/arm/arm-gnu-toolchain/bin/../lib/gcc/arm-none-eabi/6.3.1/../../../../arm-none-eabi/lib/thumb/v7e-m\libc.a(lib_a-fini.o)
 .ARM.attributes
                0x0000057d       0x2e c:/program files (x86)/atmel/studio/7.0/toolchain/arm/arm-gnu-toolchain/bin/../lib/gcc/arm-none-eabi/6.3.1/../../../../arm-none-eabi/lib/thumb/v7e-m\libc.a(lib_a-localeconv.o)
 .ARM.attributes
                0x000005ab       0x2e c:/program files (x86)/atmel/studio/7.0/toolchain/arm/arm-gnu-toolchain/bin/../lib/gcc/arm-none-eabi/6.3.1/../../../../arm-none-eabi/lib/thumb/v7e-m\libc.a(lib_a-lock.o)
 .ARM.attributes
                0x000005d9       0x2e c:/program files (x86)/atmel/studio/7.0/toolchain/arm/arm-gnu-toolchain/bin/../lib/gcc/arm-none-eabi/6.3.1/../../../../arm-none-eabi/lib/thumb/v7e-m\libc.a(lib_a-mallocr.o)
 .ARM.attributes
                0x00000607       0x1c c:/program files (x86)/atmel/studio/7.0/toolchain/arm/arm-gnu-toolchain/bin/../lib/gcc/arm-none-eabi/6.3.1/../../../../arm-none-eabi/lib/thumb/v7e-m\libc.a(lib_a-memchr.o)
 .ARM.attributes
                0x00000623       0x1c c:/program files (x86)/atmel/studio/7.0/toolchain/arm/arm-gnu-toolchain/bin/../lib/gcc/arm-none-eabi/6.3.1/../../../../arm-none-eabi/lib/thumb/v7e-m\libc.a(lib_a-memcpy.o)
 .ARM.attributes
                0x0000063f       0x2e c:/program files (x86)/atmel/studio/7.0/toolchain/arm/arm-gnu-toolchain/bin/../lib/gcc/arm-none-eabi/6.3.1/../../../../arm-none-eabi/lib/thumb/v7e-m\libc.a(lib_a-mlock.o)
 .ARM.attributes
                0x0000066d       0x2e c:/program files (x86)/atmel/studio/7.0/toolchain/arm/arm-gnu-toolchain/bin/../lib/gcc/arm-none-eabi/6.3.1/../../../../arm-none-eabi/lib/thumb/v7e-m\libc.a(lib_a-mprec.o)
 .ARM.attributes
                0x0000069b       0x2e c:/program files (x86)/atmel/studio/7.0/toolchain/arm/arm-gnu-toolchain/bin/../lib/gcc/arm-none-eabi/6.3.1/../../../../arm-none-eabi/lib/thumb/v7e-m\libc.a(lib_a-sbrkr.o)
 .ARM.attributes
                0x000006c9       0x1c c:/program files (x86)/atmel/studio/7.0/toolchain/arm/arm-gnu-toolchain/bin/../lib/gcc/arm-none-eabi/6.3.1/../../../../arm-none-eabi/lib/thumb/v7e-m\libc.a(lib_a-strlen.o)
 .ARM.attributes
                0x000006e5       0x2e c:/program files (x86)/atmel/studio/7.0/toolchain/arm/arm-gnu-toolchain/bin/../lib/gcc/arm-none-eabi/6.3.1/../../../../arm-none-eabi/lib/thumb/v7e-m\libc.a(lib_a-svfiprintf.o)
 .ARM.attributes
                0x00000713       0x2e c:/program files (x86)/atmel/studio/7.0/toolchain/arm/arm-gnu-toolchain/bin/../lib/gcc/arm-none-eabi/6.3.1/../../../../arm-none-eabi/lib/thumb/v7e-m\libc.a(lib_a-__atexit.o)
 .ARM.attributes
                0x00000741       0x2e c:/program files (x86)/atmel/studio/7.0/toolchain/arm/arm-gnu-toolchain/bin/../lib/gcc/arm-none-eabi/6.3.1/../../../../arm-none-eabi/lib/thumb/v7e-m\libc.a(lib_a-callocr.o)
 .ARM.attributes
                0x0000076f       0x2e c:/program files (x86)/atmel/studio/7.0/toolchain/arm/arm-gnu-toolchain/bin/../lib/gcc/arm-none-eabi/6.3.1/../../../../arm-none-eabi/lib/thumb/v7e-m\libc.a(lib_a-freer.o)
 .ARM.attributes
                0x0000079d       0x2e c:/program files (x86)/atmel/studio/7.0/toolchain/arm/arm-gnu-toolchain/bin/../lib/gcc/arm-none-eabi/6.3.1/../../../../arm-none-eabi/lib/thumb/v7e-m\libc.a(lib_a-locale.o)
 .ARM.attributes
                0x000007cb       0x2e c:/program files (x86)/atmel/studio/7.0/toolchain/arm/arm-gnu-toolchain/bin/../lib/gcc/arm-none-eabi/6.3.1/../../../../arm-none-eabi/lib/thumb/v7e-m\libc.a(lib_a-mbtowc_r.o)
 .ARM.attributes
                0x000007f9       0x2e c:/program files (x86)/atmel/studio/7.0/toolchain/arm/arm-gnu-toolchain/bin/../lib/gcc/arm-none-eabi/6.3.1/../../../../arm-none-eabi/lib/thumb/v7e-m\libc.a(lib_a-memmove.o)
 .ARM.attributes
                0x00000827       0x2e c:/program files (x86)/atmel/studio/7.0/toolchain/arm/arm-gnu-toolchain/bin/../lib/gcc/arm-none-eabi/6.3.1/../../../../arm-none-eabi/lib/thumb/v7e-m\libc.a(lib_a-reallocr.o)
 .ARM.attributes
                0x00000855       0x2e c:/program files (x86)/atmel/studio/7.0/toolchain/arm/arm-gnu-toolchain/bin/../lib/gcc/arm-none-eabi/6.3.1/../../../../arm-none-eabi/lib/thumb/v7e-m\libc.a(lib_a-reent.o)
 .ARM.attributes
                0x00000883       0x2e c:/program files (x86)/atmel/studio/7.0/toolchain/arm/arm-gnu-toolchain/bin/../lib/gcc/arm-none-eabi/6.3.1/../../../../arm-none-eabi/lib/thumb/v7e-m\libc.a(lib_a-wctomb_r.o)
 .ARM.attributes
                0x000008b1       0x2e c:/program files (x86)/atmel/studio/7.0/toolchain/arm/arm-gnu-toolchain/bin/../lib/gcc/arm-none-eabi/6.3.1/../../../../arm-none-eabi/lib/thumb/v7e-m\libc.a(lib_a-ctype_.o)
 .ARM.attributes
                0x000008df       0x1e c:/program files (x86)/atmel/studio/7.0/toolchain/arm/arm-gnu-toolchain/bin/../lib/gcc/arm-none-eabi/6.3.1/thumb/v7e-m\libgcc.a(_arm_cmpdf2.o)
 .ARM.attributes
                0x000008fd       0x1e c:/program files (x86)/atmel/studio/7.0/toolchain/arm/arm-gnu-toolchain/bin/../lib/gcc/arm-none-eabi/6.3.1/thumb/v7e-m\libgcc.a(_arm_unorddf2.o)
 .ARM.attributes
                0x0000091b       0x1e c:/program files (x86)/atmel/studio/7.0/toolchain/arm/arm-gnu-toolchain/bin/../lib/gcc/arm-none-eabi/6.3.1/thumb/v7e-m\libgcc.a(_arm_fixdfsi.o)
 .ARM.attributes
                0x00000939       0x1e c:/program files (x86)/atmel/studio/7.0/toolchain/arm/arm-gnu-toolchain/bin/../lib/gcc/arm-none-eabi/6.3.1/thumb/v7e-m\libgcc.a(_aeabi_uldivmod.o)
 .ARM.attributes
                0x00000957       0x2e c:/program files (x86)/atmel/studio/7.0/toolchain/arm/arm-gnu-toolchain/bin/../lib/gcc/arm-none-eabi/6.3.1/thumb/v7e-m\libgcc.a(_udivmoddi4.o)
 .ARM.attributes
                0x00000985       0x1e c:/program files (x86)/atmel/studio/7.0/toolchain/arm/arm-gnu-toolchain/bin/../lib/gcc/arm-none-eabi/6.3.1/thumb/v7e-m\libgcc.a(_dvmd_tls.o)
 .ARM.attributes
                0x000009a3       0x1e c:/program files (x86)/atmel/studio/7.0/toolchain/arm/arm-gnu-toolchain/bin/../lib/gcc/arm-none-eabi/6.3.1/thumb/v7e-m/crtn.o

.comment        0x00000000       0x59
 .comment       0x00000000       0x59 src/ASF/sam/drivers/rtc/rtc.o
                                 0x5a (size before relaxing)
 .comment       0x00000059       0x5a src/ASF/sam/drivers/rtt/rtt.o
 .comment       0x00000059       0x5a src/main.o
 .comment       0x00000059       0x5a src/ASF/common/services/spi/sam_spi/spi_master.o
 .comment       0x00000059       0x5a src/ASF/sam/components/display/ili9488/ili9488.o
 .comment       0x00000059       0x5a src/ASF/sam/drivers/spi/spi.o
 .comment       0x00000059       0x5a src/ASF/common/services/clock/same70/sysclk.o
 .comment       0x00000059       0x5a src/ASF/common/utils/interrupt/interrupt_sam_nvic.o
 .comment       0x00000059       0x5a src/ASF/sam/boards/same70_xplained/init.o
 .comment       0x00000059       0x5a src/ASF/sam/drivers/pio/pio.o
 .comment       0x00000059       0x5a src/ASF/sam/drivers/pio/pio_handler.o
 .comment       0x00000059       0x5a src/ASF/sam/drivers/pmc/pmc.o
 .comment       0x00000059       0x5a src/ASF/sam/utils/cmsis/same70/source/templates/gcc/startup_same70.o
 .comment       0x00000059       0x5a src/ASF/sam/utils/cmsis/same70/source/templates/system_same70.o
 .comment       0x00000059       0x5a src/ASF/sam/utils/syscalls/gcc/syscalls.o

.debug_info     0x00000000    0x15766
 .debug_info    0x00000000     0x1158 src/ASF/sam/drivers/rtc/rtc.o
 .debug_info    0x00001158      0xcaf src/ASF/sam/drivers/rtt/rtt.o
 .debug_info    0x00001e07     0x37c8 src/main.o
 .debug_info    0x000055cf     0x143e src/ASF/common/services/spi/sam_spi/spi_master.o
 .debug_info    0x00006a0d     0x208c src/ASF/sam/components/display/ili9488/ili9488.o
 .debug_info    0x00008a99     0x1123 src/ASF/sam/drivers/spi/spi.o
 .debug_info    0x00009bbc     0x1311 src/ASF/common/services/clock/same70/sysclk.o
 .debug_info    0x0000aecd      0xb06 src/ASF/common/utils/interrupt/interrupt_sam_nvic.o
 .debug_info    0x0000b9d3     0x1dad src/ASF/sam/boards/same70_xplained/init.o
 .debug_info    0x0000d780     0x1ce3 src/ASF/sam/drivers/pio/pio.o
 .debug_info    0x0000f463     0x1a74 src/ASF/sam/drivers/pio/pio_handler.o
 .debug_info    0x00010ed7     0x1eed src/ASF/sam/drivers/pmc/pmc.o
 .debug_info    0x00012dc4     0x1612 src/ASF/sam/utils/cmsis/same70/source/templates/gcc/startup_same70.o
 .debug_info    0x000143d6      0x5d4 src/ASF/sam/utils/cmsis/same70/source/templates/system_same70.o
 .debug_info    0x000149aa      0xdbc src/ASF/sam/utils/syscalls/gcc/syscalls.o

.debug_abbrev   0x00000000     0x279c
 .debug_abbrev  0x00000000      0x257 src/ASF/sam/drivers/rtc/rtc.o
 .debug_abbrev  0x00000257      0x203 src/ASF/sam/drivers/rtt/rtt.o
 .debug_abbrev  0x0000045a      0x39b src/main.o
 .debug_abbrev  0x000007f5      0x305 src/ASF/common/services/spi/sam_spi/spi_master.o
 .debug_abbrev  0x00000afa      0x2f4 src/ASF/sam/components/display/ili9488/ili9488.o
 .debug_abbrev  0x00000dee      0x2cf src/ASF/sam/drivers/spi/spi.o
 .debug_abbrev  0x000010bd      0x296 src/ASF/common/services/clock/same70/sysclk.o
 .debug_abbrev  0x00001353      0x214 src/ASF/common/utils/interrupt/interrupt_sam_nvic.o
 .debug_abbrev  0x00001567      0x3f4 src/ASF/sam/boards/same70_xplained/init.o
 .debug_abbrev  0x0000195b      0x296 src/ASF/sam/drivers/pio/pio.o
 .debug_abbrev  0x00001bf1      0x2c9 src/ASF/sam/drivers/pio/pio_handler.o
 .debug_abbrev  0x00001eba      0x2ce src/ASF/sam/drivers/pmc/pmc.o
 .debug_abbrev  0x00002188      0x2e8 src/ASF/sam/utils/cmsis/same70/source/templates/gcc/startup_same70.o
 .debug_abbrev  0x00002470      0x102 src/ASF/sam/utils/cmsis/same70/source/templates/system_same70.o
 .debug_abbrev  0x00002572      0x22a src/ASF/sam/utils/syscalls/gcc/syscalls.o

.debug_loc      0x00000000     0x658a
 .debug_loc     0x00000000      0x730 src/ASF/sam/drivers/rtc/rtc.o
 .debug_loc     0x00000730      0x330 src/ASF/sam/drivers/rtt/rtt.o
 .debug_loc     0x00000a60      0x5da src/main.o
 .debug_loc     0x0000103a      0x830 src/ASF/common/services/spi/sam_spi/spi_master.o
 .debug_loc     0x0000186a      0xd20 src/ASF/sam/components/display/ili9488/ili9488.o
 .debug_loc     0x0000258a      0x630 src/ASF/sam/drivers/spi/spi.o
 .debug_loc     0x00002bba      0x4a0 src/ASF/common/services/clock/same70/sysclk.o
 .debug_loc     0x0000305a       0xa0 src/ASF/common/utils/interrupt/interrupt_sam_nvic.o
 .debug_loc     0x000030fa      0x2fc src/ASF/sam/boards/same70_xplained/init.o
 .debug_loc     0x000033f6     0x1174 src/ASF/sam/drivers/pio/pio.o
 .debug_loc     0x0000456a      0x38c src/ASF/sam/drivers/pio/pio_handler.o
 .debug_loc     0x000048f6     0x1744 src/ASF/sam/drivers/pmc/pmc.o
 .debug_loc     0x0000603a      0x16c src/ASF/sam/utils/cmsis/same70/source/templates/gcc/startup_same70.o
 .debug_loc     0x000061a6       0xe4 src/ASF/sam/utils/cmsis/same70/source/templates/system_same70.o
 .debug_loc     0x0000628a      0x300 src/ASF/sam/utils/syscalls/gcc/syscalls.o

.debug_aranges  0x00000000      0xb28
 .debug_aranges
                0x00000000       0xb8 src/ASF/sam/drivers/rtc/rtc.o
 .debug_aranges
                0x000000b8       0x60 src/ASF/sam/drivers/rtt/rtt.o
 .debug_aranges
                0x00000118       0xb0 src/main.o
 .debug_aranges
                0x000001c8       0xe0 src/ASF/common/services/spi/sam_spi/spi_master.o
 .debug_aranges
                0x000002a8      0x168 src/ASF/sam/components/display/ili9488/ili9488.o
 .debug_aranges
                0x00000410       0xa8 src/ASF/sam/drivers/spi/spi.o
 .debug_aranges
                0x000004b8       0x98 src/ASF/common/services/clock/same70/sysclk.o
 .debug_aranges
                0x00000550       0x28 src/ASF/common/utils/interrupt/interrupt_sam_nvic.o
 .debug_aranges
                0x00000578       0x68 src/ASF/sam/boards/same70_xplained/init.o
 .debug_aranges
                0x000005e0      0x1a8 src/ASF/sam/drivers/pio/pio.o
 .debug_aranges
                0x00000788       0x80 src/ASF/sam/drivers/pio/pio_handler.o
 .debug_aranges
                0x00000808      0x250 src/ASF/sam/drivers/pmc/pmc.o
 .debug_aranges
                0x00000a58       0x40 src/ASF/sam/utils/cmsis/same70/source/templates/gcc/startup_same70.o
 .debug_aranges
                0x00000a98       0x30 src/ASF/sam/utils/cmsis/same70/source/templates/system_same70.o
 .debug_aranges
                0x00000ac8       0x60 src/ASF/sam/utils/syscalls/gcc/syscalls.o

.debug_ranges   0x00000000      0xab0
 .debug_ranges  0x00000000       0xa8 src/ASF/sam/drivers/rtc/rtc.o
 .debug_ranges  0x000000a8       0x50 src/ASF/sam/drivers/rtt/rtt.o
 .debug_ranges  0x000000f8       0xa0 src/main.o
 .debug_ranges  0x00000198       0xd0 src/ASF/common/services/spi/sam_spi/spi_master.o
 .debug_ranges  0x00000268      0x158 src/ASF/sam/components/display/ili9488/ili9488.o
 .debug_ranges  0x000003c0       0x98 src/ASF/sam/drivers/spi/spi.o
 .debug_ranges  0x00000458       0x88 src/ASF/common/services/clock/same70/sysclk.o
 .debug_ranges  0x000004e0       0x18 src/ASF/common/utils/interrupt/interrupt_sam_nvic.o
 .debug_ranges  0x000004f8       0xd0 src/ASF/sam/boards/same70_xplained/init.o
 .debug_ranges  0x000005c8      0x198 src/ASF/sam/drivers/pio/pio.o
 .debug_ranges  0x00000760       0x70 src/ASF/sam/drivers/pio/pio_handler.o
 .debug_ranges  0x000007d0      0x240 src/ASF/sam/drivers/pmc/pmc.o
 .debug_ranges  0x00000a10       0x30 src/ASF/sam/utils/cmsis/same70/source/templates/gcc/startup_same70.o
 .debug_ranges  0x00000a40       0x20 src/ASF/sam/utils/cmsis/same70/source/templates/system_same70.o
 .debug_ranges  0x00000a60       0x50 src/ASF/sam/utils/syscalls/gcc/syscalls.o

.debug_macro    0x00000000    0x206ec
 .debug_macro   0x00000000      0x699 src/ASF/sam/drivers/rtc/rtc.o
 .debug_macro   0x00000699      0x8ce src/ASF/sam/drivers/rtc/rtc.o
 .debug_macro   0x00000f67      0x16d src/ASF/sam/drivers/rtc/rtc.o
 .debug_macro   0x000010d4      0x6d7 src/ASF/sam/drivers/rtc/rtc.o