Archive member included to satisfy reference by file (symbol)

c:/program files (x86)/atmel/studio/7.0/toolchain/arm/arm-gnu-toolchain/bin/../lib/gcc/arm-none-eabi/6.3.1/../../../../arm-none-eabi/lib/thumb/v7e-m\libc.a(lib_a-exit.o)
                              c:/program files (x86)/atmel/studio/7.0/toolchain/arm/arm-gnu-toolchain/bin/../lib/gcc/arm-none-eabi/6.3.1/../../../../arm-none-eabi/lib/thumb/v7e-m/crt0.o (exit)
c:/program files (x86)/atmel/studio/7.0/toolchain/arm/arm-gnu-toolchain/bin/../lib/gcc/arm-none-eabi/6.3.1/../../../../arm-none-eabi/lib/thumb/v7e-m\libc.a(lib_a-impure.o)
                              c:/program files (x86)/atmel/studio/7.0/toolchain/arm/arm-gnu-toolchain/bin/../lib/gcc/arm-none-eabi/6.3.1/../../../../arm-none-eabi/lib/thumb/v7e-m\libc.a(lib_a-exit.o) (_global_impure_ptr)
c:/program files (x86)/atmel/studio/7.0/toolchain/arm/arm-gnu-toolchain/bin/../lib/gcc/arm-none-eabi/6.3.1/../../../../arm-none-eabi/lib/thumb/v7e-m\libc.a(lib_a-init.o)
                              c:/program files (x86)/atmel/studio/7.0/toolchain/arm/arm-gnu-toolchain/bin/../lib/gcc/arm-none-eabi/6.3.1/../../../../arm-none-eabi/lib/thumb/v7e-m/crt0.o (__libc_init_array)
c:/program files (x86)/atmel/studio/7.0/toolchain/arm/arm-gnu-toolchain/bin/../lib/gcc/arm-none-eabi/6.3.1/../../../../arm-none-eabi/lib/thumb/v7e-m\libc.a(lib_a-memset.o)
                              c:/program files (x86)/atmel/studio/7.0/toolchain/arm/arm-gnu-toolchain/bin/../lib/gcc/arm-none-eabi/6.3.1/../../../../arm-none-eabi/lib/thumb/v7e-m/crt0.o (memset)
c:/program files (x86)/atmel/studio/7.0/toolchain/arm/arm-gnu-toolchain/bin/../lib/gcc/arm-none-eabi/6.3.1/../../../../arm-none-eabi/lib/thumb/v7e-m\libc.a(lib_a-__call_atexit.o)
                              c:/program files (x86)/atmel/studio/7.0/toolchain/arm/arm-gnu-toolchain/bin/../lib/gcc/arm-none-eabi/6.3.1/../../../../arm-none-eabi/lib/thumb/v7e-m\libc.a(lib_a-exit.o) (__call_exitprocs)
c:/program files (x86)/atmel/studio/7.0/toolchain/arm/arm-gnu-toolchain/bin/../lib/gcc/arm-none-eabi/6.3.1/../../../../arm-none-eabi/lib/thumb/v7e-m\libc.a(lib_a-atexit.o)
                              c:/program files (x86)/atmel/studio/7.0/toolchain/arm/arm-gnu-toolchain/bin/../lib/gcc/arm-none-eabi/6.3.1/../../../../arm-none-eabi/lib/thumb/v7e-m\libc.a(lib_a-__call_atexit.o) (atexit)
c:/program files (x86)/atmel/studio/7.0/toolchain/arm/arm-gnu-toolchain/bin/../lib/gcc/arm-none-eabi/6.3.1/../../../../arm-none-eabi/lib/thumb/v7e-m\libc.a(lib_a-fini.o)
                              c:/program files (x86)/atmel/studio/7.0/toolchain/arm/arm-gnu-toolchain/bin/../lib/gcc/arm-none-eabi/6.3.1/../../../../arm-none-eabi/lib/thumb/v7e-m\libc.a(lib_a-__call_atexit.o) (__libc_fini_array)
c:/program files (x86)/atmel/studio/7.0/toolchain/arm/arm-gnu-toolchain/bin/../lib/gcc/arm-none-eabi/6.3.1/../../../../arm-none-eabi/lib/thumb/v7e-m\libc.a(lib_a-lock.o)
                              c:/program files (x86)/atmel/studio/7.0/toolchain/arm/arm-gnu-toolchain/bin/../lib/gcc/arm-none-eabi/6.3.1/../../../../arm-none-eabi/lib/thumb/v7e-m\libc.a(lib_a-__call_atexit.o) (__retarget_lock_acquire_recursive)
c:/program files (x86)/atmel/studio/7.0/toolchain/arm/arm-gnu-toolchain/bin/../lib/gcc/arm-none-eabi/6.3.1/../../../../arm-none-eabi/lib/thumb/v7e-m\libc.a(lib_a-__atexit.o)
                              c:/program files (x86)/atmel/studio/7.0/toolchain/arm/arm-gnu-toolchain/bin/../lib/gcc/arm-none-eabi/6.3.1/../../../../arm-none-eabi/lib/thumb/v7e-m\libc.a(lib_a-atexit.o) (__register_exitproc)

Allocating common symbols
Common symbol       size              file

__lock___atexit_recursive_mutex
                    0x1               c:/program files (x86)/atmel/studio/7.0/toolchain/arm/arm-gnu-toolchain/bin/../lib/gcc/arm-none-eabi/6.3.1/../../../../arm-none-eabi/lib/thumb/v7e-m\libc.a(lib_a-lock.o)
__lock___arc4random_mutex
                    0x1               c:/program files (x86)/atmel/studio/7.0/toolchain/arm/arm-gnu-toolchain/bin/../lib/gcc/arm-none-eabi/6.3.1/../../../../arm-none-eabi/lib/thumb/v7e-m\libc.a(lib_a-lock.o)
__lock___env_recursive_mutex
                    0x1               c:/program files (x86)/atmel/studio/7.0/toolchain/arm/arm-gnu-toolchain/bin/../lib/gcc/arm-none-eabi/6.3.1/../../../../arm-none-eabi/lib/thumb/v7e-m\libc.a(lib_a-lock.o)
__lock___sinit_recursive_mutex
                    0x1               c:/program files (x86)/atmel/studio/7.0/toolchain/arm/arm-gnu-toolchain/bin/../lib/gcc/arm-none-eabi/6.3.1/../../../../arm-none-eabi/lib/thumb/v7e-m\libc.a(lib_a-lock.o)
__lock___malloc_recursive_mutex
                    0x1               c:/program files (x86)/atmel/studio/7.0/toolchain/arm/arm-gnu-toolchain/bin/../lib/gcc/arm-none-eabi/6.3.1/../../../../arm-none-eabi/lib/thumb/v7e-m\libc.a(lib_a-lock.o)
pio_capture_enable_flag
                    0x4               src/ASF/sam/drivers/pio/pio.o
g_ili9488_display_opt
                    0x10              src/main.o
[...]
Memory Configuration

Name             Origin             Length             Attributes
rom              0x00400000         0x00200000         xr
ram              0x20400000         0x00060000         xrw
*default*        0x00000000         0xffffffff

Linker script and memory map

LOAD c:/program files (x86)/atmel/studio/7.0/toolchain/arm/arm-gnu-toolchain/bin/../lib/gcc/arm-none-eabi/6.3.1/thumb/v7e-m/crti.o
LOAD c:/program files (x86)/atmel/studio/7.0/toolchain/arm/arm-gnu-toolchain/bin/../lib/gcc/arm-none-eabi/6.3.1/thumb/v7e-m/crtbegin.o
LOAD c:/program files (x86)/atmel/studio/7.0/toolchain/arm/arm-gnu-toolchain/bin/../lib/gcc/arm-none-eabi/6.3.1/../../../../arm-none-eabi/lib/thumb/v7e-m/crt0.o
LOAD src/main.o
LOAD src/ASF/common/services/delay/sam/cycle_counter.o
LOAD src/ASF/common/services/spi/sam_spi/spi_master.o
LOAD src/ASF/sam/components/display/ili9488/ili9488.o
LOAD src/ASF/sam/drivers/spi/spi.o
LOAD src/ASF/common/services/clock/same70/sysclk.o
LOAD src/ASF/common/utils/interrupt/interrupt_sam_nvic.o
LOAD src/ASF/sam/boards/same70_xplained/init.o
LOAD src/ASF/sam/drivers/mpu/mpu.o
LOAD src/ASF/sam/drivers/pio/pio.o
LOAD src/ASF/sam/drivers/pio/pio_handler.o
LOAD src/ASF/sam/drivers/pmc/pmc.o
LOAD src/ASF/sam/drivers/pmc/sleep.o
LOAD src/ASF/sam/utils/cmsis/same70/source/templates/gcc/startup_same70.o
LOAD src/ASF/sam/utils/cmsis/same70/source/templates/system_same70.o
LOAD src/ASF/sam/utils/syscalls/gcc/syscalls.o
START GROUP
LOAD ../src/ASF/thirdparty/CMSIS/Lib/GCC\libarm_cortexM7lfsp_math_softfp.a
LOAD c:/program files (x86)/atmel/studio/7.0/toolchain/arm/arm-gnu-toolchain/bin/../lib/gcc/arm-none-eabi/6.3.1/../../../../arm-none-eabi/lib/thumb/v7e-m\libm.a
END GROUP
START GROUP
LOAD c:/program files (x86)/atmel/studio/7.0/toolchain/arm/arm-gnu-toolchain/bin/../lib/gcc/arm-none-eabi/6.3.1/thumb/v7e-m\libgcc.a
LOAD c:/program files (x86)/atmel/studio/7.0/toolchain/arm/arm-gnu-toolchain/bin/../lib/gcc/arm-none-eabi/6.3.1/../../../../arm-none-eabi/lib/thumb/v7e-m\libc.a
END GROUP
LOAD c:/program files (x86)/atmel/studio/7.0/toolchain/arm/arm-gnu-toolchain/bin/../lib/gcc/arm-none-eabi/6.3.1/thumb/v7e-m/crtend.o
LOAD c:/program files (x86)/atmel/studio/7.0/toolchain/arm/arm-gnu-toolchain/bin/../lib/gcc/arm-none-eabi/6.3.1/thumb/v7e-m/crtn.o
                0x00002000                STACK_SIZE = DEFINED (STACK_SIZE)?STACK_SIZE:0x2000
                0x2045fffc                __ram_end__ = ((ORIGIN (ram) + LENGTH (ram)) - 0x4)
                0x00000200                HEAP_SIZE = DEFINED (HEAP_SIZE)?HEAP_SIZE:0x200

.text           0x00400000    0x4a310
                0x00400000                . = ALIGN (0x4)
                0x00400000                _sfixed = .
 *(.vectors .vectors.*)
 .vectors       0x00400000      0x168 src/ASF/sam/utils/cmsis/same70/source/templates/gcc/startup_same70.o
                0x00400000                exception_table
 *(.text .text.* .gnu.linkonce.t.*)
 .text          0x00400168       0x6c c:/program files (x86)/atmel/studio/7.0/toolchain/arm/arm-gnu-toolchain/bin/../lib/gcc/arm-none-eabi/6.3.1/thumb/v7e-m/crtbegin.o
 .text.configure_lcd
                0x004001d4       0x4c src/main.o
                0x004001d4                configure_lcd
 .text.font_draw_text
                0x00400220       0x88 src/main.o
                0x00400220                font_draw_text
 .text.main     0x004002a8       0x6c src/main.o
                0x004002a8                main
 .text.osc_get_rate
                0x00400314       0x74 src/ASF/common/services/spi/sam_spi/spi_master.o
 .text.sysclk_get_main_hz
                0x00400388       0x20 src/ASF/common/services/spi/sam_spi/spi_master.o
 .text.sysclk_get_peripheral_hz
                0x004003a8       0x14 src/ASF/common/services/spi/sam_spi/spi_master.o
 .text.spi_reset
                0x004003bc       0x1a src/ASF/common/services/spi/sam_spi/spi_master.o
 .text.spi_set_master_mode
                0x004003d6       0x20 src/ASF/common/services/spi/sam_spi/spi_master.o
 .text.spi_set_fixed_peripheral_select
                0x004003f6       0x20 src/ASF/common/services/spi/sam_spi/spi_master.o
 .text.spi_disable_peripheral_select_decode
                0x00400416       0x20 src/ASF/common/services/spi/sam_spi/spi_master.o
 .text.spi_get_peripheral_select_decode_setting
                0x00400436       0x26 src/ASF/common/services/spi/sam_spi/spi_master.o
 .text.spi_disable_mode_fault_detect
                0x0040045c       0x20 src/ASF/common/services/spi/sam_spi/spi_master.o
 .text.spi_disable_loopback
                0x0040047c       0x20 src/ASF/common/services/spi/sam_spi/spi_master.o
 .text.spi_put  0x0040049c       0x1e src/ASF/common/services/spi/sam_spi/spi_master.o
 .text.spi_get  0x004004ba       0x1a src/ASF/common/services/spi/sam_spi/spi_master.o
 .text.spi_is_tx_ready
                0x004004d4       0x26 src/ASF/common/services/spi/sam_spi/spi_master.o
 .text.spi_is_rx_ready
                0x004004fa       0x2c src/ASF/common/services/spi/sam_spi/spi_master.o
 *fill*         0x00400526        0x2 
 .text.spi_write_single
                0x00400528       0x24 src/ASF/common/services/spi/sam_spi/spi_master.o
 .text.spi_read_single
                0x0040054c       0x24 src/ASF/common/services/spi/sam_spi/spi_master.o
 .text.spi_master_init
                0x00400570       0x70 src/ASF/common/services/spi/sam_spi/spi_master.o
                0x00400570                spi_master_init
 .text.spi_master_setup_device
                0x004005e0       0xb4 src/ASF/common/services/spi/sam_spi/spi_master.o
                0x004005e0                spi_master_setup_device
 .text.spi_select_device
                0x00400694       0x58 src/ASF/common/services/spi/sam_spi/spi_master.o
                0x00400694                spi_select_device
 .text.spi_write_packet
                0x004006ec       0x74 src/ASF/common/services/spi/sam_spi/spi_master.o
                0x004006ec                spi_write_packet
 .text.spi_read_packet
                0x00400760       0xac src/ASF/common/services/spi/sam_spi/spi_master.o
                0x00400760                spi_read_packet
 .text.spi_enable
                0x0040080c       0x1a src/ASF/sam/components/display/ili9488/ili9488.o
 .text.spi_enable_interrupt
                0x00400826       0x1c src/ASF/sam/components/display/ili9488/ili9488.o
 *fill*         0x00400842        0x2 
 .text.ili9488_write_ram_prepare
                0x00400844       0x40 src/ASF/sam/components/display/ili9488/ili9488.o
 .text.ili9488_write_ram_buffer
                0x00400884       0x40 src/ASF/sam/components/display/ili9488/ili9488.o
 .text.ili9488_write_register
                0x004008c4       0x78 src/ASF/sam/components/display/ili9488/ili9488.o
 .text.ili9488_read_chipid
                0x0040093c       0xcc src/ASF/sam/components/display/ili9488/ili9488.o
 .text.ili9488_delay
                0x00400a08       0x40 src/ASF/sam/components/display/ili9488/ili9488.o
                0x00400a08                ili9488_delay
 .text.ili9488_check_box_coordinates
                0x00400a48       0xa2 src/ASF/sam/components/display/ili9488/ili9488.o
 *fill*         0x00400aea        0x2 
 .text.ili9488_set_display_direction
                0x00400aec       0x34 src/ASF/sam/components/display/ili9488/ili9488.o
                0x00400aec                ili9488_set_display_direction
 .text.ili9488_set_window
                0x00400b20       0xc8 src/ASF/sam/components/display/ili9488/ili9488.o
                0x00400b20                ili9488_set_window
 .text.ili9488_init
                0x00400be8      0x15c src/ASF/sam/components/display/ili9488/ili9488.o
                0x00400be8                ili9488_init
 .text.ili9488_display_on
                0x00400d44       0x18 src/ASF/sam/components/display/ili9488/ili9488.o
                0x00400d44                ili9488_display_on
 .text.ili9488_set_foreground_color
                0x00400d5c       0x54 src/ASF/sam/components/display/ili9488/ili9488.o
                0x00400d5c                ili9488_set_foreground_color
 .text.ili9488_set_cursor_position
                0x00400db0       0x84 src/ASF/sam/components/display/ili9488/ili9488.o
                0x00400db0                ili9488_set_cursor_position
 .text.ili9488_draw_filled_rectangle
                0x00400e34       0xdc src/ASF/sam/components/display/ili9488/ili9488.o
                0x00400e34                ili9488_draw_filled_rectangle
 .text.ili9488_draw_pixmap
                0x00400f10       0xb4 src/ASF/sam/components/display/ili9488/ili9488.o
                0x00400f10                ili9488_draw_pixmap
 .text.spi_get_peripheral_select_mode
                0x00400fc4       0x26 src/ASF/sam/drivers/spi/spi.o
 *fill*         0x00400fea        0x2 
 .text.sysclk_enable_peripheral_clock
                0x00400fec       0x1c src/ASF/sam/drivers/spi/spi.o
 .text.spi_enable_clock
                0x00401008       0x3c src/ASF/sam/drivers/spi/spi.o
                0x00401008                spi_enable_clock
 .text.spi_set_peripheral_chip_select_value
                0x00401044       0x34 src/ASF/sam/drivers/spi/spi.o
                0x00401044                spi_set_peripheral_chip_select_value
 .text.spi_set_delay_between_chip_select
                0x00401078       0x30 src/ASF/sam/drivers/spi/spi.o
                0x00401078                spi_set_delay_between_chip_select
 .text.spi_write
                0x004010a8       0x80 src/ASF/sam/drivers/spi/spi.o
                0x004010a8                spi_write
 .text.spi_set_clock_polarity
                0x00401128       0x50 src/ASF/sam/drivers/spi/spi.o
                0x00401128                spi_set_clock_polarity
 .text.spi_set_clock_phase
                0x00401178       0x50 src/ASF/sam/drivers/spi/spi.o
                0x00401178                spi_set_clock_phase
 .text.spi_configure_cs_behavior
                0x004011c8       0xa6 src/ASF/sam/drivers/spi/spi.o
                0x004011c8                spi_configure_cs_behavior
 .text.spi_set_bits_per_transfer
                0x0040126e       0x4a src/ASF/sam/drivers/spi/spi.o
                0x0040126e                spi_set_bits_per_transfer
 .text.spi_calc_baudrate_div
                0x004012b8       0x3c src/ASF/sam/drivers/spi/spi.o
                0x004012b8                spi_calc_baudrate_div
 .text.spi_set_baudrate_div
                0x004012f4       0x5e src/ASF/sam/drivers/spi/spi.o
                0x004012f4                spi_set_baudrate_div
 .text.spi_set_transfer_delay
                0x00401352       0x5e src/ASF/sam/drivers/spi/spi.o
                0x00401352                spi_set_transfer_delay
 .text.osc_enable
                0x004013b0       0x88 src/ASF/common/services/clock/same70/sysclk.o
 .text.osc_is_ready
                0x00401438       0x70 src/ASF/common/services/clock/same70/sysclk.o
 .text.osc_get_rate
                0x004014a8       0x74 src/ASF/common/services/clock/same70/sysclk.o
 .text.osc_wait_ready
                0x0040151c       0x2c src/ASF/common/services/clock/same70/sysclk.o
 .text.pll_config_init
                0x00401548       0x6c src/ASF/common/services/clock/same70/sysclk.o
 .text.pll_enable
                0x004015b4       0x40 src/ASF/common/services/clock/same70/sysclk.o
 .text.pll_is_locked
                0x004015f4       0x2c src/ASF/common/services/clock/same70/sysclk.o
 .text.pll_enable_source
                0x00401620       0x38 src/ASF/common/services/clock/same70/sysclk.o
 .text.pll_wait_for_lock
                0x00401658       0x24 src/ASF/common/services/clock/same70/sysclk.o
 .text.sysclk_get_main_hz
                0x0040167c       0x20 src/ASF/common/services/clock/same70/sysclk.o
 .text.sysclk_get_cpu_hz
                0x0040169c       0x14 src/ASF/common/services/clock/same70/sysclk.o
 .text.sysclk_init
                0x004016b0       0x7c src/ASF/common/services/clock/same70/sysclk.o
                0x004016b0                sysclk_init
 .text.SCB_EnableICache
                0x0040172c       0x38 src/ASF/sam/boards/same70_xplained/init.o
 .text.SCB_EnableDCache
                0x00401764       0xa4 src/ASF/sam/boards/same70_xplained/init.o
 .text.sysclk_enable_peripheral_clock
                0x00401808       0x1c src/ASF/sam/boards/same70_xplained/init.o
 .text.ioport_init
                0x00401824       0x2c src/ASF/sam/boards/same70_xplained/init.o
 .text.ioport_set_pin_mode
                0x00401850      0x11c src/ASF/sam/boards/same70_xplained/init.o
 .text.ioport_set_pin_dir
                0x0040196c       0x88 src/ASF/sam/boards/same70_xplained/init.o
 .text.ioport_set_pin_level
                0x004019f4       0x6c src/ASF/sam/boards/same70_xplained/init.o
 .text.ioport_set_pin_sense_mode
                0x00401a60       0xd0 src/ASF/sam/boards/same70_xplained/init.o
 .text.tcm_disable
                0x00401b30       0x44 src/ASF/sam/boards/same70_xplained/init.o
 .text.board_init
                0x00401b74      0x188 src/ASF/sam/boards/same70_xplained/init.o
                0x00401b74                board_init
 .text.pio_pull_up
                0x00401cfc       0x2c src/ASF/sam/drivers/pio/pio.o
                0x00401cfc                pio_pull_up
 .text.pio_set  0x00401d28       0x1c src/ASF/sam/drivers/pio/pio.o
                0x00401d28                pio_set
 .text.pio_set_peripheral
                0x00401d44      0x110 src/ASF/sam/drivers/pio/pio.o
                0x00401d44                pio_set_peripheral
 .text.pio_set_input
                0x00401e54       0x80 src/ASF/sam/drivers/pio/pio.o
                0x00401e54                pio_set_input
 .text.pio_set_output
                0x00401ed4       0x64 src/ASF/sam/drivers/pio/pio.o
                0x00401ed4                pio_set_output
 .text.pio_configure
                0x00401f38       0xcc src/ASF/sam/drivers/pio/pio.o
                0x00401f38                pio_configure
 .text.pio_disable_interrupt
                0x00402004       0x1c src/ASF/sam/drivers/pio/pio.o
                0x00402004                pio_disable_interrupt
 .text.pio_get_interrupt_status
                0x00402020       0x18 src/ASF/sam/drivers/pio/pio.o
                0x00402020                pio_get_interrupt_status
 .text.pio_get_interrupt_mask
                0x00402038       0x18 src/ASF/sam/drivers/pio/pio.o
                0x00402038                pio_get_interrupt_mask
 .text.pio_set_pin_high
                0x00402050       0x30 src/ASF/sam/drivers/pio/pio.o
                0x00402050                pio_set_pin_high
 .text.pio_set_pin_low
                0x00402080       0x30 src/ASF/sam/drivers/pio/pio.o
                0x00402080                pio_set_pin_low
 .text.pio_configure_pin
                0x004020b0      0x1b0 src/ASF/sam/drivers/pio/pio.o
                0x004020b0                pio_configure_pin
 .text.pio_get_pin_group
                0x00402260       0x28 src/ASF/sam/drivers/pio/pio.o
                0x00402260                pio_get_pin_group
 .text.pio_handler_process
                0x00402288       0xb4 src/ASF/sam/drivers/pio/pio_handler.o
                0x00402288                pio_handler_process
 .text.PIOA_Handler
                0x0040233c       0x18 src/ASF/sam/drivers/pio/pio_handler.o
                0x0040233c                PIOA_Handler
 .text.PIOB_Handler
                0x00402354       0x18 src/ASF/sam/drivers/pio/pio_handler.o
                0x00402354                PIOB_Handler
 .text.PIOC_Handler
                0x0040236c       0x18 src/ASF/sam/drivers/pio/pio_handler.o
                0x0040236c                PIOC_Handler
 .text.PIOD_Handler
                0x00402384       0x18 src/ASF/sam/drivers/pio/pio_handler.o
                0x00402384                PIOD_Handler
 .text.PIOE_Handler
                0x0040239c       0x18 src/ASF/sam/drivers/pio/pio_handler.o
                0x0040239c                PIOE_Handler
 .text.pmc_mck_set_division
                0x004023b4       0x7c src/ASF/sam/drivers/pmc/pmc.o
                0x004023b4                pmc_mck_set_division
 .text.pmc_switch_mck_to_pllack
                0x00402430       0x84 src/ASF/sam/drivers/pmc/pmc.o
                0x00402430                pmc_switch_mck_to_pllack
 .text.pmc_switch_sclk_to_32kxtal
                0x004024b4       0x38 src/ASF/sam/drivers/pmc/pmc.o
                0x004024b4                pmc_switch_sclk_to_32kxtal
 .text.pmc_osc_is_ready_32kxtal
                0x004024ec       0x34 src/ASF/sam/drivers/pmc/pmc.o
                0x004024ec                pmc_osc_is_ready_32kxtal
 .text.pmc_switch_mainck_to_fastrc
                0x00402520       0x70 src/ASF/sam/drivers/pmc/pmc.o
                0x00402520                pmc_switch_mainck_to_fastrc
 .text.pmc_switch_mainck_to_xtal
                0x00402590       0x78 src/ASF/sam/drivers/pmc/pmc.o
                0x00402590                pmc_switch_mainck_to_xtal
 .text.pmc_osc_is_ready_mainck
                0x00402608       0x1c src/ASF/sam/drivers/pmc/pmc.o
                0x00402608                pmc_osc_is_ready_mainck
 .text.pmc_disable_pllack
                0x00402624       0x1c src/ASF/sam/drivers/pmc/pmc.o
                0x00402624                pmc_disable_pllack
 .text.pmc_is_locked_pllack
                0x00402640       0x1c src/ASF/sam/drivers/pmc/pmc.o
                0x00402640                pmc_is_locked_pllack
 .text.pmc_is_locked_upll
                0x0040265c       0x1c src/ASF/sam/drivers/pmc/pmc.o
                0x0040265c                pmc_is_locked_upll
 .text.pmc_enable_periph_clk
                0x00402678       0x3c src/ASF/sam/drivers/pmc/pmc.o
                0x00402678                pmc_enable_periph_clk
 .text.cpu_irq_save
                0x004026b4       0x38 src/ASF/sam/utils/cmsis/same70/source/templates/gcc/startup_same70.o
 .text.cpu_irq_is_enabled_flags
                0x004026ec       0x20 src/ASF/sam/utils/cmsis/same70/source/templates/gcc/startup_same70.o
 .text.cpu_irq_restore
                0x0040270c       0x30 src/ASF/sam/utils/cmsis/same70/source/templates/gcc/startup_same70.o
 .text.Reset_Handler
                0x0040273c       0xb0 src/ASF/sam/utils/cmsis/same70/source/templates/gcc/startup_same70.o
                0x0040273c                Reset_Handler
 .text.Dummy_Handler
                0x004027ec        0x6 src/ASF/sam/utils/cmsis/same70/source/templates/gcc/startup_same70.o
                0x004027ec                DACC_Handler
                0x004027ec                DebugMon_Handler
                0x004027ec                UART3_Handler
                0x004027ec                UART2_Handler
                0x004027ec                TRNG_Handler
                0x004027ec                HardFault_Handler
                0x004027ec                TC2_Handler
                0x004027ec                SysTick_Handler
                0x004027ec                AFEC1_Handler
                0x004027ec                PendSV_Handler
                0x004027ec                NMI_Handler
                0x004027ec                TC7_Handler
                0x004027ec                QSPI_Handler
                0x004027ec                ISI_Handler
                0x004027ec                MCAN0_INT0_Handler
                0x004027ec                TC9_Handler
                0x004027ec                RSWDT_Handler
                0x004027ec                USART0_Handler
                0x004027ec                RTT_Handler
                0x004027ec                USBHS_Handler
                0x004027ec                IXC_Handler
                0x004027ec                CCF_Handler
                0x004027ec                RTC_Handler
                0x004027ec                UsageFault_Handler
                0x004027ec                TC6_Handler
                0x004027ec                WDT_Handler
                0x004027ec                MCAN1_INT1_Handler
                0x004027ec                TC4_Handler
                0x004027ec                TC1_Handler
                0x004027ec                HSMCI_Handler
                0x004027ec                UART1_Handler
                0x004027ec                TC3_Handler
                0x004027ec                Dummy_Handler
                0x004027ec                TWIHS1_Handler
                0x004027ec                XDMAC_Handler
                0x004027ec                UART4_Handler
                0x004027ec                PWM1_Handler
                0x004027ec                USART1_Handler
                0x004027ec                PWM0_Handler
                0x004027ec                AFEC0_Handler
                0x004027ec                CCW_Handler
                0x004027ec                TC11_Handler
                0x004027ec                SSC_Handler
                0x004027ec                ACC_Handler
                0x004027ec                PMC_Handler
                0x004027ec                GMAC_Handler
                0x004027ec                MCAN0_INT1_Handler
                0x004027ec                GMAC_Q5_Handler
                0x004027ec                MemManage_Handler
                0x004027ec                SUPC_Handler
                0x004027ec                SVC_Handler
                0x004027ec                TC8_Handler
                0x004027ec                MCAN1_INT0_Handler
                0x004027ec                EFC_Handler
                0x004027ec                GMAC_Q1_Handler
                0x004027ec                USART2_Handler
                0x004027ec                SDRAMC_Handler
                0x004027ec                GMAC_Q2_Handler
                0x004027ec                SPI1_Handler
                0x004027ec                TC10_Handler
                0x004027ec                GMAC_Q3_Handler
                0x004027ec                TWIHS2_Handler
                0x004027ec                I2SC0_Handler
                0x004027ec                UART0_Handler
                0x004027ec                I2SC1_Handler
                0x004027ec                GMAC_Q4_Handler
                0x004027ec                FPU_Handler
                0x004027ec                BusFault_Handler
                0x004027ec                RSTC_Handler
                0x004027ec                TC0_Handler
                0x004027ec                TC5_Handler
                0x004027ec                AES_Handler
                0x004027ec                ICM_Handler
                0x004027ec                TWIHS0_Handler
                0x004027ec                SPI0_Handler
 *fill*         0x004027f2        0x2 
 .text.SystemCoreClockUpdate
                0x004027f4      0x168 src/ASF/sam/utils/cmsis/same70/source/templates/system_same70.o
                0x004027f4                SystemCoreClockUpdate
 .text.system_init_flash
                0x0040295c       0xb0 src/ASF/sam/utils/cmsis/same70/source/templates/system_same70.o
                0x0040295c                system_init_flash
 .text.__libc_init_array
                0x00402a0c       0x50 c:/program files (x86)/atmel/studio/7.0/toolchain/arm/arm-gnu-toolchain/bin/../lib/gcc/arm-none-eabi/6.3.1/../../../../arm-none-eabi/lib/thumb/v7e-m\libc.a(lib_a-init.o)
                0x00402a0c                __libc_init_array
 .text.startup.register_fini
                0x00402a5c       0x14 c:/program files (x86)/atmel/studio/7.0/toolchain/arm/arm-gnu-toolchain/bin/../lib/gcc/arm-none-eabi/6.3.1/../../../../arm-none-eabi/lib/thumb/v7e-m\libc.a(lib_a-__call_atexit.o)
 .text.atexit   0x00402a70        0xc c:/program files (x86)/atmel/studio/7.0/toolchain/arm/arm-gnu-toolchain/bin/../lib/gcc/arm-none-eabi/6.3.1/../../../../arm-none-eabi/lib/thumb/v7e-m\libc.a(lib_a-atexit.o)
                0x00402a70                atexit
 .text.__libc_fini_array
                0x00402a7c       0x34 c:/program files (x86)/atmel/studio/7.0/toolchain/arm/arm-gnu-toolchain/bin/../lib/gcc/arm-none-eabi/6.3.1/../../../../arm-none-eabi/lib/thumb/v7e-m\libc.a(lib_a-fini.o)
                0x00402a7c                __libc_fini_array
 .text.__retarget_lock_acquire_recursive
                0x00402ab0        0x4 c:/program files (x86)/atmel/studio/7.0/toolchain/arm/arm-gnu-toolchain/bin/../lib/gcc/arm-none-eabi/6.3.1/../../../../arm-none-eabi/lib/thumb/v7e-m\libc.a(lib_a-lock.o)
                0x00402ab0                __retarget_lock_acquire_recursive
 .text.__retarget_lock_release_recursive
                0x00402ab4        0x4 c:/program files (x86)/atmel/studio/7.0/toolchain/arm/arm-gnu-toolchain/bin/../lib/gcc/arm-none-eabi/6.3.1/../../../../arm-none-eabi/lib/thumb/v7e-m\libc.a(lib_a-lock.o)
                0x00402ab4                __retarget_lock_release_recursive
 .text.__register_exitproc
                0x00402ab8       0xc4 c:/program files (x86)/atmel/studio/7.0/toolchain/arm/arm-gnu-toolchain/bin/../lib/gcc/arm-none-eabi/6.3.1/../../../../arm-none-eabi/lib/thumb/v7e-m\libc.a(lib_a-__atexit.o)
                0x00402ab8                __register_exitproc
 *(.glue_7t)
 .glue_7t       0x00402b7c        0x0 linker stubs
 *(.glue_7)
 .glue_7        0x00402b7c        0x0 linker stubs
 *(.rodata .rodata* .gnu.linkonce.r.*)
 .rodata.image_data_sourcecodepro_28_0x41
                0x00402b7c      0x138 src/main.o
 .rodata.sourcecodepro_28_0x41
                0x00402cb4       0x10 src/main.o
 .rodata.image_data_sourcecodepro_28_0x42
                0x00402cc4      0x138 src/main.o
 .rodata.sourcecodepro_28_0x42
                0x00402dfc       0x10 src/main.o
 .rodata.image_data_sourcecodepro_28_0x43
                0x00402e0c      0x15f src/main.o
 *fill*         0x00402f6b        0x1 
 .rodata.sourcecodepro_28_0x43
                0x00402f6c       0x10 src/main.o
 .rodata.image_data_sourcecodepro_28_0x44
                0x00402f7c      0x186 src/main.o
 *fill*         0x00403102        0x2 
 .rodata.sourcecodepro_28_0x44
                0x00403104       0x10 src/main.o
 .rodata.image_data_sourcecodepro_28_0x45
                0x00403114      0x138 src/main.o
 .rodata.sourcecodepro_28_0x45
                0x0040324c       0x10 src/main.o
 .rodata.image_data_sourcecodepro_28_0x46
                0x0040325c      0x111 src/main.o
 *fill*         0x0040336d        0x3 
 .rodata.sourcecodepro_28_0x46
                0x00403370       0x10 src/main.o
 .rodata.image_data_sourcecodepro_28_0x47
                0x00403380      0x15f src/main.o
 *fill*         0x004034df        0x1 
 .rodata.sourcecodepro_28_0x47
                0x004034e0       0x10 src/main.o
 .rodata.image_data_sourcecodepro_28_0x48
                0x004034f0      0x15f src/main.o
 *fill*         0x0040364f        0x1 
 .rodata.sourcecodepro_28_0x48
                0x00403650       0x10 src/main.o
 .rodata.image_data_sourcecodepro_28_0x49
                0x00403660       0x9c src/main.o
 .rodata.sourcecodepro_28_0x49
                0x004036fc       0x10 src/main.o
 .rodata.image_data_sourcecodepro_28_0x4a
                0x0040370c       0xea src/main.o
 *fill*         0x004037f6        0x2 
 .rodata.sourcecodepro_28_0x4a
                0x004037f8       0x10 src/main.o
 .rodata.image_data_sourcecodepro_28_0x4b
                0x00403808      0x138 src/main.o
 .rodata.sourcecodepro_28_0x4b
                0x00403940       0x10 src/main.o
 .rodata.image_data_sourcecodepro_28_0x4c
                0x00403950      0x111 src/main.o
 *fill*         0x00403a61        0x3 
 .rodata.sourcecodepro_28_0x4c
                0x00403a64       0x10 src/main.o
 .rodata.image_data_sourcecodepro_28_0x4d
                0x00403a74      0x186 src/main.o
 *fill*         0x00403bfa        0x2 
 .rodata.sourcecodepro_28_0x4d
                0x00403bfc       0x10 src/main.o
 .rodata.image_data_sourcecodepro_28_0x4e
                0x00403c0c      0x15f src/main.o
 *fill*         0x00403d6b        0x1 
 .rodata.sourcecodepro_28_0x4e
                0x00403d6c       0x10 src/main.o
 .rodata.image_data_sourcecodepro_28_0x4f
                0x00403d7c      0x186 src/main.o
 *fill*         0x00403f02        0x2 
 .rodata.sourcecodepro_28_0x4f
                0x00403f04       0x10 src/main.o
 .rodata.image_data_sourcecodepro_28_0x50
                0x00403f14      0x138 src/main.o
 .rodata.sourcecodepro_28_0x50
                0x0040404c       0x10 src/main.o
 .rodata.image_data_sourcecodepro_28_0x51
                0x0040405c      0x186 src/main.o
 *fill*         0x004041e2        0x2 
 .rodata.sourcecodepro_28_0x51
                0x004041e4       0x10 src/main.o
 .rodata.image_data_sourcecodepro_28_0x52
                0x004041f4      0x15f src/main.o
 *fill*         0x00404353        0x1 
 .rodata.sourcecodepro_28_0x52
                0x00404354       0x10 src/main.o
 .rodata.image_data_sourcecodepro_28_0x53
                0x00404364      0x138 src/main.o
 .rodata.sourcecodepro_28_0x53
                0x0040449c       0x10 src/main.o
 .rodata.image_data_sourcecodepro_28_0x54
                0x004044ac      0x138 src/main.o
 .rodata.sourcecodepro_28_0x54
                0x004045e4       0x10 src/main.o
 .rodata.image_data_sourcecodepro_28_0x55
                0x004045f4      0x15f src/main.o
 *fill*         0x00404753        0x1 
 .rodata.sourcecodepro_28_0x55
                0x00404754       0x10 src/main.o
 .rodata.image_data_sourcecodepro_28_0x56
                0x00404764      0x138 src/main.o
 .rodata.sourcecodepro_28_0x56
                0x0040489c       0x10 src/main.o
 .rodata.image_data_sourcecodepro_28_0x57
                0x004048ac      0x222 src/main.o
 *fill*         0x00404ace        0x2 
 .rodata.sourcecodepro_28_0x57
                0x00404ad0       0x10 src/main.o
 .rodata.image_data_sourcecodepro_28_0x58
                0x00404ae0      0x138 src/main.o
 .rodata.sourcecodepro_28_0x58
                0x00404c18       0x10 src/main.o
 .rodata.image_data_sourcecodepro_28_0x59
                0x00404c28      0x138 src/main.o
 .rodata.sourcecodepro_28_0x59
                0x00404d60       0x10 src/main.o
 .rodata.image_data_sourcecodepro_28_0x5a
                0x00404d70      0x138 src/main.o
 .rodata.sourcecodepro_28_0x5a
                0x00404ea8       0x10 src/main.o
 .rodata.sourcecodepro_28_array
                0x00404eb8       0xd0 src/main.o
 .rodata.sourcecodepro_28
                0x00404f88        0xc src/main.o
                0x00404f88                sourcecodepro_28
 .rodata.image_data_calibri_36_0x20
                0x00404f94      0x378 src/main.o
 .rodata.calibri_36_0x20
                0x0040530c       0x10 src/main.o
 .rodata.image_data_calibri_36_0x21
                0x0040531c      0x534 src/main.o
 .rodata.calibri_36_0x21
                0x00405850       0x10 src/main.o
 .rodata.image_data_calibri_36_0x22
                0x00405860      0x612 src/main.o
 *fill*         0x00405e72        0x2 
 .rodata.calibri_36_0x22
                0x00405e74       0x10 src/main.o
 .rodata.image_data_calibri_36_0x23
                0x00405e84      0x7ce src/main.o
 *fill*         0x00406652        0x2 
 .rodata.calibri_36_0x23
                0x00406654       0x10 src/main.o
 .rodata.image_data_calibri_36_0x24
                0x00406664      0x7ce src/main.o
 *fill*         0x00406e32        0x2 
 .rodata.calibri_36_0x24
                0x00406e34       0x10 src/main.o
 .rodata.image_data_calibri_36_0x25
                0x00406e44      0xb46 src/main.o
 *fill*         0x0040798a        0x2 
 .rodata.calibri_36_0x25
                0x0040798c       0x10 src/main.o
 .rodata.image_data_calibri_36_0x26
                0x0040799c      0xad7 src/main.o
 *fill*         0x00408473        0x1 
 .rodata.calibri_36_0x26
                0x00408474       0x10 src/main.o
 .rodata.image_data_calibri_36_0x27
                0x00408484      0x378 src/main.o
 .rodata.calibri_36_0x27
                0x004087fc       0x10 src/main.o
 .rodata.image_data_calibri_36_0x28
                0x0040880c      0x4c5 src/main.o
 *fill*         0x00408cd1        0x3 
 .rodata.calibri_36_0x28
                0x00408cd4       0x10 src/main.o
 .rodata.image_data_calibri_36_0x29
                0x00408ce4      0x4c5 src/main.o
 *fill*         0x004091a9        0x3 
 .rodata.calibri_36_0x29
                0x004091ac       0x10 src/main.o
 .rodata.image_data_calibri_36_0x2a
                0x004091bc      0x7ce src/main.o
 *fill*         0x0040998a        0x2 
 .rodata.calibri_36_0x2a
                0x0040998c       0x10 src/main.o
 .rodata.image_data_calibri_36_0x2b
                0x0040999c      0x7ce src/main.o
 *fill*         0x0040a16a        0x2 
 .rodata.calibri_36_0x2b
                0x0040a16c       0x10 src/main.o
 .rodata.image_data_calibri_36_0x2c
                0x0040a17c      0x3e7 src/main.o
 *fill*         0x0040a563        0x1 
 .rodata.calibri_36_0x2c
                0x0040a564       0x10 src/main.o
 .rodata.image_data_calibri_36_0x2d
                0x0040a574      0x4c5 src/main.o
 *fill*         0x0040aa39        0x3 
 .rodata.calibri_36_0x2d
                0x0040aa3c       0x10 src/main.o
 .rodata.image_data_calibri_36_0x2e
                0x0040aa4c      0x3e7 src/main.o
 *fill*         0x0040ae33        0x1 
 .rodata.calibri_36_0x2e
                0x0040ae34       0x10 src/main.o
 .rodata.image_data_calibri_36_0x2f
                0x0040ae44      0x612 src/main.o
 *fill*         0x0040b456        0x2 
 .rodata.calibri_36_0x2f
                0x0040b458       0x10 src/main.o
 .rodata.image_data_calibri_36_0x30
                0x0040b468      0x7ce src/main.o
 *fill*         0x0040bc36        0x2 
 .rodata.calibri_36_0x30
                0x0040bc38       0x10 src/main.o
 .rodata.image_data_calibri_36_0x31
                0x0040bc48      0x7ce src/main.o
 *fill*         0x0040c416        0x2 
 .rodata.calibri_36_0x31
                0x0040c418       0x10 src/main.o
 .rodata.image_data_calibri_36_0x32
                0x0040c428      0x7ce src/main.o
 *fill*         0x0040cbf6        0x2 
 .rodata.calibri_36_0x32
                0x0040cbf8       0x10 src/main.o
 .rodata.image_data_calibri_36_0x33
                0x0040cc08      0x7ce src/main.o
 *fill*         0x0040d3d6        0x2 
 .rodata.calibri_36_0x33
                0x0040d3d8       0x10 src/main.o
 .rodata.image_data_calibri_36_0x34
                0x0040d3e8      0x7ce src/main.o
 *fill*         0x0040dbb6        0x2 
 .rodata.calibri_36_0x34
                0x0040dbb8       0x10 src/main.o
 .rodata.image_data_calibri_36_0x35
                0x0040dbc8      0x7ce src/main.o
 *fill*         0x0040e396        0x2 
 .rodata.calibri_36_0x35
                0x0040e398       0x10 src/main.o
 .rodata.image_data_calibri_36_0x36
                0x0040e3a8      0x7ce src/main.o
 *fill*         0x0040eb76        0x2 
 .rodata.calibri_36_0x36
                0x0040eb78       0x10 src/main.o
 .rodata.image_data_calibri_36_0x37
                0x0040eb88      0x7ce src/main.o
 *fill*         0x0040f356        0x2 
 .rodata.calibri_36_0x37
                0x0040f358       0x10 src/main.o
 .rodata.image_data_calibri_36_0x38
                0x0040f368      0x7ce src/main.o
 *fill*         0x0040fb36        0x2 
 .rodata.calibri_36_0x38
                0x0040fb38       0x10 src/main.o
 .rodata.image_data_calibri_36_0x39
                0x0040fb48      0x7ce src/main.o
 *fill*         0x00410316        0x2 
 .rodata.calibri_36_0x39
                0x00410318       0x10 src/main.o
 .rodata.image_data_calibri_36_0x3a
                0x00410328      0x456 src/main.o
 *fill*         0x0041077e        0x2 
 .rodata.calibri_36_0x3a
                0x00410780       0x10 src/main.o
 .rodata.image_data_calibri_36_0x3b
                0x00410790      0x456 src/main.o
 *fill*         0x00410be6        0x2 
 .rodata.calibri_36_0x3b
                0x00410be8       0x10 src/main.o
 .rodata.image_data_calibri_36_0x3c
                0x00410bf8      0x7ce src/main.o
 *fill*         0x004113c6        0x2 
 .rodata.calibri_36_0x3c
                0x004113c8       0x10 src/main.o
 .rodata.image_data_calibri_36_0x3d
                0x004113d8      0x7ce src/main.o
 *fill*         0x00411ba6        0x2 
 .rodata.calibri_36_0x3d
                0x00411ba8       0x10 src/main.o
 .rodata.image_data_calibri_36_0x3e
                0x00411bb8      0x7ce src/main.o
 *fill*         0x00412386        0x2 
 .rodata.calibri_36_0x3e
                0x00412388       0x10 src/main.o
 .rodata.image_data_calibri_36_0x3f
                0x00412398      0x75f src/main.o
 *fill*         0x00412af7        0x1 
 .rodata.calibri_36_0x3f
                0x00412af8       0x10 src/main.o
 .rodata.image_data_calibri_36_0x40
                0x00412b08      0xde0 src/main.o
 .rodata.calibri_36_0x40
                0x004138e8       0x10 src/main.o
 .rodata.image_data_calibri_36_0x41
                0x004138f8      0x91b src/main.o
 *fill*         0x00414213        0x1 
 .rodata.calibri_36_0x41
                0x00414214       0x10 src/main.o
 .rodata.image_data_calibri_36_0x42
                0x00414224      0x8ac src/main.o
 .rodata.calibri_36_0x42
                0x00414ad0       0x10 src/main.o
 .rodata.image_data_calibri_36_0x43
                0x00414ae0      0x83d src/main.o
 *fill*         0x0041531d        0x3 
 .rodata.calibri_36_0x43
                0x00415320       0x10 src/main.o
 .rodata.image_data_calibri_36_0x44
                0x00415330      0x98a src/main.o
 *fill*         0x00415cba        0x2 
 .rodata.calibri_36_0x44
                0x00415cbc       0x10 src/main.o
 .rodata.image_data_calibri_36_0x45
                0x00415ccc      0x7ce src/main.o
 *fill*         0x0041649a        0x2 
 .rodata.calibri_36_0x45
                0x0041649c       0x10 src/main.o
 .rodata.image_data_calibri_36_0x46
                0x004164ac      0x75f src/main.o
 *fill*         0x00416c0b        0x1 
 .rodata.calibri_36_0x46
                0x00416c0c       0x10 src/main.o
 .rodata.image_data_calibri_36_0x47
                0x00416c1c      0x9f9 src/main.o
 *fill*         0x00417615        0x3 
 .rodata.calibri_36_0x47
                0x00417618       0x10 src/main.o
 .rodata.image_data_calibri_36_0x48
                0x00417628      0x98a src/main.o
 *fill*         0x00417fb2        0x2 
 .rodata.calibri_36_0x48
                0x00417fb4       0x10 src/main.o
 .rodata.image_data_calibri_36_0x49
                0x00417fc4      0x3e7 src/main.o
 *fill*         0x004183ab        0x1 
 .rodata.calibri_36_0x49
                0x004183ac       0x10 src/main.o
 .rodata.image_data_calibri_36_0x4a
                0x004183bc      0x4c5 src/main.o
 *fill*         0x00418881        0x3 
 .rodata.calibri_36_0x4a
                0x00418884       0x10 src/main.o
 .rodata.image_data_calibri_36_0x4b
                0x00418894      0x83d src/main.o
 *fill*         0x004190d1        0x3 
 .rodata.calibri_36_0x4b
                0x004190d4       0x10 src/main.o
 .rodata.image_data_calibri_36_0x4c
                0x004190e4      0x681 src/main.o
 *fill*         0x00419765        0x3 
 .rodata.calibri_36_0x4c
                0x00419768       0x10 src/main.o
 .rodata.image_data_calibri_36_0x4d
                0x00419778      0xd71 src/main.o
 *fill*         0x0041a4e9        0x3 
 .rodata.calibri_36_0x4d
                0x0041a4ec       0x10 src/main.o
 .rodata.image_data_calibri_36_0x4e
                0x0041a4fc      0x9f9 src/main.o
 *fill*         0x0041aef5        0x3 
 .rodata.calibri_36_0x4e
                0x0041aef8       0x10 src/main.o
 .rodata.image_data_calibri_36_0x4f
                0x0041af08      0xa68 src/main.o
 .rodata.calibri_36_0x4f
                0x0041b970       0x10 src/main.o
 .rodata.image_data_calibri_36_0x50
                0x0041b980      0x83d src/main.o
 *fill*         0x0041c1bd        0x3 
 .rodata.calibri_36_0x50
                0x0041c1c0       0x10 src/main.o
 .rodata.image_data_calibri_36_0x51
                0x0041c1d0      0xad7 src/main.o
 *fill*         0x0041cca7        0x1 
 .rodata.calibri_36_0x51
                0x0041cca8       0x10 src/main.o
 .rodata.image_data_calibri_36_0x52
                0x0041ccb8      0x8ac src/main.o
 .rodata.calibri_36_0x52
                0x0041d564       0x10 src/main.o
 .rodata.image_data_calibri_36_0x53
                0x0041d574      0x75f src/main.o
 *fill*         0x0041dcd3        0x1 
 .rodata.calibri_36_0x53
                0x0041dcd4       0x10 src/main.o
 .rodata.image_data_calibri_36_0x54
                0x0041dce4      0x7ce src/main.o
 *fill*         0x0041e4b2        0x2 
 .rodata.calibri_36_0x54
                0x0041e4b4       0x10 src/main.o
 .rodata.image_data_calibri_36_0x55
                0x0041e4c4      0x9f9 src/main.o
 *fill*         0x0041eebd        0x3 
 .rodata.calibri_36_0x55
                0x0041eec0       0x10 src/main.o
 .rodata.image_data_calibri_36_0x56
                0x0041eed0      0x8ac src/main.o
 .rodata.calibri_36_0x56
                0x0041f77c       0x10 src/main.o
 .rodata.image_data_calibri_36_0x57
                0x0041f78c      0xde0 src/main.o
 .rodata.calibri_36_0x57
                0x0042056c       0x10 src/main.o
 .rodata.image_data_calibri_36_0x58
                0x0042057c      0x83d src/main.o
 *fill*         0x00420db9        0x3 
 .rodata.calibri_36_0x58
                0x00420dbc       0x10 src/main.o
 .rodata.image_data_calibri_36_0x59
                0x00420dcc      0x7ce src/main.o
 *fill*         0x0042159a        0x2 
 .rodata.calibri_36_0x59
                0x0042159c       0x10 src/main.o
 .rodata.image_data_calibri_36_0x5a
                0x004215ac      0x75f src/main.o
 *fill*         0x00421d0b        0x1 
 .rodata.calibri_36_0x5a
                0x00421d0c       0x10 src/main.o
 .rodata.image_data_calibri_36_0x5b
                0x00421d1c      0x4c5 src/main.o
 *fill*         0x004221e1        0x3 
 .rodata.calibri_36_0x5b
                0x004221e4       0x10 src/main.o
 .rodata.image_data_calibri_36_0x5c
                0x004221f4      0x612 src/main.o
 *fill*         0x00422806        0x2 
 .rodata.calibri_36_0x5c
                0x00422808       0x10 src/main.o
 .rodata.image_data_calibri_36_0x5d
                0x00422818      0x4c5 src/main.o
 *fill*         0x00422cdd        0x3 
 .rodata.calibri_36_0x5d
                0x00422ce0       0x10 src/main.o
 .rodata.image_data_calibri_36_0x5e
                0x00422cf0      0x7ce src/main.o
 *fill*         0x004234be        0x2 
 .rodata.calibri_36_0x5e
                0x004234c0       0x10 src/main.o
 .rodata.image_data_calibri_36_0x5f
                0x004234d0      0x7ce src/main.o
 *fill*         0x00423c9e        0x2 
 .rodata.calibri_36_0x5f
                0x00423ca0       0x10 src/main.o
 .rodata.image_data_calibri_36_0x60
                0x00423cb0      0x456 src/main.o
 *fill*         0x00424106        0x2 
 .rodata.calibri_36_0x60
                0x00424108       0x10 src/main.o
 .rodata.image_data_calibri_36_0x61
                0x00424118      0x75f src/main.o
 *fill*         0x00424877        0x1 
 .rodata.calibri_36_0x61
                0x00424878       0x10 src/main.o
 .rodata.image_data_calibri_36_0x62
                0x00424888      0x83d src/main.o
 *fill*         0x004250c5        0x3 
 .rodata.calibri_36_0x62
                0x004250c8       0x10 src/main.o
 .rodata.image_data_calibri_36_0x63
                0x004250d8      0x681 src/main.o
 *fill*         0x00425759        0x3 
 .rodata.calibri_36_0x63
                0x0042575c       0x10 src/main.o
 .rodata.image_data_calibri_36_0x64
                0x0042576c      0x83d src/main.o
 *fill*         0x00425fa9        0x3 
 .rodata.calibri_36_0x64
                0x00425fac       0x10 src/main.o
 .rodata.image_data_calibri_36_0x65
                0x00425fbc      0x7ce src/main.o
 *fill*         0x0042678a        0x2 
 .rodata.calibri_36_0x65
                0x0042678c       0x10 src/main.o
 .rodata.image_data_calibri_36_0x66
                0x0042679c      0x4c5 src/main.o
 *fill*         0x00426c61        0x3 
 .rodata.calibri_36_0x66
                0x00426c64       0x10 src/main.o
 .rodata.image_data_calibri_36_0x67
                0x00426c74      0x75f src/main.o
 *fill*         0x004273d3        0x1 
 .rodata.calibri_36_0x67
                0x004273d4       0x10 src/main.o
 .rodata.image_data_calibri_36_0x68
                0x004273e4      0x83d src/main.o
 *fill*         0x00427c21        0x3 
 .rodata.calibri_36_0x68
                0x00427c24       0x10 src/main.o
 .rodata.image_data_calibri_36_0x69
                0x00427c34      0x378 src/main.o
 .rodata.calibri_36_0x69
                0x00427fac       0x10 src/main.o
 .rodata.image_data_calibri_36_0x6a
                0x00427fbc      0x3e7 src/main.o
 *fill*         0x004283a3        0x1 
 .rodata.calibri_36_0x6a
                0x004283a4       0x10 src/main.o
 .rodata.image_data_calibri_36_0x6b
                0x004283b4      0x6f0 src/main.o
 .rodata.calibri_36_0x6b
                0x00428aa4       0x10 src/main.o
 .rodata.image_data_calibri_36_0x6c
                0x00428ab4      0x378 src/main.o
 .rodata.calibri_36_0x6c
                0x00428e2c       0x10 src/main.o
 .rodata.image_data_calibri_36_0x6d
                0x00428e3c      0xc93 src/main.o
 *fill*         0x00429acf        0x1 
 .rodata.calibri_36_0x6d
                0x00429ad0       0x10 src/main.o
 .rodata.image_data_calibri_36_0x6e
                0x00429ae0      0x83d src/main.o
 *fill*         0x0042a31d        0x3 
 .rodata.calibri_36_0x6e
                0x0042a320       0x10 src/main.o
 .rodata.image_data_calibri_36_0x6f
                0x0042a330      0x83d src/main.o
 *fill*         0x0042ab6d        0x3 
 .rodata.calibri_36_0x6f
                0x0042ab70       0x10 src/main.o
 .rodata.image_data_calibri_36_0x70
                0x0042ab80      0x83d src/main.o
 *fill*         0x0042b3bd        0x3 
 .rodata.calibri_36_0x70
                0x0042b3c0       0x10 src/main.o
 .rodata.image_data_calibri_36_0x71
                0x0042b3d0      0x83d src/main.o
 *fill*         0x0042bc0d        0x3 
 .rodata.calibri_36_0x71
                0x0042bc10       0x10 src/main.o
 .rodata.image_data_calibri_36_0x72
                0x0042bc20      0x5a3 src/main.o
 *fill*         0x0042c1c3        0x1 
 .rodata.calibri_36_0x72
                0x0042c1c4       0x10 src/main.o
 .rodata.image_data_calibri_36_0x73
                0x0042c1d4      0x612 src/main.o
 *fill*         0x0042c7e6        0x2 
 .rodata.calibri_36_0x73
                0x0042c7e8       0x10 src/main.o
 .rodata.image_data_calibri_36_0x74
                0x0042c7f8      0x534 src/main.o
 .rodata.calibri_36_0x74
                0x0042cd2c       0x10 src/main.o
 .rodata.image_data_calibri_36_0x75
                0x0042cd3c      0x83d src/main.o
 *fill*         0x0042d579        0x3 
 .rodata.calibri_36_0x75
                0x0042d57c       0x10 src/main.o
 .rodata.image_data_calibri_36_0x76
                0x0042d58c      0x6f0 src/main.o
 .rodata.calibri_36_0x76
                0x0042dc7c       0x10 src/main.o
 .rodata.image_data_calibri_36_0x77
                0x0042dc8c      0xb46 src/main.o
 *fill*         0x0042e7d2        0x2 
 .rodata.calibri_36_0x77
                0x0042e7d4       0x10 src/main.o
 .rodata.image_data_calibri_36_0x78
                0x0042e7e4      0x6f0 src/main.o
 .rodata.calibri_36_0x78
                0x0042eed4       0x10 src/main.o
 .rodata.image_data_calibri_36_0x79
                0x0042eee4      0x6f0 src/main.o
 .rodata.calibri_36_0x79
                0x0042f5d4       0x10 src/main.o
 .rodata.image_data_calibri_36_0x7a
                0x0042f5e4      0x612 src/main.o
 *fill*         0x0042fbf6        0x2 
 .rodata.calibri_36_0x7a
                0x0042fbf8       0x10 src/main.o
 .rodata.image_data_calibri_36_0x7b
                0x0042fc08      0x4c5 src/main.o
 *fill*         0x004300cd        0x3 
 .rodata.calibri_36_0x7b
                0x004300d0       0x10 src/main.o
 .rodata.image_data_calibri_36_0x7c
                0x004300e0      0x75f src/main.o
 *fill*         0x0043083f        0x1 
 .rodata.calibri_36_0x7c
                0x00430840       0x10 src/main.o
 .rodata.image_data_calibri_36_0x7d
                0x00430850      0x4c5 src/main.o
 *fill*         0x00430d15        0x3 
 .rodata.calibri_36_0x7d
                0x00430d18       0x10 src/main.o
 .rodata.image_data_calibri_36_0x7e
                0x00430d28      0x7ce src/main.o
 *fill*         0x004314f6        0x2 
 .rodata.calibri_36_0x7e
                0x004314f8       0x10 src/main.o
 .rodata.calibri_36_array
                0x00431508      0x2f8 src/main.o
 .rodata.calibri_36
                0x00431800        0xc src/main.o
                0x00431800                calibri_36
 .rodata.image_data_arial_72_0x30
                0x0043180c     0x2760 src/main.o
 .rodata.arial_72_0x30
                0x00433f6c       0x10 src/main.o
 .rodata.image_data_arial_72_0x31
                0x00433f7c     0x2760 src/main.o
 .rodata.arial_72_0x31
                0x004366dc       0x10 src/main.o
 .rodata.image_data_arial_72_0x32
                0x004366ec     0x2760 src/main.o
 .rodata.arial_72_0x32
                0x00438e4c       0x10 src/main.o
 .rodata.image_data_arial_72_0x33
                0x00438e5c     0x2760 src/main.o
 .rodata.arial_72_0x33
                0x0043b5bc       0x10 src/main.o
 .rodata.image_data_arial_72_0x34
                0x0043b5cc     0x2760 src/main.o
 .rodata.arial_72_0x34
                0x0043dd2c       0x10 src/main.o
 .rodata.image_data_arial_72_0x35
                0x0043dd3c     0x2760 src/main.o
 .rodata.arial_72_0x35
                0x0044049c       0x10 src/main.o
 .rodata.image_data_arial_72_0x36
                0x004404ac     0x2760 src/main.o
 .rodata.arial_72_0x36
                0x00442c0c       0x10 src/main.o
 .rodata.image_data_arial_72_0x37
                0x00442c1c     0x2760 src/main.o
 .rodata.arial_72_0x37
                0x0044537c       0x10 src/main.o
 .rodata.image_data_arial_72_0x38
                0x0044538c     0x2760 src/main.o
 .rodata.arial_72_0x38
                0x00447aec       0x10 src/main.o
 .rodata.image_data_arial_72_0x39
                0x00447afc     0x2760 src/main.o
 .rodata.arial_72_0x39
                0x0044a25c       0x10 src/main.o
 .rodata.arial_72_array
                0x0044a26c       0x50 src/main.o
 .rodata.arial_72
                0x0044a2bc        0xc src/main.o
                0x0044a2bc                arial_72
 .rodata        0x0044a2c8       0x1f src/main.o
 *fill*         0x0044a2e7        0x1 
 .rodata._global_impure_ptr
                0x0044a2e8        0x4 c:/program files (x86)/atmel/studio/7.0/toolchain/arm/arm-gnu-toolchain/bin/../lib/gcc/arm-none-eabi/6.3.1/../../../../arm-none-eabi/lib/thumb/v7e-m\libc.a(lib_a-impure.o)
                0x0044a2e8                _global_impure_ptr
 *(.ARM.extab* .gnu.linkonce.armextab.*)
                0x0044a2ec                . = ALIGN (0x4)
 *(.init)
 .init          0x0044a2ec        0x4 c:/program files (x86)/atmel/studio/7.0/toolchain/arm/arm-gnu-toolchain/bin/../lib/gcc/arm-none-eabi/6.3.1/thumb/v7e-m/crti.o
                0x0044a2ec                _init
 .init          0x0044a2f0        0x8 c:/program files (x86)/atmel/studio/7.0/toolchain/arm/arm-gnu-toolchain/bin/../lib/gcc/arm-none-eabi/6.3.1/thumb/v7e-m/crtn.o
                0x0044a2f8                . = ALIGN (0x4)
                0x0044a2f8                __preinit_array_start = .
 *(.preinit_array)
                0x0044a2f8                __preinit_array_end = .
                0x0044a2f8                . = ALIGN (0x4)
                0x0044a2f8                __init_array_start = .
 *(SORT(.init_array.*))
 .init_array.00000
                0x0044a2f8        0x4 c:/program files (x86)/atmel/studio/7.0/toolchain/arm/arm-gnu-toolchain/bin/../lib/gcc/arm-none-eabi/6.3.1/../../../../arm-none-eabi/lib/thumb/v7e-m\libc.a(lib_a-__call_atexit.o)
 *(.init_array)
 .init_array    0x0044a2fc        0x4 c:/program files (x86)/atmel/studio/7.0/toolchain/arm/arm-gnu-toolchain/bin/../lib/gcc/arm-none-eabi/6.3.1/thumb/v7e-m/crtbegin.o
                0x0044a300                __init_array_end = .
                0x0044a300                . = ALIGN (0x4)
 *crtbegin.o(.ctors)
 *(EXCLUDE_FILE(*crtend.o) .ctors)
 *(SORT(.ctors.*))
 *crtend.o(.ctors)
                0x0044a300                . = ALIGN (0x4)
 *(.fini)
 .fini          0x0044a300        0x4 c:/program files (x86)/atmel/studio/7.0/toolchain/arm/arm-gnu-toolchain/bin/../lib/gcc/arm-none-eabi/6.3.1/thumb/v7e-m/crti.o
                0x0044a300                _fini
 .fini          0x0044a304        0x8 c:/program files (x86)/atmel/studio/7.0/toolchain/arm/arm-gnu-toolchain/bin/../lib/gcc/arm-none-eabi/6.3.1/thumb/v7e-m/crtn.o
                0x0044a30c                . = ALIGN (0x4)
                0x0044a30c                __fini_array_start = .
 *(.fini_array)
 .fini_array    0x0044a30c        0x4 c:/program files (x86)/atmel/studio/7.0/toolchain/arm/arm-gnu-toolchain/bin/../lib/gcc/arm-none-eabi/6.3.1/thumb/v7e-m/crtbegin.o
 *(SORT(.fini_array.*))
                0x0044a310                __fini_array_end = .
 *crtbegin.o(.dtors)
 *(EXCLUDE_FILE(*crtend.o) .dtors)
 *(SORT(.dtors.*))
 *crtend.o(.dtors)
                0x0044a310                . = ALIGN (0x4)
                0x0044a310                _efixed = .
                [!provide]                PROVIDE (__exidx_start, .)

.vfp11_veneer   0x0044a310        0x0
 .vfp11_veneer  0x0044a310        0x0 linker stubs

.v4_bx          0x0044a310        0x0
 .v4_bx         0x0044a310        0x0 linker stubs

.iplt           0x0044a310        0x0
 .iplt          0x0044a310        0x0 c:/program files (x86)/atmel/studio/7.0/toolchain/arm/arm-gnu-toolchain/bin/../lib/gcc/arm-none-eabi/6.3.1/thumb/v7e-m/crtbegin.o

.eh_frame       0x0044a310        0x0
 .eh_frame      0x0044a310        0x0 c:/program files (x86)/atmel/studio/7.0/toolchain/arm/arm-gnu-toolchain/bin/../lib/gcc/arm-none-eabi/6.3.1/thumb/v7e-m/crtbegin.o

.rel.dyn        0x0044a310        0x0
 .rel.iplt      0x0044a310        0x0 c:/program files (x86)/atmel/studio/7.0/toolchain/arm/arm-gnu-toolchain/bin/../lib/gcc/arm-none-eabi/6.3.1/thumb/v7e-m/crtbegin.o

.jcr            0x0044a310        0x0
 .jcr           0x0044a310        0x0 c:/program files (x86)/atmel/studio/7.0/toolchain/arm/arm-gnu-toolchain/bin/../lib/gcc/arm-none-eabi/6.3.1/thumb/v7e-m/crtbegin.o

.igot.plt       0x0044a310        0x0
 .igot.plt      0x0044a310        0x0 c:/program files (x86)/atmel/studio/7.0/toolchain/arm/arm-gnu-toolchain/bin/../lib/gcc/arm-none-eabi/6.3.1/thumb/v7e-m/crtbegin.o

.ARM.exidx
 *(.ARM.exidx* .gnu.linkonce.armexidx.*)
                [!provide]                PROVIDE (__exidx_end, .)
                0x0044a310                . = ALIGN (0x4)
                0x0044a310                _etext = .

.relocate       0x20400000      0x434 load address 0x0044a310
                0x20400000                . = ALIGN (0x4)
                0x20400000                _srelocate = .
 *(.ramfunc .ramfunc.*)
 *(.data .data.*)
 .data.g_interrupt_enabled
                0x20400000        0x1 src/ASF/common/utils/interrupt/interrupt_sam_nvic.o
                0x20400000                g_interrupt_enabled
 *fill*         0x20400001        0x3 
 .data.SystemCoreClock
                0x20400004        0x4 src/ASF/sam/utils/cmsis/same70/source/templates/system_same70.o
                0x20400004                SystemCoreClock
 .data.impure_data
                0x20400008      0x428 c:/program files (x86)/atmel/studio/7.0/toolchain/arm/arm-gnu-toolchain/bin/../lib/gcc/arm-none-eabi/6.3.1/../../../../arm-none-eabi/lib/thumb/v7e-m\libc.a(lib_a-impure.o)
 .data.__atexit_recursive_mutex
                0x20400430        0x4 c:/program files (x86)/atmel/studio/7.0/toolchain/arm/arm-gnu-toolchain/bin/../lib/gcc/arm-none-eabi/6.3.1/../../../../arm-none-eabi/lib/thumb/v7e-m\libc.a(lib_a-__call_atexit.o)
                0x20400430                __atexit_recursive_mutex
                0x20400434                . = ALIGN (0x4)
                0x20400434                _erelocate = .

.bss            0x20400434      0x480 load address 0x0044a744
                0x20400434                . = ALIGN (0x4)
                0x20400434                _sbss = .
                0x20400434                _szero = .
 *(.bss .bss.*)
 .bss           0x20400434       0x1c c:/program files (x86)/atmel/studio/7.0/toolchain/arm/arm-gnu-toolchain/bin/../lib/gcc/arm-none-eabi/6.3.1/thumb/v7e-m/crtbegin.o
 .bss.g_ul_pixel_cache
                0x20400450      0x3c0 src/ASF/sam/components/display/ili9488/ili9488.o
 .bss.gs_interrupt_sources
                0x20400810       0x70 src/ASF/sam/drivers/pio/pio_handler.o
 *(COMMON)
 COMMON         0x20400880       0x10 src/main.o
                0x20400880                g_ili9488_display_opt
 COMMON         0x20400890       0x21 c:/program files (x86)/atmel/studio/7.0/toolchain/arm/arm-gnu-toolchain/bin/../lib/gcc/arm-none-eabi/6.3.1/../../../../arm-none-eabi/lib/thumb/v7e-m\libc.a(lib_a-lock.o)
                0x20400890                __lock___atexit_recursive_mutex
                0x20400894                __lock___arc4random_mutex
                0x20400898                __lock___env_recursive_mutex
                0x2040089c                __lock___sinit_recursive_mutex
                0x204008a0                __lock___malloc_recursive_mutex
                0x204008a4                __lock___at_quick_exit_mutex
                0x204008a8                __lock___dd_hash_mutex
                0x204008ac                __lock___tz_mutex
                0x204008b0                __lock___sfp_recursive_mutex
                0x204008b4                . = ALIGN (0x4)
 *fill*         0x204008b1        0x3 
                0x204008b4                _ebss = .
                0x204008b4                _ezero = .

.stack          0x204008b4     0x2004 load address 0x0044abc4
                0x204008b8                . = ALIGN (0x8)
 *fill*         0x204008b4        0x4 
                0x204008b8                _sstack = .
                0x204028b8                . = (. + STACK_SIZE)
 *fill*         0x204008b8     0x2000 
                0x204028b8                . = ALIGN (0x8)
                0x204028b8                _estack = .

.heap           0x204028b8      0x200 load address 0x0044cbc8
                0x204028b8                . = ALIGN (0x8)
                0x204028b8                _sheap = .
                0x20402ab8                . = (. + HEAP_SIZE)
 *fill*         0x204028b8      0x200 
                0x20402ab8                . = ALIGN (0x8)
                0x20402ab8                _eheap = .
                0x20402ab8                . = ALIGN (0x4)
                0x20402ab8                _end = .
                0x2045ffff                _ram_end_ = ((ORIGIN (ram) + LENGTH (ram)) - 0x1)
OUTPUT(SAME70_FONTS.elf elf32-littlearm)

.ARM.attributes
                0x00000000       0x2e
 .ARM.attributes
                0x00000000       0x1e c:/program files (x86)/atmel/studio/7.0/toolchain/arm/arm-gnu-toolchain/bin/../lib/gcc/arm-none-eabi/6.3.1/thumb/v7e-m/crti.o
 .ARM.attributes
                0x0000001e       0x2e c:/program files (x86)/atmel/studio/7.0/toolchain/arm/arm-gnu-toolchain/bin/../lib/gcc/arm-none-eabi/6.3.1/thumb/v7e-m/crtbegin.o
 .ARM.attributes
                0x0000004c       0x37 src/main.o
 .ARM.attributes
                0x00000083       0x37 src/ASF/common/services/spi/sam_spi/spi_master.o
 .ARM.attributes
                0x000000ba       0x37 src/ASF/sam/components/display/ili9488/ili9488.o
 .ARM.attributes
                0x000000f1       0x37 src/ASF/sam/drivers/spi/spi.o
 .ARM.attributes
                0x00000128       0x37 src/ASF/common/services/clock/same70/sysclk.o
 .ARM.attributes
                0x0000015f       0x37 src/ASF/common/utils/interrupt/interrupt_sam_nvic.o
 .ARM.attributes
                0x00000196       0x37 src/ASF/sam/boards/same70_xplained/init.o
 .ARM.attributes
                0x000001cd       0x37 src/ASF/sam/drivers/pio/pio.o
 .ARM.attributes
                0x00000204       0x37 src/ASF/sam/drivers/pio/pio_handler.o
 .ARM.attributes
                0x0000023b       0x37 src/ASF/sam/drivers/pmc/pmc.o
 .ARM.attributes
                0x00000272       0x37 src/ASF/sam/utils/cmsis/same70/source/templates/gcc/startup_same70.o
 .ARM.attributes
                0x000002a9       0x37 src/ASF/sam/utils/cmsis/same70/source/templates/system_same70.o
 .ARM.attributes
                0x000002e0       0x2e c:/program files (x86)/atmel/studio/7.0/toolchain/arm/arm-gnu-toolchain/bin/../lib/gcc/arm-none-eabi/6.3.1/../../../../arm-none-eabi/lib/thumb/v7e-m\libc.a(lib_a-impure.o)
 .ARM.attributes
                0x0000030e       0x2e c:/program files (x86)/atmel/studio/7.0/toolchain/arm/arm-gnu-toolchain/bin/../lib/gcc/arm-none-eabi/6.3.1/../../../../arm-none-eabi/lib/thumb/v7e-m\libc.a(lib_a-init.o)
 .ARM.attributes
                0x0000033c       0x2e c:/program files (x86)/atmel/studio/7.0/toolchain/arm/arm-gnu-toolchain/bin/../lib/gcc/arm-none-eabi/6.3.1/../../../../arm-none-eabi/lib/thumb/v7e-m\libc.a(lib_a-__call_atexit.o)
 .ARM.attributes
                0x0000036a       0x2e c:/program files (x86)/atmel/studio/7.0/toolchain/arm/arm-gnu-toolchain/bin/../lib/gcc/arm-none-eabi/6.3.1/../../../../arm-none-eabi/lib/thumb/v7e-m\libc.a(lib_a-atexit.o)
 .ARM.attributes
                0x00000398       0x2e c:/program files (x86)/atmel/studio/7.0/toolchain/arm/arm-gnu-toolchain/bin/../lib/gcc/arm-none-eabi/6.3.1/../../../../arm-none-eabi/lib/thumb/v7e-m\libc.a(lib_a-fini.o)
 .ARM.attributes
                0x000003c6       0x2e c:/program files (x86)/atmel/studio/7.0/toolchain/arm/arm-gnu-toolchain/bin/../lib/gcc/arm-none-eabi/6.3.1/../../../../arm-none-eabi/lib/thumb/v7e-m\libc.a(lib_a-lock.o)
 .ARM.attributes
                0x000003f4       0x2e c:/program files (x86)/atmel/studio/7.0/toolchain/arm/arm-gnu-toolchain/bin/../lib/gcc/arm-none-eabi/6.3.1/../../../../arm-none-eabi/lib/thumb/v7e-m\libc.a(lib_a-__atexit.o)
 .ARM.attributes
                0x00000422       0x1e c:/program files (x86)/atmel/studio/7.0/toolchain/arm/arm-gnu-toolchain/bin/../lib/gcc/arm-none-eabi/6.3.1/thumb/v7e-m/crtn.o

.comment        0x00000000       0x59
 .comment       0x00000000       0x59 src/main.o
                                 0x5a (size before relaxing)
 .comment       0x00000059       0x5a src/ASF/common/services/spi/sam_spi/spi_master.o
 .comment       0x00000059       0x5a src/ASF/sam/components/display/ili9488/ili9488.o
 .comment       0x00000059       0x5a src/ASF/sam/drivers/spi/spi.o
 .comment       0x00000059       0x5a src/ASF/common/services/clock/same70/sysclk.o
 .comment       0x00000059       0x5a src/ASF/common/utils/interrupt/interrupt_sam_nvic.o
 .comment       0x00000059       0x5a src/ASF/sam/boards/same70_xplained/init.o
 .comment       0x00000059       0x5a src/ASF/sam/drivers/pio/pio.o
 .comment       0x00000059       0x5a src/ASF/sam/drivers/pio/pio_handler.o
 .comment       0x00000059       0x5a src/ASF/sam/drivers/pmc/pmc.o
 .comment       0x00000059       0x5a src/ASF/sam/utils/cmsis/same70/source/templates/gcc/startup_same70.o
 .comment       0x00000059       0x5a src/ASF/sam/utils/cmsis/same70/source/templates/system_same70.o

.debug_info     0x00000000    0x1166c
 .debug_info    0x00000000     0x2291 src/main.o
 .debug_info    0x00002291     0x143e src/ASF/common/services/spi/sam_spi/spi_master.o
 .debug_info    0x000036cf     0x208c src/ASF/sam/components/display/ili9488/ili9488.o
 .debug_info    0x0000575b     0x1123 src/ASF/sam/drivers/spi/spi.o
 .debug_info    0x0000687e     0x1311 src/ASF/common/services/clock/same70/sysclk.o
 .debug_info    0x00007b8f      0xb06 src/ASF/common/utils/interrupt/interrupt_sam_nvic.o
 .debug_info    0x00008695     0x1dad src/ASF/sam/boards/same70_xplained/init.o
 .debug_info    0x0000a442     0x1ce3 src/ASF/sam/drivers/pio/pio.o
 .debug_info    0x0000c125     0x1a74 src/ASF/sam/drivers/pio/pio_handler.o
 .debug_info    0x0000db99     0x1eed src/ASF/sam/drivers/pmc/pmc.o
 .debug_info    0x0000fa86     0x1612 src/ASF/sam/utils/cmsis/same70/source/templates/gcc/startup_same70.o
 .debug_info    0x00011098      0x5d4 src/ASF/sam/utils/cmsis/same70/source/templates/system_same70.o

.debug_abbrev   0x00000000     0x1fcc
 .debug_abbrev  0x00000000      0x24f src/main.o
 .debug_abbrev  0x0000024f      0x305 src/ASF/common/services/spi/sam_spi/spi_master.o
 .debug_abbrev  0x00000554      0x2f4 src/ASF/sam/components/display/ili9488/ili9488.o
 .debug_abbrev  0x00000848      0x2cf src/ASF/sam/drivers/spi/spi.o
 .debug_abbrev  0x00000b17      0x296 src/ASF/common/services/clock/same70/sysclk.o
 .debug_abbrev  0x00000dad      0x214 src/ASF/common/utils/interrupt/interrupt_sam_nvic.o
 .debug_abbrev  0x00000fc1      0x3f4 src/ASF/sam/boards/same70_xplained/init.o
 .debug_abbrev  0x000013b5      0x296 src/ASF/sam/drivers/pio/pio.o
 .debug_abbrev  0x0000164b      0x2c9 src/ASF/sam/drivers/pio/pio_handler.o
 .debug_abbrev  0x00001914      0x2ce src/ASF/sam/drivers/pmc/pmc.o
 .debug_abbrev  0x00001be2      0x2e8 src/ASF/sam/utils/cmsis/same70/source/templates/gcc/startup_same70.o
 .debug_abbrev  0x00001eca      0x102 src/ASF/sam/utils/cmsis/same70/source/templates/system_same70.o

.debug_loc      0x00000000     0x5304
 .debug_loc     0x00000000       0xb4 src/main.o
 .debug_loc     0x000000b4      0x830 src/ASF/common/services/spi/sam_spi/spi_master.o
 .debug_loc     0x000008e4      0xd20 src/ASF/sam/components/display/ili9488/ili9488.o
 .debug_loc     0x00001604      0x630 src/ASF/sam/drivers/spi/spi.o
 .debug_loc     0x00001c34      0x4a0 src/ASF/common/services/clock/same70/sysclk.o
 .debug_loc     0x000020d4       0xa0 src/ASF/common/utils/interrupt/interrupt_sam_nvic.o
 .debug_loc     0x00002174      0x2fc src/ASF/sam/boards/same70_xplained/init.o
 .debug_loc     0x00002470     0x1174 src/ASF/sam/drivers/pio/pio.o
 .debug_loc     0x000035e4      0x38c src/ASF/sam/drivers/pio/pio_handler.o
 .debug_loc     0x00003970     0x1744 src/ASF/sam/drivers/pmc/pmc.o
 .debug_loc     0x000050b4      0x16c src/ASF/sam/utils/cmsis/same70/source/templates/gcc/startup_same70.o
 .debug_loc     0x00005220       0xe4 src/ASF/sam/utils/cmsis/same70/source/templates/system_same70.o

.debug_aranges  0x00000000      0x930
 .debug_aranges
                0x00000000       0x30 src/main.o
 .debug_aranges
                0x00000030       0xe0 src/ASF/common/services/spi/sam_spi/spi_master.o
 .debug_aranges
                0x00000110      0x168 src/ASF/sam/components/display/ili9488/ili9488.o
 .debug_aranges
                0x00000278       0xa8 src/ASF/sam/drivers/spi/spi.o
 .debug_aranges
                0x00000320       0x98 src/ASF/common/services/clock/same70/sysclk.o
 .debug_aranges
                0x000003b8       0x28 src/ASF/common/utils/interrupt/interrupt_sam_nvic.o
 .debug_aranges
                0x000003e0       0x68 src/ASF/sam/boards/same70_xplained/init.o
 .debug_aranges
                0x00000448      0x1a8 src/ASF/sam/drivers/pio/pio.o
 .debug_aranges
                0x000005f0       0x80 src/ASF/sam/drivers/pio/pio_handler.o
 .debug_aranges
                0x00000670      0x250 src/ASF/sam/drivers/pmc/pmc.o
 .debug_aranges
                0x000008c0       0x40 src/ASF/sam/utils/cmsis/same70/source/templates/gcc/startup_same70.o
 .debug_aranges
                0x00000900       0x30 src/ASF/sam/utils/cmsis/same70/source/templates/system_same70.o

.debug_ranges   0x00000000      0x8e8
 .debug_ranges  0x00000000       0x20 src/main.o
 .debug_ranges  0x00000020       0xd0 src/ASF/common/services/spi/sam_spi/spi_master.o
 .debug_ranges  0x000000f0      0x158 src/ASF/sam/components/display/ili9488/ili9488.o
 .debug_ranges  0x00000248       0x98 src/ASF/sam/drivers/spi/spi.o
 .debug_ranges  0x000002e0       0x88 src/ASF/common/services/clock/same70/sysclk.o
 .debug_ranges  0x00000368       0x18 src/ASF/common/utils/interrupt/interrupt_sam_nvic.o
 .debug_ranges  0x00000380       0xd0 src/ASF/sam/boards/same70_xplained/init.o
 .debug_ranges  0x00000450      0x198 src/ASF/sam/drivers/pio/pio.o
 .debug_ranges  0x000005e8       0x70 src/ASF/sam/drivers/pio/pio_handler.o
 .debug_ranges  0x00000658      0x240 src/ASF/sam/drivers/pmc/pmc.o
 .debug_ranges  0x00000898       0x30 src/ASF/sam/utils/cmsis/same70/source/templates/gcc/startup_same70.o
 .debug_ranges  0x000008c8       0x20 src/ASF/sam/utils/cmsis/same70/source/templates/system_same70.o

.debug_macro    0x00000000    0x1f0e7
 .debug_macro   0x00000000      0x7e2 src/main.o
 .debug_macro   0x000007e2      0x8d4 src/main.o
 .debug_macro   0x000010b6      0x16d src/main.o
 .debug_macro   0x00001223      0x6d7 src/main.o
 .debug_macro   0x000018fa       0x76 src/main.o
 .debug_macro   0x00001970       0x16 src/main.o
 .debug_macro   0x00001986      0x6da src/main.o
 .debug_macro   0x00002060       0x22 src/main.o
 .debug_macro   0x00002082       0x87 src/main.o
 .debug_macro   0x00002109       0x51 src/main.o
 .debug_macro   0x0000215a       0xef src/main.o
 .debug_macro   0x00002249       0x6a src/main.o
 .debug_macro   0x000022b3      0x1df src/main.o
 .debug_macro   0x00002492       0x51 src/main.o
 .debug_macro   0x000024e3       0x3b src/main.o
 .debug_macro   0x0000251e       0x2d src/main.o
 .debug_macro   0x0000254b       0x26 src/main.o
 .debug_macro   0x00002571      0xf9a src/main.o
 .debug_macro   0x0000350b      0x191 src/main.o
 .debug_macro   0x0000369c      0x2ee src/main.o
 .debug_macro   0x0000398a      0xa23 src/main.o
 .debug_macro   0x000043ad      0x1b4 src/main.o
 .debug_macro   0x00004561      0x35f src/main.o
 .debug_macro   0x000048c0      0x15a src/main.o
 .debug_macro   0x00004a1a     0x18b3 src/main.o
 .debug_macro   0x000062cd       0x1c src/main.o
 .debug_macro   0x000062e9      0x6a2 src/main.o
 .debug_macro   0x0000698b      0x27f src/main.o
 .debug_macro   0x00006c0a      0x3ba src/main.o
 .debug_macro   0x00006fc4      0x4f0 src/main.o
 .debug_macro   0x000074b4      0x5cb src/main.o
 .debug_macro   0x00007a7f     0x1527 src/main.o
 .debug_macro   0x00008fa6     0x2a40 src/main.o
 .debug_macro   0x0000b9e6     0x113e src/main.o
 .debug_macro   0x0000cb24      0xcdb src/main.o
 .debug_macro   0x0000d7ff      0x3c6 src/main.o
 .debug_macro   0x0000dbc5       0xa0 src/main.o
 .debug_macro   0x0000dc65       0x76 src/main.o
 .debug_macro   0x0000dcdb      0x442 src/main.o
 .debug_macro   0x0000e11d       0x64 src/main.o
 .debug_macro   0x0000e181      0x299 src/main.o
 .debug_macro   0x0000e41a      0x201 src/main.o
 .debug_macro   0x0000e61b      0x280 src/main.o
 .debug_macro   0x0000e89b      0x539 src/main.o
 .debug_macro   0x0000edd4      0x64f src/main.o
 .debug_macro   0x0000f423      0x6cc src/main.o
 .debug_macro   0x0000faef       0x64 src/main.o
 .debug_macro   0x0000fb53      0x4c4 src/main.o
 .debug_macro   0x00010017      0x237 src/main.o
 .debug_macro   0x0001024e      0xa06 src/main.o
 .debug_macro   0x00010c54     0x14ec src/main.o
 .debug_macro   0x00012140       0x40 src/main.o
 .debug_macro   0x00012180       0x76 src/main.o
 .debug_macro   0x000121f6      0xdd1 src/main.o
 .debug_macro   0x00012fc7       0x88 src/main.o
 .debug_macro   0x0001304f       0x7c src/main.o
 .debug_macro   0x000130cb       0x52 src/main.o
 .debug_macro   0x0001311d      0x133 src/main.o
 .debug_macro   0x00013250      0x133 src/main.o
 .debug_macro   0x00013383      0x133 src/main.o
 .debug_macro   0x000134b6       0x76 src/main.o
 .debug_macro   0x0001352c       0x76 src/main.o
 .debug_macro   0x000135a2      0x2fe src/main.o
 .debug_macro   0x000138a0       0xca src/main.o
 .debug_macro   0x0001396a       0xca src/main.o
 .debug_macro   0x00013a34       0xca src/main.o
 .debug_macro   0x00013afe      0x13b src/main.o
 .debug_macro   0x00013c39      0x13b src/main.o
 .debug_macro   0x00013d74      0x2cd src/main.o
 .debug_macro   0x00014041       0xbe src/main.o
 .debug_macro   0x000140ff       0x64 src/main.o
 .debug_macro   0x00014163       0x46 src/main.o
 .debug_macro   0x000141a9       0x64 src/main.o
 .debug_macro   0x0001420d       0xa6 src/main.o
 .debug_macro   0x000142b3      0x4b7 src/main.o
 .debug_macro   0x0001476a      0x133 src/main.o
 .debug_macro   0x0001489d       0x52 src/main.o
 .debug_macro   0x000148ef      0x2fe src/main.o
 .debug_macro   0x00014bed       0x76 src/main.o
 .debug_macro   0x00014c63       0xbe src/main.o
 .debug_macro   0x00014d21       0x70 src/main.o
 .debug_macro   0x00014d91       0x34 src/main.o
 .debug_macro   0x00014dc5      0x9b8 src/main.o
 .debug_macro   0x0001577d       0x70 src/main.o
 .debug_macro   0x000157ed       0x8e src/main.o
 .debug_macro   0x0001587b       0x5e src/main.o
 .debug_macro   0x000158d9       0xfa src/main.o
 .debug_macro   0x000159d3       0x4c src/main.o
 .debug_macro   0x00015a1f       0x4c src/main.o
 .debug_macro   0x00015a6b       0x16 src/main.o
 .debug_macro   0x00015a81       0xfa src/main.o
 .debug_macro   0x00015b7b       0x52 src/main.o
 .debug_macro   0x00015bcd       0x16 src/main.o
 .debug_macro   0x00015be3       0x52 src/main.o
 .debug_macro   0x00015c35       0x2e src/main.o
 .debug_macro   0x00015c63      0x1b3 src/main.o
 .debug_macro   0x00015e16      0x1b3 src/main.o
 .debug_macro   0x00015fc9      0x1b3 src/main.o
 .debug_macro   0x0001617c      0x1b3 src/main.o
 .debug_macro   0x0001632f      0x1b3 src/main.o
 .debug_macro   0x000164e2       0x1c src/main.o
 .debug_macro   0x000164fe       0x34 src/main.o
 .debug_macro   0x00016532       0x22 src/main.o
 .debug_macro   0x00016554       0x1c src/main.o
 .debug_macro   0x00016570       0x5e src/main.o
 .debug_macro   0x000165ce       0x10 src/main.o
 .debug_macro   0x000165de       0x1c src/main.o
 .debug_macro   0x000165fa       0x52 src/main.o
 .debug_macro   0x0001664c       0x52 src/main.o
 .debug_macro   0x0001669e       0x52 src/main.o
 .debug_macro   0x000166f0      0x33e src/main.o
 .debug_macro   0x00016a2e     0x10ab src/main.o
 .debug_macro   0x00017ad9      0x107 src/main.o
 .debug_macro   0x00017be0       0x58 src/main.o
 .debug_macro   0x00017c38       0x35 src/main.o
 .debug_macro   0x00017c6d       0x9c src/main.o
 .debug_macro   0x00017d09       0x16 src/main.o
 .debug_macro   0x00017d1f       0x35 src/main.o
 .debug_macro   0x00017d54      0x353 src/main.o
 .debug_macro   0x000180a7       0x10 src/main.o
 .debug_macro   0x000180b7       0x58 src/main.o
 .debug_macro   0x0001810f       0x1f src/main.o
 .debug_macro   0x0001812e       0x43 src/main.o
 .debug_macro   0x00018171       0x20 src/main.o
 .debug_macro   0x00018191      0x187 src/main.o
 .debug_macro   0x00018318       0x10 src/main.o
 .debug_macro   0x00018328       0x1c src/main.o
 .debug_macro   0x00018344       0x52 src/main.o
 .debug_macro   0x00018396       0x40 src/main.o
 .debug_macro   0x000183d6       0x10 src/main.o
 .debug_macro   0x000183e6       0x40 src/main.o
 .debug_macro   0x00018426       0xd7 src/main.o
 .debug_macro   0x000184fd       0x16 src/main.o
 .debug_macro   0x00018513      0x18b src/main.o
 .debug_macro   0x0001869e       0x22 src/main.o
 .debug_macro   0x000186c0       0x16 src/main.o
 .debug_macro   0x000186d6       0x16 src/main.o
 .debug_macro   0x000186ec       0x29 src/main.o
 .debug_macro   0x00018715       0x73 src/main.o
 .debug_macro   0x00018788       0x3e src/main.o
 .debug_macro   0x000187c6      0x3ca src/main.o
 .debug_macro   0x00018b90       0x3a src/main.o
 .debug_macro   0x00018bca      0x2c3 src/main.o
 .debug_macro   0x00018e8d      0xa91 src/main.o
 .debug_macro   0x0001991e       0x70 src/main.o
 .debug_macro   0x0001998e       0x64 src/main.o
 .debug_macro   0x000199f2       0x5f src/main.o
 .debug_macro   0x00019a51       0xac src/main.o
 .debug_macro   0x00019afd       0x28 src/main.o
 .debug_macro   0x00019b25       0x22 src/main.o
 .debug_macro   0x00019b47       0x16 src/main.o
 .debug_macro   0x00019b5d      0x41e src/main.o
 .debug_macro   0x00019f7b       0x94 src/main.o
 .debug_macro   0x0001a00f       0x40 src/main.o
 .debug_macro   0x0001a04f       0x88 src/main.o
 .debug_macro   0x0001a0d7      0x1c8 src/main.o
 .debug_macro   0x0001a29f       0x34 src/main.o
 .debug_macro   0x0001a2d3       0x16 src/main.o
 .debug_macro   0x0001a2e9       0x1c src/main.o
 .debug_macro   0x0001a305       0x16 src/main.o
 .debug_macro   0x0001a31b       0x28 src/main.o
 .debug_macro   0x0001a343       0x2e src/main.o
 .debug_macro   0x0001a371      0x733 src/ASF/common/services/spi/sam_spi/spi_master.o
 .debug_macro   0x0001aaa4      0x772 src/ASF/sam/components/display/ili9488/ili9488.o
 .debug_macro   0x0001b216       0x16 src/ASF/sam/components/display/ili9488/ili9488.o
 .debug_macro   0x0001b22c       0x16 src/ASF/sam/components/display/ili9488/ili9488.o
 .debug_macro   0x0001b242      0x6fb src/ASF/sam/drivers/spi/spi.o
 .debug_macro   0x0001b93d       0x10 src/ASF/sam/drivers/spi/spi.o
 .debug_macro   0x0001b94d      0x6f2 src/ASF/common/services/clock/same70/sysclk.o
 .debug_macro   0x0001c03f      0x2bd src/ASF/common/services/clock/same70/sysclk.o
 .debug_macro   0x0001c2fc      0x676 src/ASF/common/utils/interrupt/interrupt_sam_nvic.o
 .debug_macro   0x0001c972      0x72e src/ASF/sam/boards/same70_xplained/init.o
 .debug_macro   0x0001d0a0       0x16 src/ASF/sam/boards/same70_xplained/init.o
 .debug_macro   0x0001d0b6       0x82 src/ASF/sam/boards/same70_xplained/init.o
 .debug_macro   0x0001d138      0x68c src/ASF/sam/drivers/pio/pio.o
 .debug_macro   0x0001d7c4       0x8e src/ASF/sam/drivers/pio/pio.o
 .debug_macro   0x0001d852      0x697 src/ASF/sam/drivers/pio/pio_handler.o
 .debug_macro   0x0001dee9      0x68c src/ASF/sam/drivers/pmc/pmc.o
 .debug_macro   0x0001e575       0x6a src/ASF/sam/drivers/pmc/pmc.o
 .debug_macro   0x0001e5df      0x685 src/ASF/sam/utils/cmsis/same70/source/templates/gcc/startup_same70.o
 .debug_macro   0x0001ec64       0x10 src/ASF/sam/utils/cmsis/same70/source/templates/gcc/startup_same70.o
 .debug_macro   0x0001ec74      0x473 src/ASF/sam/utils/cmsis/same70/source/templates/system_same70.o

.debug_line     0x00000000     0x9ca9
 .debug_line    0x00000000      0xe05 src/main.o
 .debug_line    0x00000e05      0xdd7 src/ASF/common/services/spi/sam_spi/spi_master.o
 .debug_line    0x00001bdc     0x1216 src/ASF/sam/components/display/ili9488/ili9488.o
 .debug_line    0x00002df2      0xcbe src/ASF/sam/drivers/spi/spi.o
 .debug_line    0x00003ab0      0xc89 src/ASF/common/services/clock/same70/sysclk.o
 .debug_line    0x00004739      0xa2a src/ASF/common/utils/interrupt/interrupt_sam_nvic.o
 .debug_line    0x00005163      0xd9a src/ASF/sam/boards/same70_xplained/init.o
 .debug_line    0x00005efd      0xe39 src/ASF/sam/drivers/pio/pio.o
 .debug_line    0x00006d36      0xb3a src/ASF/sam/drivers/pio/pio_handler.o
 .debug_line    0x00007870     0x1116 src/ASF/sam/drivers/pmc/pmc.o
 .debug_line    0x00008986      0xae2 src/ASF/sam/utils/cmsis/same70/source/templates/gcc/startup_same70.o
 .debug_line    0x00009468      0x841 src/ASF/sam/utils/cmsis/same70/source/templates/system_same70.o

.debug_str      0x00000000    0x93685
 .debug_str     0x00000000    0x90030 src/main.o
                              0x9103a (size before relaxing)
 .debug_str     0x00090030      0x668 src/ASF/common/services/spi/sam_spi/spi_master.o
                              0x8cf3d (size before relaxing)
 .debug_str     0x00090698      0x6f6 src/ASF/sam/components/display/ili9488/ili9488.o
                              0x8eb15 (size before relaxing)
 .debug_str     0x00090d8e      0x224 src/ASF/sam/drivers/spi/spi.o
                              0x8cb4a (size before relaxing)
 .debug_str     0x00090fb2      0x4b6 src/ASF/common/services/clock/same70/sysclk.o
                              0x8cc45 (size before relaxing)
 .debug_str     0x00091468       0x94 src/ASF/common/utils/interrupt/interrupt_sam_nvic.o
                              0x88552 (size before relaxing)
 .debug_str     0x000914fc      0x8e6 src/ASF/sam/boards/same70_xplained/init.o
                              0x8d704 (size before relaxing)
 .debug_str     0x00091de2      0x540 src/ASF/sam/drivers/pio/pio.o
                              0x890b4 (size before relaxing)
 .debug_str     0x00092322      0x4dc src/ASF/sam/drivers/pio/pio_handler.o
                              0x8927b (size before relaxing)
 .debug_str     0x000927fe      0x63d src/ASF/sam/drivers/pmc/pmc.o
                              0x89243 (size before relaxing)
 .debug_str     0x00092e3b      0x713 src/ASF/sam/utils/cmsis/same70/source/templates/gcc/startup_same70.o
                              0x88deb (size before relaxing)
 .debug_str     0x0009354e      0x137 src/ASF/sam/utils/cmsis/same70/source/templates/system_same70.o
                              0x7848b (size before relaxing)

.debug_frame    0x00000000     0x2838
 .debug_frame   0x00000000       0x78 src/main.o
 .debug_frame   0x00000078      0x3c0 src/ASF/common/services/spi/sam_spi/spi_master.o
 .debug_frame   0x00000438      0x63c src/ASF/sam/components/display/ili9488/ili9488.o
 .debug_frame   0x00000a74      0x2c8 src/ASF/sam/drivers/spi/spi.o
 .debug_frame   0x00000d3c      0x240 src/ASF/common/services/clock/same70/sysclk.o
 .debug_frame   0x00000f7c       0x58 src/ASF/common/utils/interrupt/interrupt_sam_nvic.o
 .debug_frame   0x00000fd4      0x178 src/ASF/sam/boards/same70_xplained/init.o
 .debug_frame   0x0000114c      0x7c0 src/ASF/sam/drivers/pio/pio.o
 .debug_frame   0x0000190c      0x1d0 src/ASF/sam/drivers/pio/pio_handler.o
 .debug_frame   0x00001adc      0xa68 src/ASF/sam/drivers/pmc/pmc.o
 .debug_frame   0x00002544       0xbc src/ASF/sam/utils/cmsis/same70/source/templates/gcc/startup_same70.o
 .debug_frame   0x00002600       0x78 src/ASF/sam/utils/cmsis/same70/source/templates/system_same70.o
 .debug_frame   0x00002678       0x2c c:/program files (x86)/atmel/studio/7.0/toolchain/arm/arm-gnu-toolchain/bin/../lib/gcc/arm-none-eabi/6.3.1/../../../../arm-none-eabi/lib/thumb/v7e-m\libc.a(lib_a-init.o)
 .debug_frame   0x000026a4       0x5c c:/program files (x86)/atmel/studio/7.0/toolchain/arm/arm-gnu-toolchain/bin/../lib/gcc/arm-none-eabi/6.3.1/../../../../arm-none-eabi/lib/thumb/v7e-m\libc.a(lib_a-__call_atexit.o)
 .debug_frame   0x00002700       0x20 c:/program files (x86)/atmel/studio/7.0/toolchain/arm/arm-gnu-toolchain/bin/../lib/gcc/arm-none-eabi/6.3.1/../../../../arm-none-eabi/lib/thumb/v7e-m\libc.a(lib_a-atexit.o)
 .debug_frame   0x00002720       0x34 c:/program files (x86)/atmel/studio/7.0/toolchain/arm/arm-gnu-toolchain/bin/../lib/gcc/arm-none-eabi/6.3.1/../../../../arm-none-eabi/lib/thumb/v7e-m\libc.a(lib_a-fini.o)
 .debug_frame   0x00002754       0xb0 c:/program files (x86)/atmel/studio/7.0/toolchain/arm/arm-gnu-toolchain/bin/../lib/gcc/arm-none-eabi/6.3.1/../../../../arm-none-eabi/lib/thumb/v7e-m\libc.a(lib_a-lock.o)
 .debug_frame   0x00002804       0x34 c:/program files (x86)/atmel/studio/7.0/toolchain/arm/arm-gnu-toolchain/bin/../lib/gcc/arm-none-eabi/6.3.1/../../../../arm-none-eabi/lib/thumb/v7e-m\libc.a(lib_a-__atexit.o)

Cross Reference Table

Symbol                                            File
ACC_Handler                                       src/ASF/sam/utils/cmsis/same70/source/templates/gcc/startup_same70.o
AES_Handler                                       src/ASF/sam/utils/cmsis/same70/source/templates/gcc/startup_same70.o
AFEC0_Handler                                     src/ASF/sam/utils/cmsis/same70/source/templates/gcc/startup_same70.o
AFEC1_Handler                                     src/ASF/sam/utils/cmsis/same70/source/templates/gcc/startup_same70.o
BusFault_Handler                                  src/ASF/sam/utils/cmsis/same70/source/templates/gcc/startup_same70.o
CCF_Handler                                       src/ASF/sam/utils/cmsis/same70/source/templates/gcc/startup_same70.o
CCW_Handler                                       src/ASF/sam/utils/cmsis/same70/source/templates/gcc/startup_same70.o
DACC_Handler                                      src/ASF/sam/utils/cmsis/same70/source/templates/gcc/startup_same70.o
DebugMon_Handler                                  src/ASF/sam/utils/cmsis/same70/source/templates/gcc/startup_same70.o
Dummy_Handler                                     src/ASF/sam/utils/cmsis/same70/source/templates/gcc/startup_same70.o
EFC_Handler                                       src/ASF/sam/utils/cmsis/same70/source/templates/gcc/startup_same70.o
FPU_Handler                                       src/ASF/sam/utils/cmsis/same70/source/templates/gcc/startup_same70.o
GMAC_Handler                                      src/ASF/sam/utils/cmsis/same70/source/templates/gcc/startup_same70.o
GMAC_Q1_Handler                                   src/ASF/sam/utils/cmsis/same70/source/templates/gcc/startup_same70.o
GMAC_Q2_Handler                                   src/ASF/sam/utils/cmsis/same70/source/templates/gcc/startup_same70.o
GMAC_Q3_Handler                                   src/ASF/sam/utils/cmsis/same70/source/templates/gcc/startup_same70.o
GMAC_Q4_Handler                                   src/ASF/sam/utils/cmsis/same70/source/templates/gcc/startup_same70.o
GMAC_Q5_Handler                                   src/ASF/sam/utils/cmsis/same70/source/templates/gcc/startup_same70.o
HSMCI_Handler                                     src/ASF/sam/utils/cmsis/same70/source/templates/gcc/startup_same70.o
HardFault_Handler                                 src/ASF/sam/utils/cmsis/same70/source/templates/gcc/startup_same70.o
I2SC0_Handler                                     src/ASF/sam/utils/cmsis/same70/source/templates/gcc/startup_same70.o
I2SC1_Handler                                     src/ASF/sam/utils/cmsis/same70/source/templates/gcc/startup_same70.o
ICM_Handler                                       src/ASF/sam/utils/cmsis/same70/source/templates/gcc/startup_same70.o
ISI_Handler                                       src/ASF/sam/utils/cmsis/same70/source/templates/gcc/startup_same70.o
IXC_Handler                                       src/ASF/sam/utils/cmsis/same70/source/templates/gcc/startup_same70.o
MCAN0_INT0_Handler                                src/ASF/sam/utils/cmsis/same70/source/templates/gcc/startup_same70.o
MCAN0_INT1_Handler                                src/ASF/sam/utils/cmsis/same70/source/templates/gcc/startup_same70.o
MCAN1_INT0_Handler                                src/ASF/sam/utils/cmsis/same70/source/templates/gcc/startup_same70.o
MCAN1_INT1_Handler                                src/ASF/sam/utils/cmsis/same70/source/templates/gcc/startup_same70.o
MemManage_Handler                                 src/ASF/sam/utils/cmsis/same70/source/templates/gcc/startup_same70.o
NMI_Handler                                       src/ASF/sam/utils/cmsis/same70/source/templates/gcc/startup_same70.o
PIOA_Handler                                      src/ASF/sam/drivers/pio/pio_handler.o
PIOB_Handler                                      src/ASF/sam/drivers/pio/pio_handler.o
PIOC_Handler                                      src/ASF/sam/drivers/pio/pio_handler.o
PIOD_Handler                                      src/ASF/sam/drivers/pio/pio_handler.o
PIOE_Handler                                      src/ASF/sam/drivers/pio/pio_handler.o
PMC_Handler                                       src/ASF/sam/utils/cmsis/same70/source/templates/gcc/startup_same70.o
PWM0_Handler                                      src/ASF/sam/utils/cmsis/same70/source/templates/gcc/startup_same70.o
PWM1_Handler                                      src/ASF/sam/utils/cmsis/same70/source/templates/gcc/startup_same70.o
PendSV_Handler                                    src/ASF/sam/utils/cmsis/same70/source/templates/gcc/startup_same70.o
QSPI_Handler                                      src/ASF/sam/utils/cmsis/same70/source/templates/gcc/startup_same70.o
RSTC_Handler                                      src/ASF/sam/utils/cmsis/same70/source/templates/gcc/startup_same70.o
RSWDT_Handler                                     src/ASF/sam/utils/cmsis/same70/source/templates/gcc/startup_same70.o
RTC_Handler                                       src/ASF/sam/utils/cmsis/same70/source/templates/gcc/startup_same70.o
RTT_Handler                                       src/ASF/sam/utils/cmsis/same70/source/templates/gcc/startup_same70.o
Reset_Handler                                     src/ASF/sam/utils/cmsis/same70/source/templates/gcc/startup_same70.o
SDRAMC_Handler                                    src/ASF/sam/utils/cmsis/same70/source/templates/gcc/startup_same70.o
SPI0_Handler                                      src/ASF/sam/utils/cmsis/same70/source/templates/gcc/startup_same70.o
SPI1_Handler                                      src/ASF/sam/utils/cmsis/same70/source/templates/gcc/startup_same70.o
SSC_Handler                                       src/ASF/sam/utils/cmsis/same70/source/templates/gcc/startup_same70.o
SUPC_Handler                                      src/ASF/sam/utils/cmsis/same70/source/templates/gcc/startup_same70.o
SVC_Handler                                       src/ASF/sam/utils/cmsis/same70/source/templates/gcc/startup_same70.o
SysTick_Handler                                   src/ASF/sam/utils/cmsis/same70/source/templates/gcc/startup_same70.o
SystemCoreClock                                   src/ASF/sam/utils/cmsis/same70/source/templates/system_same70.o
SystemCoreClockUpdate                             src/ASF/sam/utils/cmsis/same70/source/templates/system_same70.o
                                                  src/ASF/common/services/clock/same70/sysclk.o
SystemInit                                        src/ASF/sam/utils/cmsis/same70/source/templates/system_same70.o
TC0_Handler                                       src/ASF/sam/utils/cmsis/same70/source/templates/gcc/startup_same70.o
TC10_Handler                                      src/ASF/sam/utils/cmsis/same70/source/templates/gcc/startup_same70.o
TC11_Handler                                      src/ASF/sam/utils/cmsis/same70/source/templates/gcc/startup_same70.o
TC1_Handler                                       src/ASF/sam/utils/cmsis/same70/source/templates/gcc/startup_same70.o
TC2_Handler                                       src/ASF/sam/utils/cmsis/same70/source/templates/gcc/startup_same70.o
TC3_Handler                                       src/ASF/sam/utils/cmsis/same70/source/templates/gcc/startup_same70.o
TC4_Handler                                       src/ASF/sam/utils/cmsis/same70/source/templates/gcc/startup_same70.o
TC5_Handler                                       src/ASF/sam/utils/cmsis/same70/source/templates/gcc/startup_same70.o
TC6_Handler                                       src/ASF/sam/utils/cmsis/same70/source/templates/gcc/startup_same70.o
TC7_Handler                                       src/ASF/sam/utils/cmsis/same70/source/templates/gcc/startup_same70.o
TC8_Handler                                       src/ASF/sam/utils/cmsis/same70/source/templates/gcc/startup_same70.o
TC9_Handler                                       src/ASF/sam/utils/cmsis/same70/source/templates/gcc/startup_same70.o
TRNG_Handler                                      src/ASF/sam/utils/cmsis/same70/source/templates/gcc/startup_same70.o
TWIHS0_Handler                                    src/ASF/sam/utils/cmsis/same70/source/templates/gcc/startup_same70.o
TWIHS1_Handler                                    src/ASF/sam/utils/cmsis/same70/source/templates/gcc/startup_same70.o
TWIHS2_Handler                                    src/ASF/sam/utils/cmsis/same70/source/templates/gcc/startup_same70.o
UART0_Handler                                     src/ASF/sam/utils/cmsis/same70/source/templates/gcc/startup_same70.o
UART1_Handler                                     src/ASF/sam/utils/cmsis/same70/source/templates/gcc/startup_same70.o
UART2_Handler                                     src/ASF/sam/utils/cmsis/same70/source/templates/gcc/startup_same70.o
UART3_Handler                                     src/ASF/sam/utils/cmsis/same70/source/templates/gcc/startup_same70.o
UART4_Handler                                     src/ASF/sam/utils/cmsis/same70/source/templates/gcc/startup_same70.o
USART0_Handler                                    src/ASF/sam/utils/cmsis/same70/source/templates/gcc/startup_same70.o
USART1_Handler                                    src/ASF/sam/utils/cmsis/same70/source/templates/gcc/startup_same70.o
USART2_Handler                                    src/ASF/sam/utils/cmsis/same70/source/templates/gcc/startup_same70.o
USBHS_Handler                                     src/ASF/sam/utils/cmsis/same70/source/templates/gcc/startup_same70.o
UsageFault_Handler                                src/ASF/sam/utils/cmsis/same70/source/templates/gcc/startup_same70.o
WDT_Handler                                       src/ASF/sam/utils/cmsis/same70/source/templates/gcc/startup_same70.o
XDMAC_Handler                                     src/ASF/sam/utils/cmsis/same70/source/templates/gcc/startup_same70.o
_Jv_RegisterClasses                               c:/program files (x86)/atmel/studio/7.0/toolchain/arm/arm-gnu-toolchain/bin/../lib/gcc/arm-none-eabi/6.3.1/thumb/v7e-m/crtbegin.o
__atexit_recursive_mutex                          c:/program files (x86)/atmel/studio/7.0/toolchain/arm/arm-gnu-toolchain/bin/../lib/gcc/arm-none-eabi/6.3.1/../../../../arm-none-eabi/lib/thumb/v7e-m\libc.a(lib_a-__call_atexit.o)
                                                  c:/program files (x86)/atmel/studio/7.0/toolchain/arm/arm-gnu-toolchain/bin/../lib/gcc/arm-none-eabi/6.3.1/../../../../arm-none-eabi/lib/thumb/v7e-m\libc.a(lib_a-__atexit.o)
__bss_end__                                       c:/program files (x86)/atmel/studio/7.0/toolchain/arm/arm-gnu-toolchain/bin/../lib/gcc/arm-none-eabi/6.3.1/../../../../arm-none-eabi/lib/thumb/v7e-m/crt0.o
__bss_start__                                     c:/program files (x86)/atmel/studio/7.0/toolchain/arm/arm-gnu-toolchain/bin/../lib/gcc/arm-none-eabi/6.3.1/../../../../arm-none-eabi/lib/thumb/v7e-m/crt0.o
__call_exitprocs                                  c:/program files (x86)/atmel/studio/7.0/toolchain/arm/arm-gnu-toolchain/bin/../lib/gcc/arm-none-eabi/6.3.1/../../../../arm-none-eabi/lib/thumb/v7e-m\libc.a(lib_a-__call_atexit.o)